<!doctype html public "-//w3c//dtd html 4.0 transitional//en">
<html><head>
<title>Static Call Graph - [.\ARMCM0_debug\arm_class_marks_example.axf]</title></head>
<body><HR>
<H1>Static Call Graph for image .\ARMCM0_debug\arm_class_marks_example.axf</H1><HR>
<BR><P>#&#060CALLGRAPH&#062# ARM Linker, 5060960: Last Updated: Thu Jul 20 11:52:05 2023
<BR><P>
<H3>Maximum Stack Usage =        128 bytes + Unknown(Cycles, Untraceable Function Pointers)</H3><H3>
Call chain for Maximum Stack Depth:</H3>
__rt_entry_main &rArr; main &rArr; arm_mat_mult_f32 &rArr; __aeabi_fmul
<P>
<H3>
Mutually Recursive functions
</H3> <LI><a href="#[9]">HardFault_Handler</a>&nbsp;&nbsp;&nbsp;&rArr;&nbsp;&nbsp;&nbsp;<a href="#[9]">HardFault_Handler</a><BR>
 <LI><a href="#[8]">NMI_Handler</a>&nbsp;&nbsp;&nbsp;&rArr;&nbsp;&nbsp;&nbsp;<a href="#[8]">NMI_Handler</a><BR>
 <LI><a href="#[a]">SVC_Handler</a>&nbsp;&nbsp;&nbsp;&rArr;&nbsp;&nbsp;&nbsp;<a href="#[a]">SVC_Handler</a><BR>
 <LI><a href="#[b]">PendSV_Handler</a>&nbsp;&nbsp;&nbsp;&rArr;&nbsp;&nbsp;&nbsp;<a href="#[b]">PendSV_Handler</a><BR>
 <LI><a href="#[c]">SysTick_Handler</a>&nbsp;&nbsp;&nbsp;&rArr;&nbsp;&nbsp;&nbsp;<a href="#[c]">SysTick_Handler</a><BR>
 <LI><a href="#[d]">Interrupt0_Handler</a>&nbsp;&nbsp;&nbsp;&rArr;&nbsp;&nbsp;&nbsp;<a href="#[d]">Interrupt0_Handler</a><BR>
 <LI><a href="#[e]">Interrupt1_Handler</a>&nbsp;&nbsp;&nbsp;&rArr;&nbsp;&nbsp;&nbsp;<a href="#[e]">Interrupt1_Handler</a><BR>
 <LI><a href="#[f]">Interrupt2_Handler</a>&nbsp;&nbsp;&nbsp;&rArr;&nbsp;&nbsp;&nbsp;<a href="#[f]">Interrupt2_Handler</a><BR>
 <LI><a href="#[10]">Interrupt3_Handler</a>&nbsp;&nbsp;&nbsp;&rArr;&nbsp;&nbsp;&nbsp;<a href="#[10]">Interrupt3_Handler</a><BR>
 <LI><a href="#[11]">Interrupt4_Handler</a>&nbsp;&nbsp;&nbsp;&rArr;&nbsp;&nbsp;&nbsp;<a href="#[11]">Interrupt4_Handler</a><BR>
 <LI><a href="#[12]">Interrupt5_Handler</a>&nbsp;&nbsp;&nbsp;&rArr;&nbsp;&nbsp;&nbsp;<a href="#[12]">Interrupt5_Handler</a><BR>
 <LI><a href="#[13]">Interrupt6_Handler</a>&nbsp;&nbsp;&nbsp;&rArr;&nbsp;&nbsp;&nbsp;<a href="#[13]">Interrupt6_Handler</a><BR>
 <LI><a href="#[14]">Interrupt7_Handler</a>&nbsp;&nbsp;&nbsp;&rArr;&nbsp;&nbsp;&nbsp;<a href="#[14]">Interrupt7_Handler</a><BR>
 <LI><a href="#[15]">Interrupt8_Handler</a>&nbsp;&nbsp;&nbsp;&rArr;&nbsp;&nbsp;&nbsp;<a href="#[15]">Interrupt8_Handler</a><BR>
 <LI><a href="#[16]">Interrupt9_Handler</a>&nbsp;&nbsp;&nbsp;&rArr;&nbsp;&nbsp;&nbsp;<a href="#[16]">Interrupt9_Handler</a><BR>
</UL>
<P>
<H3>
Function Pointers
</H3><UL>
 <LI><a href="#[9]">HardFault_Handler</a> from startup_armcm0.o(.text) referenced from startup_armcm0.o(RESET)
 <LI><a href="#[d]">Interrupt0_Handler</a> from startup_armcm0.o(.text) referenced from startup_armcm0.o(RESET)
 <LI><a href="#[e]">Interrupt1_Handler</a> from startup_armcm0.o(.text) referenced from startup_armcm0.o(RESET)
 <LI><a href="#[f]">Interrupt2_Handler</a> from startup_armcm0.o(.text) referenced from startup_armcm0.o(RESET)
 <LI><a href="#[10]">Interrupt3_Handler</a> from startup_armcm0.o(.text) referenced from startup_armcm0.o(RESET)
 <LI><a href="#[11]">Interrupt4_Handler</a> from startup_armcm0.o(.text) referenced from startup_armcm0.o(RESET)
 <LI><a href="#[12]">Interrupt5_Handler</a> from startup_armcm0.o(.text) referenced from startup_armcm0.o(RESET)
 <LI><a href="#[13]">Interrupt6_Handler</a> from startup_armcm0.o(.text) referenced from startup_armcm0.o(RESET)
 <LI><a href="#[14]">Interrupt7_Handler</a> from startup_armcm0.o(.text) referenced from startup_armcm0.o(RESET)
 <LI><a href="#[15]">Interrupt8_Handler</a> from startup_armcm0.o(.text) referenced from startup_armcm0.o(RESET)
 <LI><a href="#[16]">Interrupt9_Handler</a> from startup_armcm0.o(.text) referenced from startup_armcm0.o(RESET)
 <LI><a href="#[8]">NMI_Handler</a> from startup_armcm0.o(.text) referenced from startup_armcm0.o(RESET)
 <LI><a href="#[b]">PendSV_Handler</a> from startup_armcm0.o(.text) referenced from startup_armcm0.o(RESET)
 <LI><a href="#[19]">Reset_Handler</a> from startup_armcm0.o(.text) referenced from startup_armcm0.o(RESET)
 <LI><a href="#[a]">SVC_Handler</a> from startup_armcm0.o(.text) referenced from startup_armcm0.o(RESET)
 <LI><a href="#[c]">SysTick_Handler</a> from startup_armcm0.o(.text) referenced from startup_armcm0.o(RESET)
 <LI><a href="#[17]">SystemInit</a> from system_armcm0.o(.text) referenced from startup_armcm0.o(.text)
 <LI><a href="#[1a]">__main</a> from __main.o(!!!main) referenced from startup_armcm0.o(.text)
</UL>
<P>
<H3>
Global Symbols
</H3>
<P><STRONG><a name="[1a]"></a>__main</STRONG> (Thumb, 8 bytes, Stack size 0 bytes, __main.o(!!!main))
<BR><BR>[Calls]<UL><LI><a href="#[1c]">&gt;&gt;</a>&nbsp;&nbsp;&nbsp;__rt_entry
<LI><a href="#[1b]">&gt;&gt;</a>&nbsp;&nbsp;&nbsp;__scatterload
</UL>

<P><STRONG><a name="[1b]"></a>__scatterload</STRONG> (Thumb, 0 bytes, Stack size unknown bytes, __scatter.o(!!!scatter))
<BR><BR>[Called By]<UL><LI><a href="#[1a]">&gt;&gt;</a>&nbsp;&nbsp;&nbsp;__main
</UL>

<P><STRONG><a name="[1d]"></a>__scatterload_rt2</STRONG> (Thumb, 52 bytes, Stack size unknown bytes, __scatter.o(!!!scatter), UNUSED)
<BR><BR>[Calls]<UL><LI><a href="#[1c]">&gt;&gt;</a>&nbsp;&nbsp;&nbsp;__rt_entry
</UL>

<P><STRONG><a name="[f8]"></a>__scatterload_rt2_thumb_only</STRONG> (Thumb, 0 bytes, Stack size unknown bytes, __scatter.o(!!!scatter), UNUSED)

<P><STRONG><a name="[f9]"></a>__scatterload_null</STRONG> (Thumb, 0 bytes, Stack size unknown bytes, __scatter.o(!!!scatter), UNUSED)

<P><STRONG><a name="[1e]"></a>__scatterload_copy</STRONG> (Thumb, 26 bytes, Stack size unknown bytes, __scatter_copy.o(!!handler_copy), UNUSED)
<BR><BR>[Calls]<UL><LI><a href="#[1e]">&gt;&gt;</a>&nbsp;&nbsp;&nbsp;__scatterload_copy
</UL>
<BR>[Called By]<UL><LI><a href="#[1e]">&gt;&gt;</a>&nbsp;&nbsp;&nbsp;__scatterload_copy
</UL>

<P><STRONG><a name="[fa]"></a>__scatterload_zeroinit</STRONG> (Thumb, 28 bytes, Stack size unknown bytes, __scatter_zi.o(!!handler_zi), UNUSED)

<P><STRONG><a name="[20]"></a>__rt_lib_init</STRONG> (Thumb, 0 bytes, Stack size unknown bytes, libinit.o(.ARM.Collect$$libinit$$00000000))
<BR><BR>[Called By]<UL><LI><a href="#[1f]">&gt;&gt;</a>&nbsp;&nbsp;&nbsp;__rt_entry_li
</UL>

<P><STRONG><a name="[fb]"></a>__rt_lib_init_alloca_1</STRONG> (Thumb, 0 bytes, Stack size unknown bytes, libinit2.o(.ARM.Collect$$libinit$$0000002E))

<P><STRONG><a name="[fc]"></a>__rt_lib_init_argv_1</STRONG> (Thumb, 0 bytes, Stack size unknown bytes, libinit2.o(.ARM.Collect$$libinit$$0000002C))

<P><STRONG><a name="[fd]"></a>__rt_lib_init_atexit_1</STRONG> (Thumb, 0 bytes, Stack size unknown bytes, libinit2.o(.ARM.Collect$$libinit$$0000001B))

<P><STRONG><a name="[fe]"></a>__rt_lib_init_clock_1</STRONG> (Thumb, 0 bytes, Stack size unknown bytes, libinit2.o(.ARM.Collect$$libinit$$00000021))

<P><STRONG><a name="[ff]"></a>__rt_lib_init_cpp_1</STRONG> (Thumb, 0 bytes, Stack size unknown bytes, libinit2.o(.ARM.Collect$$libinit$$00000032))

<P><STRONG><a name="[100]"></a>__rt_lib_init_exceptions_1</STRONG> (Thumb, 0 bytes, Stack size unknown bytes, libinit2.o(.ARM.Collect$$libinit$$00000030))

<P><STRONG><a name="[101]"></a>__rt_lib_init_fp_1</STRONG> (Thumb, 0 bytes, Stack size unknown bytes, libinit2.o(.ARM.Collect$$libinit$$00000002))

<P><STRONG><a name="[102]"></a>__rt_lib_init_fp_trap_1</STRONG> (Thumb, 0 bytes, Stack size unknown bytes, libinit2.o(.ARM.Collect$$libinit$$0000001F))

<P><STRONG><a name="[103]"></a>__rt_lib_init_getenv_1</STRONG> (Thumb, 0 bytes, Stack size unknown bytes, libinit2.o(.ARM.Collect$$libinit$$00000023))

<P><STRONG><a name="[104]"></a>__rt_lib_init_heap_1</STRONG> (Thumb, 0 bytes, Stack size unknown bytes, libinit2.o(.ARM.Collect$$libinit$$0000000A))

<P><STRONG><a name="[105]"></a>__rt_lib_init_lc_collate_1</STRONG> (Thumb, 0 bytes, Stack size unknown bytes, libinit2.o(.ARM.Collect$$libinit$$00000011))

<P><STRONG><a name="[106]"></a>__rt_lib_init_lc_ctype_1</STRONG> (Thumb, 0 bytes, Stack size unknown bytes, libinit2.o(.ARM.Collect$$libinit$$00000013))

<P><STRONG><a name="[107]"></a>__rt_lib_init_lc_monetary_1</STRONG> (Thumb, 0 bytes, Stack size unknown bytes, libinit2.o(.ARM.Collect$$libinit$$00000015))

<P><STRONG><a name="[108]"></a>__rt_lib_init_lc_numeric_1</STRONG> (Thumb, 0 bytes, Stack size unknown bytes, libinit2.o(.ARM.Collect$$libinit$$00000017))

<P><STRONG><a name="[109]"></a>__rt_lib_init_lc_time_1</STRONG> (Thumb, 0 bytes, Stack size unknown bytes, libinit2.o(.ARM.Collect$$libinit$$00000019))

<P><STRONG><a name="[10a]"></a>__rt_lib_init_preinit_1</STRONG> (Thumb, 0 bytes, Stack size unknown bytes, libinit2.o(.ARM.Collect$$libinit$$00000004))

<P><STRONG><a name="[10b]"></a>__rt_lib_init_rand_1</STRONG> (Thumb, 0 bytes, Stack size unknown bytes, libinit2.o(.ARM.Collect$$libinit$$0000000E))

<P><STRONG><a name="[10c]"></a>__rt_lib_init_return</STRONG> (Thumb, 0 bytes, Stack size unknown bytes, libinit2.o(.ARM.Collect$$libinit$$00000033))

<P><STRONG><a name="[10d]"></a>__rt_lib_init_signal_1</STRONG> (Thumb, 0 bytes, Stack size unknown bytes, libinit2.o(.ARM.Collect$$libinit$$0000001D))

<P><STRONG><a name="[10e]"></a>__rt_lib_init_stdio_1</STRONG> (Thumb, 0 bytes, Stack size unknown bytes, libinit2.o(.ARM.Collect$$libinit$$00000025))

<P><STRONG><a name="[10f]"></a>__rt_lib_init_user_alloc_1</STRONG> (Thumb, 0 bytes, Stack size unknown bytes, libinit2.o(.ARM.Collect$$libinit$$0000000C))

<P><STRONG><a name="[25]"></a>__rt_lib_shutdown</STRONG> (Thumb, 0 bytes, Stack size unknown bytes, libshutdown.o(.ARM.Collect$$libshutdown$$00000000))
<BR><BR>[Called By]<UL><LI><a href="#[24]">&gt;&gt;</a>&nbsp;&nbsp;&nbsp;__rt_exit_ls
</UL>

<P><STRONG><a name="[110]"></a>__rt_lib_shutdown_cpp_1</STRONG> (Thumb, 0 bytes, Stack size unknown bytes, libshutdown2.o(.ARM.Collect$$libshutdown$$00000004))

<P><STRONG><a name="[111]"></a>__rt_lib_shutdown_fini_1</STRONG> (Thumb, 0 bytes, Stack size unknown bytes, libshutdown2.o(.ARM.Collect$$libshutdown$$00000002))

<P><STRONG><a name="[112]"></a>__rt_lib_shutdown_fp_trap_1</STRONG> (Thumb, 0 bytes, Stack size unknown bytes, libshutdown2.o(.ARM.Collect$$libshutdown$$00000009))

<P><STRONG><a name="[113]"></a>__rt_lib_shutdown_heap_1</STRONG> (Thumb, 0 bytes, Stack size unknown bytes, libshutdown2.o(.ARM.Collect$$libshutdown$$00000011))

<P><STRONG><a name="[114]"></a>__rt_lib_shutdown_return</STRONG> (Thumb, 0 bytes, Stack size unknown bytes, libshutdown2.o(.ARM.Collect$$libshutdown$$00000012))

<P><STRONG><a name="[115]"></a>__rt_lib_shutdown_signal_1</STRONG> (Thumb, 0 bytes, Stack size unknown bytes, libshutdown2.o(.ARM.Collect$$libshutdown$$0000000C))

<P><STRONG><a name="[116]"></a>__rt_lib_shutdown_stdio_1</STRONG> (Thumb, 0 bytes, Stack size unknown bytes, libshutdown2.o(.ARM.Collect$$libshutdown$$00000006))

<P><STRONG><a name="[117]"></a>__rt_lib_shutdown_user_alloc_1</STRONG> (Thumb, 0 bytes, Stack size unknown bytes, libshutdown2.o(.ARM.Collect$$libshutdown$$0000000E))

<P><STRONG><a name="[1c]"></a>__rt_entry</STRONG> (Thumb, 0 bytes, Stack size unknown bytes, __rtentry.o(.ARM.Collect$$rtentry$$00000000))
<BR><BR>[Called By]<UL><LI><a href="#[1a]">&gt;&gt;</a>&nbsp;&nbsp;&nbsp;__main
<LI><a href="#[1d]">&gt;&gt;</a>&nbsp;&nbsp;&nbsp;__scatterload_rt2
</UL>

<P><STRONG><a name="[118]"></a>__rt_entry_presh_1</STRONG> (Thumb, 0 bytes, Stack size unknown bytes, __rtentry2.o(.ARM.Collect$$rtentry$$00000002))

<P><STRONG><a name="[119]"></a>__rt_entry_sh</STRONG> (Thumb, 0 bytes, Stack size unknown bytes, __rtentry5.o(.ARM.Collect$$rtentry$$00000005))

<P><STRONG><a name="[1f]"></a>__rt_entry_li</STRONG> (Thumb, 0 bytes, Stack size unknown bytes, __rtentry2.o(.ARM.Collect$$rtentry$$0000000A))
<BR><BR>[Calls]<UL><LI><a href="#[20]">&gt;&gt;</a>&nbsp;&nbsp;&nbsp;__rt_lib_init
</UL>

<P><STRONG><a name="[11a]"></a>__rt_entry_postsh_1</STRONG> (Thumb, 0 bytes, Stack size unknown bytes, __rtentry2.o(.ARM.Collect$$rtentry$$00000009))

<P><STRONG><a name="[21]"></a>__rt_entry_main</STRONG> (Thumb, 0 bytes, Stack size unknown bytes, __rtentry2.o(.ARM.Collect$$rtentry$$0000000D))
<BR><BR>[Stack]<UL><LI>Max Depth = 128 + Unknown Stack Size
<LI>Call Chain = __rt_entry_main &rArr; main &rArr; arm_mat_mult_f32 &rArr; __aeabi_fmul
</UL>
<BR>[Calls]<UL><LI><a href="#[22]">&gt;&gt;</a>&nbsp;&nbsp;&nbsp;main
<LI><a href="#[23]">&gt;&gt;</a>&nbsp;&nbsp;&nbsp;exit
</UL>

<P><STRONG><a name="[11b]"></a>__rt_entry_postli_1</STRONG> (Thumb, 0 bytes, Stack size unknown bytes, __rtentry2.o(.ARM.Collect$$rtentry$$0000000C))

<P><STRONG><a name="[d9]"></a>__rt_exit</STRONG> (Thumb, 0 bytes, Stack size unknown bytes, rtexit.o(.ARM.Collect$$rtexit$$00000000))
<BR><BR>[Called By]<UL><LI><a href="#[23]">&gt;&gt;</a>&nbsp;&nbsp;&nbsp;exit
</UL>

<P><STRONG><a name="[24]"></a>__rt_exit_ls</STRONG> (Thumb, 0 bytes, Stack size unknown bytes, rtexit2.o(.ARM.Collect$$rtexit$$00000003))
<BR><BR>[Calls]<UL><LI><a href="#[25]">&gt;&gt;</a>&nbsp;&nbsp;&nbsp;__rt_lib_shutdown
</UL>

<P><STRONG><a name="[11c]"></a>__rt_exit_prels_1</STRONG> (Thumb, 0 bytes, Stack size unknown bytes, rtexit2.o(.ARM.Collect$$rtexit$$00000002))

<P><STRONG><a name="[26]"></a>__rt_exit_exit</STRONG> (Thumb, 0 bytes, Stack size unknown bytes, rtexit2.o(.ARM.Collect$$rtexit$$00000004))
<BR><BR>[Calls]<UL><LI><a href="#[27]">&gt;&gt;</a>&nbsp;&nbsp;&nbsp;_sys_exit
</UL>

<P><STRONG><a name="[90]"></a>__aeabi_memcpy4</STRONG> (Thumb, 56 bytes, Stack size 0 bytes, rt_memcpy.o(.emb_text), UNUSED)
<BR><BR>[Called By]<UL><LI><a href="#[91]">&gt;&gt;</a>&nbsp;&nbsp;&nbsp;arm_mat_ldlt_f64
<LI><a href="#[8e]">&gt;&gt;</a>&nbsp;&nbsp;&nbsp;arm_mat_ldlt_f32
</UL>

<P><STRONG><a name="[11d]"></a>__aeabi_memcpy8</STRONG> (Thumb, 0 bytes, Stack size 0 bytes, rt_memcpy.o(.emb_text), UNUSED)

<P><STRONG><a name="[22]"></a>main</STRONG> (Thumb, 108 bytes, Stack size 24 bytes, arm_class_marks_example_f32.o(.text))
<BR><BR>[Stack]<UL><LI>Max Depth = 128<LI>Call Chain = main &rArr; arm_mat_mult_f32 &rArr; __aeabi_fmul
</UL>
<BR>[Calls]<UL><LI><a href="#[2d]">&gt;&gt;</a>&nbsp;&nbsp;&nbsp;arm_var_f32
<LI><a href="#[2c]">&gt;&gt;</a>&nbsp;&nbsp;&nbsp;arm_std_f32
<LI><a href="#[2a]">&gt;&gt;</a>&nbsp;&nbsp;&nbsp;arm_min_f32
<LI><a href="#[2b]">&gt;&gt;</a>&nbsp;&nbsp;&nbsp;arm_mean_f32
<LI><a href="#[29]">&gt;&gt;</a>&nbsp;&nbsp;&nbsp;arm_max_f32
<LI><a href="#[28]">&gt;&gt;</a>&nbsp;&nbsp;&nbsp;arm_mat_mult_f32
</UL>
<BR>[Called By]<UL><LI><a href="#[21]">&gt;&gt;</a>&nbsp;&nbsp;&nbsp;__rt_entry_main
</UL>

<P><STRONG><a name="[11e]"></a>arm_abs_f32</STRONG> (Thumb, 22 bytes, Stack size 12 bytes, basicmathfunctions.o(.text), UNUSED)

<P><STRONG><a name="[11f]"></a>arm_abs_f64</STRONG> (Thumb, 30 bytes, Stack size 16 bytes, basicmathfunctions.o(.text), UNUSED)

<P><STRONG><a name="[5f]"></a>arm_abs_q15</STRONG> (Thumb, 48 bytes, Stack size 12 bytes, basicmathfunctions.o(.text), UNUSED)
<BR><BR>[Called By]<UL><LI><a href="#[5e]">&gt;&gt;</a>&nbsp;&nbsp;&nbsp;arm_divide_q15
</UL>

<P><STRONG><a name="[62]"></a>arm_abs_q31</STRONG> (Thumb, 42 bytes, Stack size 12 bytes, basicmathfunctions.o(.text), UNUSED)
<BR><BR>[Called By]<UL><LI><a href="#[61]">&gt;&gt;</a>&nbsp;&nbsp;&nbsp;arm_divide_q31
</UL>

<P><STRONG><a name="[120]"></a>arm_abs_q7</STRONG> (Thumb, 50 bytes, Stack size 12 bytes, basicmathfunctions.o(.text), UNUSED)

<P><STRONG><a name="[2e]"></a>arm_add_f32</STRONG> (Thumb, 38 bytes, Stack size 24 bytes, basicmathfunctions.o(.text), UNUSED)
<BR><BR>[Calls]<UL><LI><a href="#[2f]">&gt;&gt;</a>&nbsp;&nbsp;&nbsp;__aeabi_fadd
</UL>
<BR>[Called By]<UL><LI><a href="#[98]">&gt;&gt;</a>&nbsp;&nbsp;&nbsp;arm_logsumexp_dot_prod_f32
</UL>

<P><STRONG><a name="[30]"></a>arm_add_f64</STRONG> (Thumb, 66 bytes, Stack size 40 bytes, basicmathfunctions.o(.text), UNUSED)
<BR><BR>[Calls]<UL><LI><a href="#[31]">&gt;&gt;</a>&nbsp;&nbsp;&nbsp;__aeabi_dadd
</UL>

<P><STRONG><a name="[121]"></a>arm_add_q15</STRONG> (Thumb, 96 bytes, Stack size 44 bytes, basicmathfunctions.o(.text), UNUSED)

<P><STRONG><a name="[122]"></a>arm_add_q31</STRONG> (Thumb, 72 bytes, Stack size 40 bytes, basicmathfunctions.o(.text), UNUSED)

<P><STRONG><a name="[123]"></a>arm_add_q7</STRONG> (Thumb, 96 bytes, Stack size 44 bytes, basicmathfunctions.o(.text), UNUSED)

<P><STRONG><a name="[124]"></a>arm_and_u16</STRONG> (Thumb, 28 bytes, Stack size 20 bytes, basicmathfunctions.o(.text), UNUSED)

<P><STRONG><a name="[125]"></a>arm_and_u32</STRONG> (Thumb, 22 bytes, Stack size 20 bytes, basicmathfunctions.o(.text), UNUSED)

<P><STRONG><a name="[126]"></a>arm_and_u8</STRONG> (Thumb, 28 bytes, Stack size 20 bytes, basicmathfunctions.o(.text), UNUSED)

<P><STRONG><a name="[32]"></a>arm_dot_prod_f32</STRONG> (Thumb, 54 bytes, Stack size 32 bytes, basicmathfunctions.o(.text), UNUSED)
<BR><BR>[Calls]<UL><LI><a href="#[33]">&gt;&gt;</a>&nbsp;&nbsp;&nbsp;__aeabi_fmul
<LI><a href="#[2f]">&gt;&gt;</a>&nbsp;&nbsp;&nbsp;__aeabi_fadd
</UL>

<P><STRONG><a name="[34]"></a>arm_dot_prod_f64</STRONG> (Thumb, 84 bytes, Stack size 64 bytes, basicmathfunctions.o(.text), UNUSED)
<BR><BR>[Calls]<UL><LI><a href="#[35]">&gt;&gt;</a>&nbsp;&nbsp;&nbsp;__aeabi_dmul
<LI><a href="#[31]">&gt;&gt;</a>&nbsp;&nbsp;&nbsp;__aeabi_dadd
</UL>

<P><STRONG><a name="[127]"></a>arm_dot_prod_q15</STRONG> (Thumb, 56 bytes, Stack size 40 bytes, basicmathfunctions.o(.text), UNUSED)

<P><STRONG><a name="[36]"></a>arm_dot_prod_q31</STRONG> (Thumb, 60 bytes, Stack size 40 bytes, basicmathfunctions.o(.text), UNUSED)
<BR><BR>[Calls]<UL><LI><a href="#[37]">&gt;&gt;</a>&nbsp;&nbsp;&nbsp;__ARM_common_ll_mulss
</UL>

<P><STRONG><a name="[128]"></a>arm_dot_prod_q7</STRONG> (Thumb, 36 bytes, Stack size 36 bytes, basicmathfunctions.o(.text), UNUSED)

<P><STRONG><a name="[38]"></a>arm_mult_f32</STRONG> (Thumb, 38 bytes, Stack size 24 bytes, basicmathfunctions.o(.text), UNUSED)
<BR><BR>[Calls]<UL><LI><a href="#[33]">&gt;&gt;</a>&nbsp;&nbsp;&nbsp;__aeabi_fmul
</UL>

<P><STRONG><a name="[39]"></a>arm_mult_f64</STRONG> (Thumb, 66 bytes, Stack size 40 bytes, basicmathfunctions.o(.text), UNUSED)
<BR><BR>[Calls]<UL><LI><a href="#[35]">&gt;&gt;</a>&nbsp;&nbsp;&nbsp;__aeabi_dmul
</UL>

<P><STRONG><a name="[129]"></a>arm_mult_q15</STRONG> (Thumb, 108 bytes, Stack size 44 bytes, basicmathfunctions.o(.text), UNUSED)

<P><STRONG><a name="[3a]"></a>arm_mult_q31</STRONG> (Thumb, 100 bytes, Stack size 48 bytes, basicmathfunctions.o(.text), UNUSED)
<BR><BR>[Calls]<UL><LI><a href="#[37]">&gt;&gt;</a>&nbsp;&nbsp;&nbsp;__ARM_common_ll_mulss
</UL>

<P><STRONG><a name="[12a]"></a>arm_mult_q7</STRONG> (Thumb, 98 bytes, Stack size 44 bytes, basicmathfunctions.o(.text), UNUSED)

<P><STRONG><a name="[12b]"></a>arm_negate_f32</STRONG> (Thumb, 24 bytes, Stack size 12 bytes, basicmathfunctions.o(.text), UNUSED)

<P><STRONG><a name="[12c]"></a>arm_negate_f64</STRONG> (Thumb, 32 bytes, Stack size 16 bytes, basicmathfunctions.o(.text), UNUSED)

<P><STRONG><a name="[70]"></a>arm_negate_q15</STRONG> (Thumb, 40 bytes, Stack size 12 bytes, basicmathfunctions.o(.text), UNUSED)
<BR><BR>[Called By]<UL><LI><a href="#[6f]">&gt;&gt;</a>&nbsp;&nbsp;&nbsp;arm_atan2_q15
</UL>

<P><STRONG><a name="[6e]"></a>arm_negate_q31</STRONG> (Thumb, 34 bytes, Stack size 12 bytes, basicmathfunctions.o(.text), UNUSED)
<BR><BR>[Called By]<UL><LI><a href="#[6d]">&gt;&gt;</a>&nbsp;&nbsp;&nbsp;arm_atan2_q31
</UL>

<P><STRONG><a name="[12d]"></a>arm_negate_q7</STRONG> (Thumb, 42 bytes, Stack size 12 bytes, basicmathfunctions.o(.text), UNUSED)

<P><STRONG><a name="[12e]"></a>arm_not_u16</STRONG> (Thumb, 24 bytes, Stack size 12 bytes, basicmathfunctions.o(.text), UNUSED)

<P><STRONG><a name="[12f]"></a>arm_not_u32</STRONG> (Thumb, 20 bytes, Stack size 12 bytes, basicmathfunctions.o(.text), UNUSED)

<P><STRONG><a name="[130]"></a>arm_not_u8</STRONG> (Thumb, 24 bytes, Stack size 12 bytes, basicmathfunctions.o(.text), UNUSED)

<P><STRONG><a name="[3b]"></a>arm_offset_f32</STRONG> (Thumb, 34 bytes, Stack size 40 bytes, basicmathfunctions.o(.text), UNUSED)
<BR><BR>[Calls]<UL><LI><a href="#[2f]">&gt;&gt;</a>&nbsp;&nbsp;&nbsp;__aeabi_fadd
</UL>

<P><STRONG><a name="[3c]"></a>arm_offset_f64</STRONG> (Thumb, 54 bytes, Stack size 32 bytes, basicmathfunctions.o(.text), UNUSED)
<BR><BR>[Calls]<UL><LI><a href="#[31]">&gt;&gt;</a>&nbsp;&nbsp;&nbsp;__aeabi_dadd
</UL>

<P><STRONG><a name="[131]"></a>arm_offset_q15</STRONG> (Thumb, 88 bytes, Stack size 40 bytes, basicmathfunctions.o(.text), UNUSED)

<P><STRONG><a name="[132]"></a>arm_offset_q31</STRONG> (Thumb, 62 bytes, Stack size 40 bytes, basicmathfunctions.o(.text), UNUSED)

<P><STRONG><a name="[133]"></a>arm_offset_q7</STRONG> (Thumb, 88 bytes, Stack size 40 bytes, basicmathfunctions.o(.text), UNUSED)

<P><STRONG><a name="[134]"></a>arm_or_u16</STRONG> (Thumb, 28 bytes, Stack size 20 bytes, basicmathfunctions.o(.text), UNUSED)

<P><STRONG><a name="[135]"></a>arm_or_u32</STRONG> (Thumb, 22 bytes, Stack size 20 bytes, basicmathfunctions.o(.text), UNUSED)

<P><STRONG><a name="[136]"></a>arm_or_u8</STRONG> (Thumb, 28 bytes, Stack size 20 bytes, basicmathfunctions.o(.text), UNUSED)

<P><STRONG><a name="[3d]"></a>arm_scale_f32</STRONG> (Thumb, 34 bytes, Stack size 40 bytes, basicmathfunctions.o(.text), UNUSED)
<BR><BR>[Calls]<UL><LI><a href="#[33]">&gt;&gt;</a>&nbsp;&nbsp;&nbsp;__aeabi_fmul
</UL>

<P><STRONG><a name="[3e]"></a>arm_scale_f64</STRONG> (Thumb, 54 bytes, Stack size 32 bytes, basicmathfunctions.o(.text), UNUSED)
<BR><BR>[Calls]<UL><LI><a href="#[35]">&gt;&gt;</a>&nbsp;&nbsp;&nbsp;__aeabi_dmul
</UL>

<P><STRONG><a name="[137]"></a>arm_scale_q15</STRONG> (Thumb, 104 bytes, Stack size 44 bytes, basicmathfunctions.o(.text), UNUSED)

<P><STRONG><a name="[3f]"></a>arm_scale_q31</STRONG> (Thumb, 124 bytes, Stack size 48 bytes, basicmathfunctions.o(.text), UNUSED)
<BR><BR>[Calls]<UL><LI><a href="#[37]">&gt;&gt;</a>&nbsp;&nbsp;&nbsp;__ARM_common_ll_mulss
</UL>

<P><STRONG><a name="[138]"></a>arm_scale_q7</STRONG> (Thumb, 114 bytes, Stack size 44 bytes, basicmathfunctions.o(.text), UNUSED)

<P><STRONG><a name="[71]"></a>arm_shift_q15</STRONG> (Thumb, 124 bytes, Stack size 48 bytes, basicmathfunctions.o(.text), UNUSED)
<BR><BR>[Called By]<UL><LI><a href="#[6f]">&gt;&gt;</a>&nbsp;&nbsp;&nbsp;arm_atan2_q15
</UL>

<P><STRONG><a name="[40]"></a>arm_shift_q31</STRONG> (Thumb, 106 bytes, Stack size 56 bytes, basicmathfunctions.o(.text), UNUSED)
<BR><BR>[Calls]<UL><LI><a href="#[41]">&gt;&gt;</a>&nbsp;&nbsp;&nbsp;__aeabi_llsl
</UL>
<BR>[Called By]<UL><LI><a href="#[6d]">&gt;&gt;</a>&nbsp;&nbsp;&nbsp;arm_atan2_q31
</UL>

<P><STRONG><a name="[139]"></a>arm_shift_q7</STRONG> (Thumb, 124 bytes, Stack size 48 bytes, basicmathfunctions.o(.text), UNUSED)

<P><STRONG><a name="[42]"></a>arm_sub_f32</STRONG> (Thumb, 38 bytes, Stack size 24 bytes, basicmathfunctions.o(.text), UNUSED)
<BR><BR>[Calls]<UL><LI><a href="#[43]">&gt;&gt;</a>&nbsp;&nbsp;&nbsp;__aeabi_fsub
</UL>

<P><STRONG><a name="[44]"></a>arm_sub_f64</STRONG> (Thumb, 66 bytes, Stack size 40 bytes, basicmathfunctions.o(.text), UNUSED)
<BR><BR>[Calls]<UL><LI><a href="#[45]">&gt;&gt;</a>&nbsp;&nbsp;&nbsp;__aeabi_dsub
</UL>

<P><STRONG><a name="[13a]"></a>arm_sub_q15</STRONG> (Thumb, 96 bytes, Stack size 44 bytes, basicmathfunctions.o(.text), UNUSED)

<P><STRONG><a name="[13b]"></a>arm_sub_q31</STRONG> (Thumb, 72 bytes, Stack size 40 bytes, basicmathfunctions.o(.text), UNUSED)

<P><STRONG><a name="[13c]"></a>arm_sub_q7</STRONG> (Thumb, 96 bytes, Stack size 44 bytes, basicmathfunctions.o(.text), UNUSED)

<P><STRONG><a name="[13d]"></a>arm_xor_u16</STRONG> (Thumb, 28 bytes, Stack size 20 bytes, basicmathfunctions.o(.text), UNUSED)

<P><STRONG><a name="[13e]"></a>arm_xor_u32</STRONG> (Thumb, 22 bytes, Stack size 20 bytes, basicmathfunctions.o(.text), UNUSED)

<P><STRONG><a name="[13f]"></a>arm_xor_u8</STRONG> (Thumb, 28 bytes, Stack size 20 bytes, basicmathfunctions.o(.text), UNUSED)

<P><STRONG><a name="[46]"></a>arm_clip_f32</STRONG> (Thumb, 72 bytes, Stack size 40 bytes, basicmathfunctions.o(.text), UNUSED)
<BR><BR>[Calls]<UL><LI><a href="#[47]">&gt;&gt;</a>&nbsp;&nbsp;&nbsp;__aeabi_cfrcmple
<LI><a href="#[48]">&gt;&gt;</a>&nbsp;&nbsp;&nbsp;__aeabi_cfcmple
</UL>

<P><STRONG><a name="[140]"></a>arm_clip_q31</STRONG> (Thumb, 52 bytes, Stack size 20 bytes, basicmathfunctions.o(.text), UNUSED)

<P><STRONG><a name="[141]"></a>arm_clip_q15</STRONG> (Thumb, 52 bytes, Stack size 20 bytes, basicmathfunctions.o(.text), UNUSED)

<P><STRONG><a name="[142]"></a>arm_clip_q7</STRONG> (Thumb, 40 bytes, Stack size 16 bytes, basicmathfunctions.o(.text), UNUSED)

<P><STRONG><a name="[49]"></a>arm_cos_f32</STRONG> (Thumb, 178 bytes, Stack size 56 bytes, fastmathfunctions.o(.text), UNUSED)
<BR><BR>[Calls]<UL><LI><a href="#[33]">&gt;&gt;</a>&nbsp;&nbsp;&nbsp;__aeabi_fmul
<LI><a href="#[48]">&gt;&gt;</a>&nbsp;&nbsp;&nbsp;__aeabi_cfcmple
<LI><a href="#[4e]">&gt;&gt;</a>&nbsp;&nbsp;&nbsp;__aeabi_ui2f
<LI><a href="#[4b]">&gt;&gt;</a>&nbsp;&nbsp;&nbsp;__aeabi_i2f
<LI><a href="#[4d]">&gt;&gt;</a>&nbsp;&nbsp;&nbsp;__aeabi_f2uiz
<LI><a href="#[4a]">&gt;&gt;</a>&nbsp;&nbsp;&nbsp;__aeabi_f2iz
<LI><a href="#[43]">&gt;&gt;</a>&nbsp;&nbsp;&nbsp;__aeabi_fsub
<LI><a href="#[4c]">&gt;&gt;</a>&nbsp;&nbsp;&nbsp;__aeabi_frsub
<LI><a href="#[2f]">&gt;&gt;</a>&nbsp;&nbsp;&nbsp;__aeabi_fadd
</UL>

<P><STRONG><a name="[143]"></a>arm_cos_q15</STRONG> (Thumb, 72 bytes, Stack size 20 bytes, fastmathfunctions.o(.text), UNUSED)

<P><STRONG><a name="[4f]"></a>arm_cos_q31</STRONG> (Thumb, 108 bytes, Stack size 48 bytes, fastmathfunctions.o(.text), UNUSED)
<BR><BR>[Calls]<UL><LI><a href="#[37]">&gt;&gt;</a>&nbsp;&nbsp;&nbsp;__ARM_common_ll_mulss
<LI><a href="#[50]">&gt;&gt;</a>&nbsp;&nbsp;&nbsp;__aeabi_lmul
</UL>

<P><STRONG><a name="[51]"></a>arm_sin_f32</STRONG> (Thumb, 168 bytes, Stack size 56 bytes, fastmathfunctions.o(.text), UNUSED)
<BR><BR>[Calls]<UL><LI><a href="#[33]">&gt;&gt;</a>&nbsp;&nbsp;&nbsp;__aeabi_fmul
<LI><a href="#[48]">&gt;&gt;</a>&nbsp;&nbsp;&nbsp;__aeabi_cfcmple
<LI><a href="#[4e]">&gt;&gt;</a>&nbsp;&nbsp;&nbsp;__aeabi_ui2f
<LI><a href="#[4b]">&gt;&gt;</a>&nbsp;&nbsp;&nbsp;__aeabi_i2f
<LI><a href="#[4d]">&gt;&gt;</a>&nbsp;&nbsp;&nbsp;__aeabi_f2uiz
<LI><a href="#[4a]">&gt;&gt;</a>&nbsp;&nbsp;&nbsp;__aeabi_f2iz
<LI><a href="#[43]">&gt;&gt;</a>&nbsp;&nbsp;&nbsp;__aeabi_fsub
<LI><a href="#[4c]">&gt;&gt;</a>&nbsp;&nbsp;&nbsp;__aeabi_frsub
<LI><a href="#[2f]">&gt;&gt;</a>&nbsp;&nbsp;&nbsp;__aeabi_fadd
</UL>

<P><STRONG><a name="[144]"></a>arm_sin_q15</STRONG> (Thumb, 64 bytes, Stack size 20 bytes, fastmathfunctions.o(.text), UNUSED)

<P><STRONG><a name="[52]"></a>arm_sin_q31</STRONG> (Thumb, 104 bytes, Stack size 48 bytes, fastmathfunctions.o(.text), UNUSED)
<BR><BR>[Calls]<UL><LI><a href="#[37]">&gt;&gt;</a>&nbsp;&nbsp;&nbsp;__ARM_common_ll_mulss
<LI><a href="#[50]">&gt;&gt;</a>&nbsp;&nbsp;&nbsp;__aeabi_lmul
</UL>

<P><STRONG><a name="[53]"></a>arm_sqrt_q31</STRONG> (Thumb, 322 bytes, Stack size 32 bytes, fastmathfunctions.o(.text), UNUSED)
<BR><BR>[Calls]<UL><LI><a href="#[37]">&gt;&gt;</a>&nbsp;&nbsp;&nbsp;__ARM_common_ll_mulss
<LI><a href="#[54]">&gt;&gt;</a>&nbsp;&nbsp;&nbsp;__ARM_clz
</UL>
<BR>[Called By]<UL><LI><a href="#[ae]">&gt;&gt;</a>&nbsp;&nbsp;&nbsp;arm_std_q31
<LI><a href="#[a9]">&gt;&gt;</a>&nbsp;&nbsp;&nbsp;arm_rms_q31
</UL>

<P><STRONG><a name="[55]"></a>arm_sqrt_q15</STRONG> (Thumb, 224 bytes, Stack size 32 bytes, fastmathfunctions.o(.text), UNUSED)
<BR><BR>[Calls]<UL><LI><a href="#[54]">&gt;&gt;</a>&nbsp;&nbsp;&nbsp;__ARM_clz
</UL>
<BR>[Called By]<UL><LI><a href="#[ad]">&gt;&gt;</a>&nbsp;&nbsp;&nbsp;arm_std_q15
<LI><a href="#[a8]">&gt;&gt;</a>&nbsp;&nbsp;&nbsp;arm_rms_q15
</UL>

<P><STRONG><a name="[56]"></a>arm_vexp_f32</STRONG> (Thumb, 28 bytes, Stack size 24 bytes, fastmathfunctions.o(.text), UNUSED)
<BR><BR>[Calls]<UL><LI><a href="#[57]">&gt;&gt;</a>&nbsp;&nbsp;&nbsp;expf
</UL>

<P><STRONG><a name="[58]"></a>arm_vexp_f64</STRONG> (Thumb, 40 bytes, Stack size 32 bytes, fastmathfunctions.o(.text), UNUSED)
<BR><BR>[Calls]<UL><LI><a href="#[59]">&gt;&gt;</a>&nbsp;&nbsp;&nbsp;exp
</UL>

<P><STRONG><a name="[5a]"></a>arm_vlog_f32</STRONG> (Thumb, 28 bytes, Stack size 24 bytes, fastmathfunctions.o(.text), UNUSED)
<BR><BR>[Calls]<UL><LI><a href="#[5b]">&gt;&gt;</a>&nbsp;&nbsp;&nbsp;logf
</UL>

<P><STRONG><a name="[5c]"></a>arm_vlog_f64</STRONG> (Thumb, 40 bytes, Stack size 32 bytes, fastmathfunctions.o(.text), UNUSED)
<BR><BR>[Calls]<UL><LI><a href="#[5d]">&gt;&gt;</a>&nbsp;&nbsp;&nbsp;log
</UL>

<P><STRONG><a name="[5e]"></a>arm_divide_q15</STRONG> (Thumb, 144 bytes, Stack size 40 bytes, fastmathfunctions.o(.text), UNUSED)
<BR><BR>[Calls]<UL><LI><a href="#[5f]">&gt;&gt;</a>&nbsp;&nbsp;&nbsp;arm_abs_q15
<LI><a href="#[54]">&gt;&gt;</a>&nbsp;&nbsp;&nbsp;__ARM_clz
<LI><a href="#[60]">&gt;&gt;</a>&nbsp;&nbsp;&nbsp;__aeabi_idivmod
</UL>
<BR>[Called By]<UL><LI><a href="#[6f]">&gt;&gt;</a>&nbsp;&nbsp;&nbsp;arm_atan2_q15
</UL>

<P><STRONG><a name="[61]"></a>arm_divide_q31</STRONG> (Thumb, 164 bytes, Stack size 56 bytes, fastmathfunctions.o(.text), UNUSED)
<BR><BR>[Calls]<UL><LI><a href="#[62]">&gt;&gt;</a>&nbsp;&nbsp;&nbsp;arm_abs_q31
<LI><a href="#[54]">&gt;&gt;</a>&nbsp;&nbsp;&nbsp;__ARM_clz
<LI><a href="#[63]">&gt;&gt;</a>&nbsp;&nbsp;&nbsp;__aeabi_ldivmod
<LI><a href="#[64]">&gt;&gt;</a>&nbsp;&nbsp;&nbsp;__aeabi_lasr
</UL>
<BR>[Called By]<UL><LI><a href="#[6d]">&gt;&gt;</a>&nbsp;&nbsp;&nbsp;arm_atan2_q31
</UL>

<P><STRONG><a name="[67]"></a>arm_vlog_q31</STRONG> (Thumb, 28 bytes, Stack size 24 bytes, fastmathfunctions.o(.text), UNUSED)
<BR><BR>[Calls]<UL><LI><a href="#[65]">&gt;&gt;</a>&nbsp;&nbsp;&nbsp;arm_scalar_log_q31
</UL>

<P><STRONG><a name="[69]"></a>arm_vlog_q15</STRONG> (Thumb, 36 bytes, Stack size 24 bytes, fastmathfunctions.o(.text), UNUSED)
<BR><BR>[Calls]<UL><LI><a href="#[68]">&gt;&gt;</a>&nbsp;&nbsp;&nbsp;arm_scalar_log_q15
</UL>

<P><STRONG><a name="[6a]"></a>arm_atan2_f32</STRONG> (Thumb, 780 bytes, Stack size 64 bytes, fastmathfunctions.o(.text), UNUSED)
<BR><BR>[Calls]<UL><LI><a href="#[47]">&gt;&gt;</a>&nbsp;&nbsp;&nbsp;__aeabi_cfrcmple
<LI><a href="#[33]">&gt;&gt;</a>&nbsp;&nbsp;&nbsp;__aeabi_fmul
<LI><a href="#[48]">&gt;&gt;</a>&nbsp;&nbsp;&nbsp;__aeabi_cfcmple
<LI><a href="#[6c]">&gt;&gt;</a>&nbsp;&nbsp;&nbsp;__aeabi_cfcmpeq
<LI><a href="#[6b]">&gt;&gt;</a>&nbsp;&nbsp;&nbsp;__aeabi_fdiv
<LI><a href="#[43]">&gt;&gt;</a>&nbsp;&nbsp;&nbsp;__aeabi_fsub
<LI><a href="#[4c]">&gt;&gt;</a>&nbsp;&nbsp;&nbsp;__aeabi_frsub
<LI><a href="#[2f]">&gt;&gt;</a>&nbsp;&nbsp;&nbsp;__aeabi_fadd
</UL>

<P><STRONG><a name="[6d]"></a>arm_atan2_q31</STRONG> (Thumb, 1362 bytes, Stack size 96 bytes, fastmathfunctions.o(.text), UNUSED)
<BR><BR>[Calls]<UL><LI><a href="#[40]">&gt;&gt;</a>&nbsp;&nbsp;&nbsp;arm_shift_q31
<LI><a href="#[6e]">&gt;&gt;</a>&nbsp;&nbsp;&nbsp;arm_negate_q31
<LI><a href="#[61]">&gt;&gt;</a>&nbsp;&nbsp;&nbsp;arm_divide_q31
<LI><a href="#[50]">&gt;&gt;</a>&nbsp;&nbsp;&nbsp;__aeabi_lmul
</UL>

<P><STRONG><a name="[6f]"></a>arm_atan2_q15</STRONG> (Thumb, 1348 bytes, Stack size 64 bytes, fastmathfunctions.o(.text), UNUSED)
<BR><BR>[Calls]<UL><LI><a href="#[71]">&gt;&gt;</a>&nbsp;&nbsp;&nbsp;arm_shift_q15
<LI><a href="#[70]">&gt;&gt;</a>&nbsp;&nbsp;&nbsp;arm_negate_q15
<LI><a href="#[5e]">&gt;&gt;</a>&nbsp;&nbsp;&nbsp;arm_divide_q15
</UL>

<P><STRONG><a name="[72]"></a>arm_mat_add_f32</STRONG> (Thumb, 76 bytes, Stack size 40 bytes, matrixfunctions.o(.text), UNUSED)
<BR><BR>[Calls]<UL><LI><a href="#[2f]">&gt;&gt;</a>&nbsp;&nbsp;&nbsp;__aeabi_fadd
</UL>

<P><STRONG><a name="[145]"></a>arm_mat_add_q15</STRONG> (Thumb, 126 bytes, Stack size 52 bytes, matrixfunctions.o(.text), UNUSED)

<P><STRONG><a name="[146]"></a>arm_mat_add_q31</STRONG> (Thumb, 100 bytes, Stack size 52 bytes, matrixfunctions.o(.text), UNUSED)

<P><STRONG><a name="[73]"></a>arm_mat_cmplx_mult_f32</STRONG> (Thumb, 272 bytes, Stack size 112 bytes, matrixfunctions.o(.text), UNUSED)
<BR><BR>[Calls]<UL><LI><a href="#[33]">&gt;&gt;</a>&nbsp;&nbsp;&nbsp;__aeabi_fmul
<LI><a href="#[4c]">&gt;&gt;</a>&nbsp;&nbsp;&nbsp;__aeabi_frsub
<LI><a href="#[2f]">&gt;&gt;</a>&nbsp;&nbsp;&nbsp;__aeabi_fadd
</UL>

<P><STRONG><a name="[147]"></a>arm_mat_cmplx_mult_q15</STRONG> (Thumb, 716 bytes, Stack size 112 bytes, matrixfunctions.o(.text), UNUSED)

<P><STRONG><a name="[74]"></a>arm_mat_cmplx_mult_q31</STRONG> (Thumb, 346 bytes, Stack size 104 bytes, matrixfunctions.o(.text), UNUSED)
<BR><BR>[Calls]<UL><LI><a href="#[37]">&gt;&gt;</a>&nbsp;&nbsp;&nbsp;__ARM_common_ll_mulss
</UL>

<P><STRONG><a name="[148]"></a>arm_mat_init_f32</STRONG> (Thumb, 8 bytes, Stack size 0 bytes, matrixfunctions.o(.text), UNUSED)

<P><STRONG><a name="[149]"></a>arm_mat_init_q15</STRONG> (Thumb, 8 bytes, Stack size 0 bytes, matrixfunctions.o(.text), UNUSED)

<P><STRONG><a name="[14a]"></a>arm_mat_init_q31</STRONG> (Thumb, 8 bytes, Stack size 0 bytes, matrixfunctions.o(.text), UNUSED)

<P><STRONG><a name="[75]"></a>arm_mat_inverse_f32</STRONG> (Thumb, 624 bytes, Stack size 104 bytes, matrixfunctions.o(.text), UNUSED)
<BR><BR>[Calls]<UL><LI><a href="#[33]">&gt;&gt;</a>&nbsp;&nbsp;&nbsp;__aeabi_fmul
<LI><a href="#[6c]">&gt;&gt;</a>&nbsp;&nbsp;&nbsp;__aeabi_cfcmpeq
<LI><a href="#[6b]">&gt;&gt;</a>&nbsp;&nbsp;&nbsp;__aeabi_fdiv
<LI><a href="#[4c]">&gt;&gt;</a>&nbsp;&nbsp;&nbsp;__aeabi_frsub
</UL>

<P><STRONG><a name="[76]"></a>arm_mat_inverse_f64</STRONG> (Thumb, 788 bytes, Stack size 120 bytes, matrixfunctions.o(.text), UNUSED)
<BR><BR>[Calls]<UL><LI><a href="#[35]">&gt;&gt;</a>&nbsp;&nbsp;&nbsp;__aeabi_dmul
<LI><a href="#[77]">&gt;&gt;</a>&nbsp;&nbsp;&nbsp;__aeabi_cdcmpeq
<LI><a href="#[78]">&gt;&gt;</a>&nbsp;&nbsp;&nbsp;__aeabi_ddiv
<LI><a href="#[45]">&gt;&gt;</a>&nbsp;&nbsp;&nbsp;__aeabi_dsub
</UL>

<P><STRONG><a name="[79]"></a>arm_mat_mult_f64</STRONG> (Thumb, 276 bytes, Stack size 128 bytes, matrixfunctions.o(.text), UNUSED)
<BR><BR>[Calls]<UL><LI><a href="#[35]">&gt;&gt;</a>&nbsp;&nbsp;&nbsp;__aeabi_dmul
<LI><a href="#[31]">&gt;&gt;</a>&nbsp;&nbsp;&nbsp;__aeabi_dadd
</UL>

<P><STRONG><a name="[28]"></a>arm_mat_mult_f32</STRONG> (Thumb, 190 bytes, Stack size 88 bytes, matrixfunctions.o(.text))
<BR><BR>[Stack]<UL><LI>Max Depth = 104<LI>Call Chain = arm_mat_mult_f32 &rArr; __aeabi_fmul
</UL>
<BR>[Calls]<UL><LI><a href="#[33]">&gt;&gt;</a>&nbsp;&nbsp;&nbsp;__aeabi_fmul
<LI><a href="#[2f]">&gt;&gt;</a>&nbsp;&nbsp;&nbsp;__aeabi_fadd
</UL>
<BR>[Called By]<UL><LI><a href="#[22]">&gt;&gt;</a>&nbsp;&nbsp;&nbsp;main
</UL>

<P><STRONG><a name="[14b]"></a>arm_mat_mult_fast_q15</STRONG> (Thumb, 424 bytes, Stack size 92 bytes, matrixfunctions.o(.text), UNUSED)

<P><STRONG><a name="[7a]"></a>arm_mat_mult_fast_q31</STRONG> (Thumb, 662 bytes, Stack size 112 bytes, matrixfunctions.o(.text), UNUSED)
<BR><BR>[Calls]<UL><LI><a href="#[37]">&gt;&gt;</a>&nbsp;&nbsp;&nbsp;__ARM_common_ll_mulss
</UL>

<P><STRONG><a name="[14c]"></a>arm_mat_mult_q7</STRONG> (Thumb, 246 bytes, Stack size 96 bytes, matrixfunctions.o(.text), UNUSED)

<P><STRONG><a name="[14d]"></a>arm_mat_mult_q15</STRONG> (Thumb, 268 bytes, Stack size 100 bytes, matrixfunctions.o(.text), UNUSED)

<P><STRONG><a name="[7b]"></a>arm_mat_mult_q31</STRONG> (Thumb, 210 bytes, Stack size 88 bytes, matrixfunctions.o(.text), UNUSED)
<BR><BR>[Calls]<UL><LI><a href="#[37]">&gt;&gt;</a>&nbsp;&nbsp;&nbsp;__ARM_common_ll_mulss
</UL>

<P><STRONG><a name="[7c]"></a>arm_mat_mult_opt_q31</STRONG> (Thumb, 210 bytes, Stack size 96 bytes, matrixfunctions.o(.text), UNUSED)
<BR><BR>[Calls]<UL><LI><a href="#[37]">&gt;&gt;</a>&nbsp;&nbsp;&nbsp;__ARM_common_ll_mulss
</UL>

<P><STRONG><a name="[7d]"></a>arm_mat_scale_f32</STRONG> (Thumb, 56 bytes, Stack size 48 bytes, matrixfunctions.o(.text), UNUSED)
<BR><BR>[Calls]<UL><LI><a href="#[33]">&gt;&gt;</a>&nbsp;&nbsp;&nbsp;__aeabi_fmul
</UL>

<P><STRONG><a name="[14e]"></a>arm_mat_scale_q15</STRONG> (Thumb, 130 bytes, Stack size 56 bytes, matrixfunctions.o(.text), UNUSED)

<P><STRONG><a name="[7e]"></a>arm_mat_scale_q31</STRONG> (Thumb, 94 bytes, Stack size 56 bytes, matrixfunctions.o(.text), UNUSED)
<BR><BR>[Calls]<UL><LI><a href="#[37]">&gt;&gt;</a>&nbsp;&nbsp;&nbsp;__ARM_common_ll_mulss
</UL>

<P><STRONG><a name="[7f]"></a>arm_mat_sub_f64</STRONG> (Thumb, 112 bytes, Stack size 72 bytes, matrixfunctions.o(.text), UNUSED)
<BR><BR>[Calls]<UL><LI><a href="#[66]">&gt;&gt;</a>&nbsp;&nbsp;&nbsp;__ARM_common_ll_muluu
<LI><a href="#[45]">&gt;&gt;</a>&nbsp;&nbsp;&nbsp;__aeabi_dsub
</UL>

<P><STRONG><a name="[80]"></a>arm_mat_sub_f32</STRONG> (Thumb, 76 bytes, Stack size 40 bytes, matrixfunctions.o(.text), UNUSED)
<BR><BR>[Calls]<UL><LI><a href="#[43]">&gt;&gt;</a>&nbsp;&nbsp;&nbsp;__aeabi_fsub
</UL>

<P><STRONG><a name="[14f]"></a>arm_mat_sub_q15</STRONG> (Thumb, 126 bytes, Stack size 52 bytes, matrixfunctions.o(.text), UNUSED)

<P><STRONG><a name="[150]"></a>arm_mat_sub_q31</STRONG> (Thumb, 100 bytes, Stack size 52 bytes, matrixfunctions.o(.text), UNUSED)

<P><STRONG><a name="[151]"></a>arm_mat_trans_f32</STRONG> (Thumb, 76 bytes, Stack size 44 bytes, matrixfunctions.o(.text), UNUSED)

<P><STRONG><a name="[152]"></a>arm_mat_trans_f64</STRONG> (Thumb, 138 bytes, Stack size 68 bytes, matrixfunctions.o(.text), UNUSED)

<P><STRONG><a name="[153]"></a>arm_mat_trans_q7</STRONG> (Thumb, 78 bytes, Stack size 36 bytes, matrixfunctions.o(.text), UNUSED)

<P><STRONG><a name="[154]"></a>arm_mat_trans_q15</STRONG> (Thumb, 76 bytes, Stack size 36 bytes, matrixfunctions.o(.text), UNUSED)

<P><STRONG><a name="[155]"></a>arm_mat_trans_q31</STRONG> (Thumb, 76 bytes, Stack size 44 bytes, matrixfunctions.o(.text), UNUSED)

<P><STRONG><a name="[81]"></a>arm_mat_vec_mult_f32</STRONG> (Thumb, 430 bytes, Stack size 104 bytes, matrixfunctions.o(.text), UNUSED)
<BR><BR>[Calls]<UL><LI><a href="#[33]">&gt;&gt;</a>&nbsp;&nbsp;&nbsp;__aeabi_fmul
<LI><a href="#[2f]">&gt;&gt;</a>&nbsp;&nbsp;&nbsp;__aeabi_fadd
</UL>

<P><STRONG><a name="[82]"></a>arm_mat_vec_mult_q31</STRONG> (Thumb, 492 bytes, Stack size 112 bytes, matrixfunctions.o(.text), UNUSED)
<BR><BR>[Calls]<UL><LI><a href="#[37]">&gt;&gt;</a>&nbsp;&nbsp;&nbsp;__ARM_common_ll_mulss
</UL>

<P><STRONG><a name="[83]"></a>arm_mat_vec_mult_q15</STRONG> (Thumb, 1276 bytes, Stack size 128 bytes, matrixfunctions.o(.text), UNUSED)
<BR><BR>[Calls]<UL><LI><a href="#[37]">&gt;&gt;</a>&nbsp;&nbsp;&nbsp;__ARM_common_ll_mulss
</UL>

<P><STRONG><a name="[156]"></a>arm_mat_vec_mult_q7</STRONG> (Thumb, 1864 bytes, Stack size 112 bytes, matrixfunctions.o(.text), UNUSED)

<P><STRONG><a name="[157]"></a>arm_mat_cmplx_trans_f32</STRONG> (Thumb, 82 bytes, Stack size 44 bytes, matrixfunctions.o(.text), UNUSED)

<P><STRONG><a name="[158]"></a>arm_mat_cmplx_trans_q31</STRONG> (Thumb, 82 bytes, Stack size 44 bytes, matrixfunctions.o(.text), UNUSED)

<P><STRONG><a name="[159]"></a>arm_mat_cmplx_trans_q15</STRONG> (Thumb, 90 bytes, Stack size 36 bytes, matrixfunctions.o(.text), UNUSED)

<P><STRONG><a name="[84]"></a>arm_mat_cholesky_f64</STRONG> (Thumb, 296 bytes, Stack size 80 bytes, matrixfunctions.o(.text), UNUSED)
<BR><BR>[Calls]<UL><LI><a href="#[86]">&gt;&gt;</a>&nbsp;&nbsp;&nbsp;sqrt
<LI><a href="#[35]">&gt;&gt;</a>&nbsp;&nbsp;&nbsp;__aeabi_dmul
<LI><a href="#[85]">&gt;&gt;</a>&nbsp;&nbsp;&nbsp;__aeabi_cdcmple
<LI><a href="#[78]">&gt;&gt;</a>&nbsp;&nbsp;&nbsp;__aeabi_ddiv
<LI><a href="#[45]">&gt;&gt;</a>&nbsp;&nbsp;&nbsp;__aeabi_dsub
</UL>

<P><STRONG><a name="[87]"></a>arm_mat_cholesky_f32</STRONG> (Thumb, 230 bytes, Stack size 48 bytes, matrixfunctions.o(.text), UNUSED)
<BR><BR>[Calls]<UL><LI><a href="#[88]">&gt;&gt;</a>&nbsp;&nbsp;&nbsp;sqrtf
<LI><a href="#[33]">&gt;&gt;</a>&nbsp;&nbsp;&nbsp;__aeabi_fmul
<LI><a href="#[48]">&gt;&gt;</a>&nbsp;&nbsp;&nbsp;__aeabi_cfcmple
<LI><a href="#[6b]">&gt;&gt;</a>&nbsp;&nbsp;&nbsp;__aeabi_fdiv
<LI><a href="#[4c]">&gt;&gt;</a>&nbsp;&nbsp;&nbsp;__aeabi_frsub
</UL>

<P><STRONG><a name="[89]"></a>arm_mat_solve_upper_triangular_f32</STRONG> (Thumb, 194 bytes, Stack size 72 bytes, matrixfunctions.o(.text), UNUSED)
<BR><BR>[Calls]<UL><LI><a href="#[33]">&gt;&gt;</a>&nbsp;&nbsp;&nbsp;__aeabi_fmul
<LI><a href="#[6c]">&gt;&gt;</a>&nbsp;&nbsp;&nbsp;__aeabi_cfcmpeq
<LI><a href="#[6b]">&gt;&gt;</a>&nbsp;&nbsp;&nbsp;__aeabi_fdiv
<LI><a href="#[4c]">&gt;&gt;</a>&nbsp;&nbsp;&nbsp;__aeabi_frsub
</UL>

<P><STRONG><a name="[8a]"></a>arm_mat_solve_lower_triangular_f32</STRONG> (Thumb, 192 bytes, Stack size 72 bytes, matrixfunctions.o(.text), UNUSED)
<BR><BR>[Calls]<UL><LI><a href="#[33]">&gt;&gt;</a>&nbsp;&nbsp;&nbsp;__aeabi_fmul
<LI><a href="#[6c]">&gt;&gt;</a>&nbsp;&nbsp;&nbsp;__aeabi_cfcmpeq
<LI><a href="#[6b]">&gt;&gt;</a>&nbsp;&nbsp;&nbsp;__aeabi_fdiv
<LI><a href="#[4c]">&gt;&gt;</a>&nbsp;&nbsp;&nbsp;__aeabi_frsub
</UL>

<P><STRONG><a name="[8b]"></a>arm_mat_solve_upper_triangular_f64</STRONG> (Thumb, 240 bytes, Stack size 96 bytes, matrixfunctions.o(.text), UNUSED)
<BR><BR>[Calls]<UL><LI><a href="#[35]">&gt;&gt;</a>&nbsp;&nbsp;&nbsp;__aeabi_dmul
<LI><a href="#[77]">&gt;&gt;</a>&nbsp;&nbsp;&nbsp;__aeabi_cdcmpeq
<LI><a href="#[78]">&gt;&gt;</a>&nbsp;&nbsp;&nbsp;__aeabi_ddiv
<LI><a href="#[8c]">&gt;&gt;</a>&nbsp;&nbsp;&nbsp;__aeabi_drsub
</UL>

<P><STRONG><a name="[8d]"></a>arm_mat_solve_lower_triangular_f64</STRONG> (Thumb, 242 bytes, Stack size 96 bytes, matrixfunctions.o(.text), UNUSED)
<BR><BR>[Calls]<UL><LI><a href="#[35]">&gt;&gt;</a>&nbsp;&nbsp;&nbsp;__aeabi_dmul
<LI><a href="#[77]">&gt;&gt;</a>&nbsp;&nbsp;&nbsp;__aeabi_cdcmpeq
<LI><a href="#[78]">&gt;&gt;</a>&nbsp;&nbsp;&nbsp;__aeabi_ddiv
<LI><a href="#[8c]">&gt;&gt;</a>&nbsp;&nbsp;&nbsp;__aeabi_drsub
</UL>

<P><STRONG><a name="[8e]"></a>arm_mat_ldlt_f32</STRONG> (Thumb, 606 bytes, Stack size 88 bytes, matrixfunctions.o(.text), UNUSED)
<BR><BR>[Calls]<UL><LI><a href="#[47]">&gt;&gt;</a>&nbsp;&nbsp;&nbsp;__aeabi_cfrcmple
<LI><a href="#[33]">&gt;&gt;</a>&nbsp;&nbsp;&nbsp;__aeabi_fmul
<LI><a href="#[48]">&gt;&gt;</a>&nbsp;&nbsp;&nbsp;__aeabi_cfcmple
<LI><a href="#[6b]">&gt;&gt;</a>&nbsp;&nbsp;&nbsp;__aeabi_fdiv
<LI><a href="#[4c]">&gt;&gt;</a>&nbsp;&nbsp;&nbsp;__aeabi_frsub
<LI><a href="#[8f]">&gt;&gt;</a>&nbsp;&nbsp;&nbsp;__aeabi_memclr4
<LI><a href="#[90]">&gt;&gt;</a>&nbsp;&nbsp;&nbsp;__aeabi_memcpy4
</UL>

<P><STRONG><a name="[91]"></a>arm_mat_ldlt_f64</STRONG> (Thumb, 746 bytes, Stack size 112 bytes, matrixfunctions.o(.text), UNUSED)
<BR><BR>[Calls]<UL><LI><a href="#[92]">&gt;&gt;</a>&nbsp;&nbsp;&nbsp;__aeabi_cdrcmple
<LI><a href="#[35]">&gt;&gt;</a>&nbsp;&nbsp;&nbsp;__aeabi_dmul
<LI><a href="#[85]">&gt;&gt;</a>&nbsp;&nbsp;&nbsp;__aeabi_cdcmple
<LI><a href="#[78]">&gt;&gt;</a>&nbsp;&nbsp;&nbsp;__aeabi_ddiv
<LI><a href="#[45]">&gt;&gt;</a>&nbsp;&nbsp;&nbsp;__aeabi_dsub
<LI><a href="#[8f]">&gt;&gt;</a>&nbsp;&nbsp;&nbsp;__aeabi_memclr4
<LI><a href="#[90]">&gt;&gt;</a>&nbsp;&nbsp;&nbsp;__aeabi_memcpy4
</UL>

<P><STRONG><a name="[93]"></a>arm_entropy_f32</STRONG> (Thumb, 68 bytes, Stack size 40 bytes, statisticsfunctions.o(.text), UNUSED)
<BR><BR>[Calls]<UL><LI><a href="#[5b]">&gt;&gt;</a>&nbsp;&nbsp;&nbsp;logf
<LI><a href="#[33]">&gt;&gt;</a>&nbsp;&nbsp;&nbsp;__aeabi_fmul
<LI><a href="#[2f]">&gt;&gt;</a>&nbsp;&nbsp;&nbsp;__aeabi_fadd
</UL>

<P><STRONG><a name="[94]"></a>arm_entropy_f64</STRONG> (Thumb, 90 bytes, Stack size 56 bytes, statisticsfunctions.o(.text), UNUSED)
<BR><BR>[Calls]<UL><LI><a href="#[5d]">&gt;&gt;</a>&nbsp;&nbsp;&nbsp;log
<LI><a href="#[35]">&gt;&gt;</a>&nbsp;&nbsp;&nbsp;__aeabi_dmul
<LI><a href="#[31]">&gt;&gt;</a>&nbsp;&nbsp;&nbsp;__aeabi_dadd
</UL>

<P><STRONG><a name="[95]"></a>arm_kullback_leibler_f32</STRONG> (Thumb, 94 bytes, Stack size 56 bytes, statisticsfunctions.o(.text), UNUSED)
<BR><BR>[Calls]<UL><LI><a href="#[5b]">&gt;&gt;</a>&nbsp;&nbsp;&nbsp;logf
<LI><a href="#[33]">&gt;&gt;</a>&nbsp;&nbsp;&nbsp;__aeabi_fmul
<LI><a href="#[6b]">&gt;&gt;</a>&nbsp;&nbsp;&nbsp;__aeabi_fdiv
<LI><a href="#[2f]">&gt;&gt;</a>&nbsp;&nbsp;&nbsp;__aeabi_fadd
</UL>

<P><STRONG><a name="[96]"></a>arm_kullback_leibler_f64</STRONG> (Thumb, 120 bytes, Stack size 80 bytes, statisticsfunctions.o(.text), UNUSED)
<BR><BR>[Calls]<UL><LI><a href="#[5d]">&gt;&gt;</a>&nbsp;&nbsp;&nbsp;log
<LI><a href="#[35]">&gt;&gt;</a>&nbsp;&nbsp;&nbsp;__aeabi_dmul
<LI><a href="#[78]">&gt;&gt;</a>&nbsp;&nbsp;&nbsp;__aeabi_ddiv
<LI><a href="#[31]">&gt;&gt;</a>&nbsp;&nbsp;&nbsp;__aeabi_dadd
</UL>

<P><STRONG><a name="[97]"></a>arm_logsumexp_f32</STRONG> (Thumb, 110 bytes, Stack size 40 bytes, statisticsfunctions.o(.text), UNUSED)
<BR><BR>[Calls]<UL><LI><a href="#[5b]">&gt;&gt;</a>&nbsp;&nbsp;&nbsp;logf
<LI><a href="#[57]">&gt;&gt;</a>&nbsp;&nbsp;&nbsp;expf
<LI><a href="#[47]">&gt;&gt;</a>&nbsp;&nbsp;&nbsp;__aeabi_cfrcmple
<LI><a href="#[43]">&gt;&gt;</a>&nbsp;&nbsp;&nbsp;__aeabi_fsub
<LI><a href="#[2f]">&gt;&gt;</a>&nbsp;&nbsp;&nbsp;__aeabi_fadd
</UL>
<BR>[Called By]<UL><LI><a href="#[98]">&gt;&gt;</a>&nbsp;&nbsp;&nbsp;arm_logsumexp_dot_prod_f32
</UL>

<P><STRONG><a name="[98]"></a>arm_logsumexp_dot_prod_f32</STRONG> (Thumb, 36 bytes, Stack size 24 bytes, statisticsfunctions.o(.text), UNUSED)
<BR><BR>[Calls]<UL><LI><a href="#[2e]">&gt;&gt;</a>&nbsp;&nbsp;&nbsp;arm_add_f32
<LI><a href="#[97]">&gt;&gt;</a>&nbsp;&nbsp;&nbsp;arm_logsumexp_f32
</UL>

<P><STRONG><a name="[29]"></a>arm_max_f32</STRONG> (Thumb, 60 bytes, Stack size 48 bytes, statisticsfunctions.o(.text))
<BR><BR>[Stack]<UL><LI>Max Depth = 56<LI>Call Chain = arm_max_f32 &rArr; __aeabi_cfcmple
</UL>
<BR>[Calls]<UL><LI><a href="#[48]">&gt;&gt;</a>&nbsp;&nbsp;&nbsp;__aeabi_cfcmple
</UL>
<BR>[Called By]<UL><LI><a href="#[22]">&gt;&gt;</a>&nbsp;&nbsp;&nbsp;main
</UL>

<P><STRONG><a name="[99]"></a>arm_max_f64</STRONG> (Thumb, 88 bytes, Stack size 48 bytes, statisticsfunctions.o(.text), UNUSED)
<BR><BR>[Calls]<UL><LI><a href="#[85]">&gt;&gt;</a>&nbsp;&nbsp;&nbsp;__aeabi_cdcmple
</UL>

<P><STRONG><a name="[15a]"></a>arm_max_q15</STRONG> (Thumb, 46 bytes, Stack size 24 bytes, statisticsfunctions.o(.text), UNUSED)

<P><STRONG><a name="[15b]"></a>arm_max_q31</STRONG> (Thumb, 40 bytes, Stack size 24 bytes, statisticsfunctions.o(.text), UNUSED)

<P><STRONG><a name="[15c]"></a>arm_max_q7</STRONG> (Thumb, 46 bytes, Stack size 24 bytes, statisticsfunctions.o(.text), UNUSED)

<P><STRONG><a name="[9a]"></a>arm_max_no_idx_f32</STRONG> (Thumb, 40 bytes, Stack size 24 bytes, statisticsfunctions.o(.text), UNUSED)
<BR><BR>[Calls]<UL><LI><a href="#[48]">&gt;&gt;</a>&nbsp;&nbsp;&nbsp;__aeabi_cfcmple
</UL>

<P><STRONG><a name="[9b]"></a>arm_max_no_idx_f64</STRONG> (Thumb, 56 bytes, Stack size 32 bytes, statisticsfunctions.o(.text), UNUSED)
<BR><BR>[Calls]<UL><LI><a href="#[85]">&gt;&gt;</a>&nbsp;&nbsp;&nbsp;__aeabi_cdcmple
</UL>

<P><STRONG><a name="[15d]"></a>arm_max_no_idx_q31</STRONG> (Thumb, 28 bytes, Stack size 16 bytes, statisticsfunctions.o(.text), UNUSED)

<P><STRONG><a name="[15e]"></a>arm_max_no_idx_q15</STRONG> (Thumb, 36 bytes, Stack size 16 bytes, statisticsfunctions.o(.text), UNUSED)

<P><STRONG><a name="[15f]"></a>arm_max_no_idx_q7</STRONG> (Thumb, 36 bytes, Stack size 16 bytes, statisticsfunctions.o(.text), UNUSED)

<P><STRONG><a name="[2b]"></a>arm_mean_f32</STRONG> (Thumb, 52 bytes, Stack size 32 bytes, statisticsfunctions.o(.text))
<BR><BR>[Stack]<UL><LI>Max Depth = 52<LI>Call Chain = arm_mean_f32 &rArr; __aeabi_fdiv
</UL>
<BR>[Calls]<UL><LI><a href="#[4e]">&gt;&gt;</a>&nbsp;&nbsp;&nbsp;__aeabi_ui2f
<LI><a href="#[6b]">&gt;&gt;</a>&nbsp;&nbsp;&nbsp;__aeabi_fdiv
<LI><a href="#[2f]">&gt;&gt;</a>&nbsp;&nbsp;&nbsp;__aeabi_fadd
</UL>
<BR>[Called By]<UL><LI><a href="#[22]">&gt;&gt;</a>&nbsp;&nbsp;&nbsp;main
</UL>

<P><STRONG><a name="[9c]"></a>arm_mean_f64</STRONG> (Thumb, 82 bytes, Stack size 48 bytes, statisticsfunctions.o(.text), UNUSED)
<BR><BR>[Calls]<UL><LI><a href="#[9d]">&gt;&gt;</a>&nbsp;&nbsp;&nbsp;__aeabi_ui2d
<LI><a href="#[78]">&gt;&gt;</a>&nbsp;&nbsp;&nbsp;__aeabi_ddiv
<LI><a href="#[31]">&gt;&gt;</a>&nbsp;&nbsp;&nbsp;__aeabi_dadd
</UL>

<P><STRONG><a name="[9e]"></a>arm_mean_q15</STRONG> (Thumb, 48 bytes, Stack size 24 bytes, statisticsfunctions.o(.text), UNUSED)
<BR><BR>[Calls]<UL><LI><a href="#[60]">&gt;&gt;</a>&nbsp;&nbsp;&nbsp;__aeabi_idivmod
</UL>

<P><STRONG><a name="[9f]"></a>arm_mean_q31</STRONG> (Thumb, 58 bytes, Stack size 40 bytes, statisticsfunctions.o(.text), UNUSED)
<BR><BR>[Calls]<UL><LI><a href="#[63]">&gt;&gt;</a>&nbsp;&nbsp;&nbsp;__aeabi_ldivmod
</UL>

<P><STRONG><a name="[a0]"></a>arm_mean_q7</STRONG> (Thumb, 48 bytes, Stack size 24 bytes, statisticsfunctions.o(.text), UNUSED)
<BR><BR>[Calls]<UL><LI><a href="#[60]">&gt;&gt;</a>&nbsp;&nbsp;&nbsp;__aeabi_idivmod
</UL>

<P><STRONG><a name="[2a]"></a>arm_min_f32</STRONG> (Thumb, 60 bytes, Stack size 48 bytes, statisticsfunctions.o(.text))
<BR><BR>[Stack]<UL><LI>Max Depth = 56<LI>Call Chain = arm_min_f32 &rArr; __aeabi_cfrcmple
</UL>
<BR>[Calls]<UL><LI><a href="#[47]">&gt;&gt;</a>&nbsp;&nbsp;&nbsp;__aeabi_cfrcmple
</UL>
<BR>[Called By]<UL><LI><a href="#[22]">&gt;&gt;</a>&nbsp;&nbsp;&nbsp;main
</UL>

<P><STRONG><a name="[a1]"></a>arm_min_f64</STRONG> (Thumb, 88 bytes, Stack size 48 bytes, statisticsfunctions.o(.text), UNUSED)
<BR><BR>[Calls]<UL><LI><a href="#[92]">&gt;&gt;</a>&nbsp;&nbsp;&nbsp;__aeabi_cdrcmple
</UL>

<P><STRONG><a name="[160]"></a>arm_min_q15</STRONG> (Thumb, 46 bytes, Stack size 24 bytes, statisticsfunctions.o(.text), UNUSED)

<P><STRONG><a name="[161]"></a>arm_min_q31</STRONG> (Thumb, 40 bytes, Stack size 24 bytes, statisticsfunctions.o(.text), UNUSED)

<P><STRONG><a name="[162]"></a>arm_min_q7</STRONG> (Thumb, 46 bytes, Stack size 24 bytes, statisticsfunctions.o(.text), UNUSED)

<P><STRONG><a name="[a2]"></a>arm_min_no_idx_f32</STRONG> (Thumb, 40 bytes, Stack size 24 bytes, statisticsfunctions.o(.text), UNUSED)
<BR><BR>[Calls]<UL><LI><a href="#[47]">&gt;&gt;</a>&nbsp;&nbsp;&nbsp;__aeabi_cfrcmple
</UL>

<P><STRONG><a name="[a3]"></a>arm_min_no_idx_f64</STRONG> (Thumb, 56 bytes, Stack size 32 bytes, statisticsfunctions.o(.text), UNUSED)
<BR><BR>[Calls]<UL><LI><a href="#[92]">&gt;&gt;</a>&nbsp;&nbsp;&nbsp;__aeabi_cdrcmple
</UL>

<P><STRONG><a name="[163]"></a>arm_min_no_idx_q31</STRONG> (Thumb, 28 bytes, Stack size 16 bytes, statisticsfunctions.o(.text), UNUSED)

<P><STRONG><a name="[164]"></a>arm_min_no_idx_q15</STRONG> (Thumb, 36 bytes, Stack size 16 bytes, statisticsfunctions.o(.text), UNUSED)

<P><STRONG><a name="[165]"></a>arm_min_no_idx_q7</STRONG> (Thumb, 36 bytes, Stack size 16 bytes, statisticsfunctions.o(.text), UNUSED)

<P><STRONG><a name="[a4]"></a>arm_power_f32</STRONG> (Thumb, 70 bytes, Stack size 40 bytes, statisticsfunctions.o(.text), UNUSED)
<BR><BR>[Calls]<UL><LI><a href="#[33]">&gt;&gt;</a>&nbsp;&nbsp;&nbsp;__aeabi_fmul
<LI><a href="#[2f]">&gt;&gt;</a>&nbsp;&nbsp;&nbsp;__aeabi_fadd
</UL>

<P><STRONG><a name="[a5]"></a>arm_power_f64</STRONG> (Thumb, 74 bytes, Stack size 48 bytes, statisticsfunctions.o(.text), UNUSED)
<BR><BR>[Calls]<UL><LI><a href="#[35]">&gt;&gt;</a>&nbsp;&nbsp;&nbsp;__aeabi_dmul
<LI><a href="#[31]">&gt;&gt;</a>&nbsp;&nbsp;&nbsp;__aeabi_dadd
</UL>

<P><STRONG><a name="[166]"></a>arm_power_q15</STRONG> (Thumb, 44 bytes, Stack size 36 bytes, statisticsfunctions.o(.text), UNUSED)

<P><STRONG><a name="[a6]"></a>arm_power_q31</STRONG> (Thumb, 60 bytes, Stack size 40 bytes, statisticsfunctions.o(.text), UNUSED)
<BR><BR>[Calls]<UL><LI><a href="#[37]">&gt;&gt;</a>&nbsp;&nbsp;&nbsp;__ARM_common_ll_mulss
</UL>

<P><STRONG><a name="[167]"></a>arm_power_q7</STRONG> (Thumb, 30 bytes, Stack size 16 bytes, statisticsfunctions.o(.text), UNUSED)

<P><STRONG><a name="[a7]"></a>arm_rms_f32</STRONG> (Thumb, 98 bytes, Stack size 40 bytes, statisticsfunctions.o(.text), UNUSED)
<BR><BR>[Calls]<UL><LI><a href="#[88]">&gt;&gt;</a>&nbsp;&nbsp;&nbsp;sqrtf
<LI><a href="#[47]">&gt;&gt;</a>&nbsp;&nbsp;&nbsp;__aeabi_cfrcmple
<LI><a href="#[33]">&gt;&gt;</a>&nbsp;&nbsp;&nbsp;__aeabi_fmul
<LI><a href="#[4e]">&gt;&gt;</a>&nbsp;&nbsp;&nbsp;__aeabi_ui2f
<LI><a href="#[6b]">&gt;&gt;</a>&nbsp;&nbsp;&nbsp;__aeabi_fdiv
<LI><a href="#[2f]">&gt;&gt;</a>&nbsp;&nbsp;&nbsp;__aeabi_fadd
</UL>

<P><STRONG><a name="[a8]"></a>arm_rms_q15</STRONG> (Thumb, 132 bytes, Stack size 56 bytes, statisticsfunctions.o(.text), UNUSED)
<BR><BR>[Calls]<UL><LI><a href="#[55]">&gt;&gt;</a>&nbsp;&nbsp;&nbsp;arm_sqrt_q15
<LI><a href="#[63]">&gt;&gt;</a>&nbsp;&nbsp;&nbsp;__aeabi_ldivmod
</UL>

<P><STRONG><a name="[a9]"></a>arm_rms_q31</STRONG> (Thumb, 102 bytes, Stack size 56 bytes, statisticsfunctions.o(.text), UNUSED)
<BR><BR>[Calls]<UL><LI><a href="#[37]">&gt;&gt;</a>&nbsp;&nbsp;&nbsp;__ARM_common_ll_mulss
<LI><a href="#[53]">&gt;&gt;</a>&nbsp;&nbsp;&nbsp;arm_sqrt_q31
<LI><a href="#[aa]">&gt;&gt;</a>&nbsp;&nbsp;&nbsp;__aeabi_uldivmod
</UL>

<P><STRONG><a name="[2d]"></a>arm_var_f32</STRONG> (Thumb, 142 bytes, Stack size 56 bytes, statisticsfunctions.o(.text))
<BR><BR>[Stack]<UL><LI>Max Depth = 76<LI>Call Chain = arm_var_f32 &rArr; __aeabi_fdiv
</UL>
<BR>[Calls]<UL><LI><a href="#[33]">&gt;&gt;</a>&nbsp;&nbsp;&nbsp;__aeabi_fmul
<LI><a href="#[4e]">&gt;&gt;</a>&nbsp;&nbsp;&nbsp;__aeabi_ui2f
<LI><a href="#[6b]">&gt;&gt;</a>&nbsp;&nbsp;&nbsp;__aeabi_fdiv
<LI><a href="#[43]">&gt;&gt;</a>&nbsp;&nbsp;&nbsp;__aeabi_fsub
<LI><a href="#[2f]">&gt;&gt;</a>&nbsp;&nbsp;&nbsp;__aeabi_fadd
</UL>
<BR>[Called By]<UL><LI><a href="#[2c]">&gt;&gt;</a>&nbsp;&nbsp;&nbsp;arm_std_f32
<LI><a href="#[22]">&gt;&gt;</a>&nbsp;&nbsp;&nbsp;main
</UL>

<P><STRONG><a name="[2c]"></a>arm_std_f32</STRONG> (Thumb, 48 bytes, Stack size 24 bytes, statisticsfunctions.o(.text))
<BR><BR>[Stack]<UL><LI>Max Depth = 100<LI>Call Chain = arm_std_f32 &rArr; arm_var_f32 &rArr; __aeabi_fdiv
</UL>
<BR>[Calls]<UL><LI><a href="#[2d]">&gt;&gt;</a>&nbsp;&nbsp;&nbsp;arm_var_f32
<LI><a href="#[88]">&gt;&gt;</a>&nbsp;&nbsp;&nbsp;sqrtf
<LI><a href="#[47]">&gt;&gt;</a>&nbsp;&nbsp;&nbsp;__aeabi_cfrcmple
</UL>
<BR>[Called By]<UL><LI><a href="#[22]">&gt;&gt;</a>&nbsp;&nbsp;&nbsp;main
</UL>

<P><STRONG><a name="[ab]"></a>arm_var_f64</STRONG> (Thumb, 200 bytes, Stack size 80 bytes, statisticsfunctions.o(.text), UNUSED)
<BR><BR>[Calls]<UL><LI><a href="#[35]">&gt;&gt;</a>&nbsp;&nbsp;&nbsp;__aeabi_dmul
<LI><a href="#[9d]">&gt;&gt;</a>&nbsp;&nbsp;&nbsp;__aeabi_ui2d
<LI><a href="#[78]">&gt;&gt;</a>&nbsp;&nbsp;&nbsp;__aeabi_ddiv
<LI><a href="#[45]">&gt;&gt;</a>&nbsp;&nbsp;&nbsp;__aeabi_dsub
<LI><a href="#[31]">&gt;&gt;</a>&nbsp;&nbsp;&nbsp;__aeabi_dadd
</UL>
<BR>[Called By]<UL><LI><a href="#[ac]">&gt;&gt;</a>&nbsp;&nbsp;&nbsp;arm_std_f64
</UL>

<P><STRONG><a name="[ac]"></a>arm_std_f64</STRONG> (Thumb, 32 bytes, Stack size 24 bytes, statisticsfunctions.o(.text), UNUSED)
<BR><BR>[Calls]<UL><LI><a href="#[86]">&gt;&gt;</a>&nbsp;&nbsp;&nbsp;sqrt
<LI><a href="#[ab]">&gt;&gt;</a>&nbsp;&nbsp;&nbsp;arm_var_f64
</UL>

<P><STRONG><a name="[ad]"></a>arm_std_q15</STRONG> (Thumb, 200 bytes, Stack size 56 bytes, statisticsfunctions.o(.text), UNUSED)
<BR><BR>[Calls]<UL><LI><a href="#[37]">&gt;&gt;</a>&nbsp;&nbsp;&nbsp;__ARM_common_ll_mulss
<LI><a href="#[55]">&gt;&gt;</a>&nbsp;&nbsp;&nbsp;arm_sqrt_q15
<LI><a href="#[63]">&gt;&gt;</a>&nbsp;&nbsp;&nbsp;__aeabi_ldivmod
</UL>

<P><STRONG><a name="[ae]"></a>arm_std_q31</STRONG> (Thumb, 174 bytes, Stack size 96 bytes, statisticsfunctions.o(.text), UNUSED)
<BR><BR>[Calls]<UL><LI><a href="#[37]">&gt;&gt;</a>&nbsp;&nbsp;&nbsp;__ARM_common_ll_mulss
<LI><a href="#[53]">&gt;&gt;</a>&nbsp;&nbsp;&nbsp;arm_sqrt_q31
<LI><a href="#[63]">&gt;&gt;</a>&nbsp;&nbsp;&nbsp;__aeabi_ldivmod
<LI><a href="#[50]">&gt;&gt;</a>&nbsp;&nbsp;&nbsp;__aeabi_lmul
</UL>

<P><STRONG><a name="[af]"></a>arm_var_q15</STRONG> (Thumb, 136 bytes, Stack size 56 bytes, statisticsfunctions.o(.text), UNUSED)
<BR><BR>[Calls]<UL><LI><a href="#[37]">&gt;&gt;</a>&nbsp;&nbsp;&nbsp;__ARM_common_ll_mulss
<LI><a href="#[63]">&gt;&gt;</a>&nbsp;&nbsp;&nbsp;__aeabi_ldivmod
</UL>

<P><STRONG><a name="[b0]"></a>arm_var_q31</STRONG> (Thumb, 176 bytes, Stack size 96 bytes, statisticsfunctions.o(.text), UNUSED)
<BR><BR>[Calls]<UL><LI><a href="#[37]">&gt;&gt;</a>&nbsp;&nbsp;&nbsp;__ARM_common_ll_mulss
<LI><a href="#[63]">&gt;&gt;</a>&nbsp;&nbsp;&nbsp;__aeabi_ldivmod
<LI><a href="#[50]">&gt;&gt;</a>&nbsp;&nbsp;&nbsp;__aeabi_lmul
</UL>

<P><STRONG><a name="[b1]"></a>arm_absmax_f32</STRONG> (Thumb, 68 bytes, Stack size 48 bytes, statisticsfunctions.o(.text), UNUSED)
<BR><BR>[Calls]<UL><LI><a href="#[48]">&gt;&gt;</a>&nbsp;&nbsp;&nbsp;__aeabi_cfcmple
</UL>

<P><STRONG><a name="[b2]"></a>arm_absmax_f64</STRONG> (Thumb, 96 bytes, Stack size 48 bytes, statisticsfunctions.o(.text), UNUSED)
<BR><BR>[Calls]<UL><LI><a href="#[85]">&gt;&gt;</a>&nbsp;&nbsp;&nbsp;__aeabi_cdcmple
</UL>

<P><STRONG><a name="[168]"></a>arm_absmax_q15</STRONG> (Thumb, 118 bytes, Stack size 40 bytes, statisticsfunctions.o(.text), UNUSED)

<P><STRONG><a name="[169]"></a>arm_absmax_q31</STRONG> (Thumb, 106 bytes, Stack size 40 bytes, statisticsfunctions.o(.text), UNUSED)

<P><STRONG><a name="[16a]"></a>arm_absmax_q7</STRONG> (Thumb, 110 bytes, Stack size 24 bytes, statisticsfunctions.o(.text), UNUSED)

<P><STRONG><a name="[b3]"></a>arm_absmin_f32</STRONG> (Thumb, 68 bytes, Stack size 48 bytes, statisticsfunctions.o(.text), UNUSED)
<BR><BR>[Calls]<UL><LI><a href="#[47]">&gt;&gt;</a>&nbsp;&nbsp;&nbsp;__aeabi_cfrcmple
</UL>

<P><STRONG><a name="[b4]"></a>arm_absmin_f64</STRONG> (Thumb, 96 bytes, Stack size 48 bytes, statisticsfunctions.o(.text), UNUSED)
<BR><BR>[Calls]<UL><LI><a href="#[92]">&gt;&gt;</a>&nbsp;&nbsp;&nbsp;__aeabi_cdrcmple
</UL>

<P><STRONG><a name="[16b]"></a>arm_absmin_q15</STRONG> (Thumb, 118 bytes, Stack size 40 bytes, statisticsfunctions.o(.text), UNUSED)

<P><STRONG><a name="[16c]"></a>arm_absmin_q31</STRONG> (Thumb, 106 bytes, Stack size 40 bytes, statisticsfunctions.o(.text), UNUSED)

<P><STRONG><a name="[16d]"></a>arm_absmin_q7</STRONG> (Thumb, 110 bytes, Stack size 24 bytes, statisticsfunctions.o(.text), UNUSED)

<P><STRONG><a name="[b5]"></a>arm_absmax_no_idx_f32</STRONG> (Thumb, 58 bytes, Stack size 32 bytes, statisticsfunctions.o(.text), UNUSED)
<BR><BR>[Calls]<UL><LI><a href="#[48]">&gt;&gt;</a>&nbsp;&nbsp;&nbsp;__aeabi_cfcmple
</UL>

<P><STRONG><a name="[b6]"></a>arm_absmax_no_idx_f64</STRONG> (Thumb, 78 bytes, Stack size 40 bytes, statisticsfunctions.o(.text), UNUSED)
<BR><BR>[Calls]<UL><LI><a href="#[85]">&gt;&gt;</a>&nbsp;&nbsp;&nbsp;__aeabi_cdcmple
</UL>

<P><STRONG><a name="[16e]"></a>arm_absmax_no_idx_q15</STRONG> (Thumb, 108 bytes, Stack size 20 bytes, statisticsfunctions.o(.text), UNUSED)

<P><STRONG><a name="[16f]"></a>arm_absmax_no_idx_q31</STRONG> (Thumb, 88 bytes, Stack size 20 bytes, statisticsfunctions.o(.text), UNUSED)

<P><STRONG><a name="[170]"></a>arm_absmax_no_idx_q7</STRONG> (Thumb, 102 bytes, Stack size 16 bytes, statisticsfunctions.o(.text), UNUSED)

<P><STRONG><a name="[b7]"></a>arm_absmin_no_idx_f32</STRONG> (Thumb, 58 bytes, Stack size 32 bytes, statisticsfunctions.o(.text), UNUSED)
<BR><BR>[Calls]<UL><LI><a href="#[47]">&gt;&gt;</a>&nbsp;&nbsp;&nbsp;__aeabi_cfrcmple
</UL>

<P><STRONG><a name="[b8]"></a>arm_absmin_no_idx_f64</STRONG> (Thumb, 78 bytes, Stack size 40 bytes, statisticsfunctions.o(.text), UNUSED)
<BR><BR>[Calls]<UL><LI><a href="#[92]">&gt;&gt;</a>&nbsp;&nbsp;&nbsp;__aeabi_cdrcmple
</UL>

<P><STRONG><a name="[171]"></a>arm_absmin_no_idx_q15</STRONG> (Thumb, 102 bytes, Stack size 20 bytes, statisticsfunctions.o(.text), UNUSED)

<P><STRONG><a name="[172]"></a>arm_absmin_no_idx_q31</STRONG> (Thumb, 88 bytes, Stack size 20 bytes, statisticsfunctions.o(.text), UNUSED)

<P><STRONG><a name="[173]"></a>arm_absmin_no_idx_q7</STRONG> (Thumb, 102 bytes, Stack size 16 bytes, statisticsfunctions.o(.text), UNUSED)

<P><STRONG><a name="[b9]"></a>arm_mse_q7</STRONG> (Thumb, 182 bytes, Stack size 56 bytes, statisticsfunctions.o(.text), UNUSED)
<BR><BR>[Calls]<UL><LI><a href="#[ba]">&gt;&gt;</a>&nbsp;&nbsp;&nbsp;__aeabi_uidivmod
</UL>

<P><STRONG><a name="[bb]"></a>arm_mse_q15</STRONG> (Thumb, 198 bytes, Stack size 56 bytes, statisticsfunctions.o(.text), UNUSED)
<BR><BR>[Calls]<UL><LI><a href="#[63]">&gt;&gt;</a>&nbsp;&nbsp;&nbsp;__aeabi_ldivmod
</UL>

<P><STRONG><a name="[bc]"></a>arm_mse_q31</STRONG> (Thumb, 136 bytes, Stack size 48 bytes, statisticsfunctions.o(.text), UNUSED)
<BR><BR>[Calls]<UL><LI><a href="#[37]">&gt;&gt;</a>&nbsp;&nbsp;&nbsp;__ARM_common_ll_mulss
<LI><a href="#[63]">&gt;&gt;</a>&nbsp;&nbsp;&nbsp;__aeabi_ldivmod
</UL>

<P><STRONG><a name="[bd]"></a>arm_mse_f32</STRONG> (Thumb, 90 bytes, Stack size 40 bytes, statisticsfunctions.o(.text), UNUSED)
<BR><BR>[Calls]<UL><LI><a href="#[33]">&gt;&gt;</a>&nbsp;&nbsp;&nbsp;__aeabi_fmul
<LI><a href="#[4e]">&gt;&gt;</a>&nbsp;&nbsp;&nbsp;__aeabi_ui2f
<LI><a href="#[6b]">&gt;&gt;</a>&nbsp;&nbsp;&nbsp;__aeabi_fdiv
<LI><a href="#[43]">&gt;&gt;</a>&nbsp;&nbsp;&nbsp;__aeabi_fsub
<LI><a href="#[2f]">&gt;&gt;</a>&nbsp;&nbsp;&nbsp;__aeabi_fadd
</UL>

<P><STRONG><a name="[be]"></a>arm_mse_f64</STRONG> (Thumb, 122 bytes, Stack size 56 bytes, statisticsfunctions.o(.text), UNUSED)
<BR><BR>[Calls]<UL><LI><a href="#[35]">&gt;&gt;</a>&nbsp;&nbsp;&nbsp;__aeabi_dmul
<LI><a href="#[9d]">&gt;&gt;</a>&nbsp;&nbsp;&nbsp;__aeabi_ui2d
<LI><a href="#[78]">&gt;&gt;</a>&nbsp;&nbsp;&nbsp;__aeabi_ddiv
<LI><a href="#[45]">&gt;&gt;</a>&nbsp;&nbsp;&nbsp;__aeabi_dsub
<LI><a href="#[31]">&gt;&gt;</a>&nbsp;&nbsp;&nbsp;__aeabi_dadd
</UL>

<P><STRONG><a name="[19]"></a>Reset_Handler</STRONG> (Thumb, 8 bytes, Stack size 0 bytes, startup_armcm0.o(.text))

<P><STRONG><a name="[9]"></a>HardFault_Handler</STRONG> (Thumb, 2 bytes, Stack size 0 bytes, startup_armcm0.o(.text))
<BR><BR>[Calls]<UL><LI><a href="#[9]">&gt;&gt;</a>&nbsp;&nbsp;&nbsp;HardFault_Handler
</UL>
<BR>[Called By]<UL><LI><a href="#[9]">&gt;&gt;</a>&nbsp;&nbsp;&nbsp;HardFault_Handler
</UL>
<BR>[Address Reference Count : 1]<UL><LI> startup_armcm0.o(RESET)
</UL>
<P><STRONG><a name="[8]"></a>NMI_Handler</STRONG> (Thumb, 2 bytes, Stack size 0 bytes, startup_armcm0.o(.text))
<BR><BR>[Calls]<UL><LI><a href="#[8]">&gt;&gt;</a>&nbsp;&nbsp;&nbsp;NMI_Handler
</UL>
<BR>[Called By]<UL><LI><a href="#[8]">&gt;&gt;</a>&nbsp;&nbsp;&nbsp;NMI_Handler
</UL>
<BR>[Address Reference Count : 1]<UL><LI> startup_armcm0.o(RESET)
</UL>
<P><STRONG><a name="[a]"></a>SVC_Handler</STRONG> (Thumb, 2 bytes, Stack size 0 bytes, startup_armcm0.o(.text))
<BR><BR>[Calls]<UL><LI><a href="#[a]">&gt;&gt;</a>&nbsp;&nbsp;&nbsp;SVC_Handler
</UL>
<BR>[Called By]<UL><LI><a href="#[a]">&gt;&gt;</a>&nbsp;&nbsp;&nbsp;SVC_Handler
</UL>
<BR>[Address Reference Count : 1]<UL><LI> startup_armcm0.o(RESET)
</UL>
<P><STRONG><a name="[b]"></a>PendSV_Handler</STRONG> (Thumb, 2 bytes, Stack size 0 bytes, startup_armcm0.o(.text))
<BR><BR>[Calls]<UL><LI><a href="#[b]">&gt;&gt;</a>&nbsp;&nbsp;&nbsp;PendSV_Handler
</UL>
<BR>[Called By]<UL><LI><a href="#[b]">&gt;&gt;</a>&nbsp;&nbsp;&nbsp;PendSV_Handler
</UL>
<BR>[Address Reference Count : 1]<UL><LI> startup_armcm0.o(RESET)
</UL>
<P><STRONG><a name="[c]"></a>SysTick_Handler</STRONG> (Thumb, 2 bytes, Stack size 0 bytes, startup_armcm0.o(.text))
<BR><BR>[Calls]<UL><LI><a href="#[c]">&gt;&gt;</a>&nbsp;&nbsp;&nbsp;SysTick_Handler
</UL>
<BR>[Called By]<UL><LI><a href="#[c]">&gt;&gt;</a>&nbsp;&nbsp;&nbsp;SysTick_Handler
</UL>
<BR>[Address Reference Count : 1]<UL><LI> startup_armcm0.o(RESET)
</UL>
<P><STRONG><a name="[d]"></a>Interrupt0_Handler</STRONG> (Thumb, 2 bytes, Stack size 0 bytes, startup_armcm0.o(.text))
<BR><BR>[Calls]<UL><LI><a href="#[d]">&gt;&gt;</a>&nbsp;&nbsp;&nbsp;Interrupt0_Handler
</UL>
<BR>[Called By]<UL><LI><a href="#[d]">&gt;&gt;</a>&nbsp;&nbsp;&nbsp;Interrupt0_Handler
</UL>
<BR>[Address Reference Count : 1]<UL><LI> startup_armcm0.o(RESET)
</UL>
<P><STRONG><a name="[e]"></a>Interrupt1_Handler</STRONG> (Thumb, 2 bytes, Stack size 0 bytes, startup_armcm0.o(.text))
<BR><BR>[Calls]<UL><LI><a href="#[e]">&gt;&gt;</a>&nbsp;&nbsp;&nbsp;Interrupt1_Handler
</UL>
<BR>[Called By]<UL><LI><a href="#[e]">&gt;&gt;</a>&nbsp;&nbsp;&nbsp;Interrupt1_Handler
</UL>
<BR>[Address Reference Count : 1]<UL><LI> startup_armcm0.o(RESET)
</UL>
<P><STRONG><a name="[f]"></a>Interrupt2_Handler</STRONG> (Thumb, 2 bytes, Stack size 0 bytes, startup_armcm0.o(.text))
<BR><BR>[Calls]<UL><LI><a href="#[f]">&gt;&gt;</a>&nbsp;&nbsp;&nbsp;Interrupt2_Handler
</UL>
<BR>[Called By]<UL><LI><a href="#[f]">&gt;&gt;</a>&nbsp;&nbsp;&nbsp;Interrupt2_Handler
</UL>
<BR>[Address Reference Count : 1]<UL><LI> startup_armcm0.o(RESET)
</UL>
<P><STRONG><a name="[10]"></a>Interrupt3_Handler</STRONG> (Thumb, 2 bytes, Stack size 0 bytes, startup_armcm0.o(.text))
<BR><BR>[Calls]<UL><LI><a href="#[10]">&gt;&gt;</a>&nbsp;&nbsp;&nbsp;Interrupt3_Handler
</UL>
<BR>[Called By]<UL><LI><a href="#[10]">&gt;&gt;</a>&nbsp;&nbsp;&nbsp;Interrupt3_Handler
</UL>
<BR>[Address Reference Count : 1]<UL><LI> startup_armcm0.o(RESET)
</UL>
<P><STRONG><a name="[11]"></a>Interrupt4_Handler</STRONG> (Thumb, 2 bytes, Stack size 0 bytes, startup_armcm0.o(.text))
<BR><BR>[Calls]<UL><LI><a href="#[11]">&gt;&gt;</a>&nbsp;&nbsp;&nbsp;Interrupt4_Handler
</UL>
<BR>[Called By]<UL><LI><a href="#[11]">&gt;&gt;</a>&nbsp;&nbsp;&nbsp;Interrupt4_Handler
</UL>
<BR>[Address Reference Count : 1]<UL><LI> startup_armcm0.o(RESET)
</UL>
<P><STRONG><a name="[12]"></a>Interrupt5_Handler</STRONG> (Thumb, 2 bytes, Stack size 0 bytes, startup_armcm0.o(.text))
<BR><BR>[Calls]<UL><LI><a href="#[12]">&gt;&gt;</a>&nbsp;&nbsp;&nbsp;Interrupt5_Handler
</UL>
<BR>[Called By]<UL><LI><a href="#[12]">&gt;&gt;</a>&nbsp;&nbsp;&nbsp;Interrupt5_Handler
</UL>
<BR>[Address Reference Count : 1]<UL><LI> startup_armcm0.o(RESET)
</UL>
<P><STRONG><a name="[13]"></a>Interrupt6_Handler</STRONG> (Thumb, 2 bytes, Stack size 0 bytes, startup_armcm0.o(.text))
<BR><BR>[Calls]<UL><LI><a href="#[13]">&gt;&gt;</a>&nbsp;&nbsp;&nbsp;Interrupt6_Handler
</UL>
<BR>[Called By]<UL><LI><a href="#[13]">&gt;&gt;</a>&nbsp;&nbsp;&nbsp;Interrupt6_Handler
</UL>
<BR>[Address Reference Count : 1]<UL><LI> startup_armcm0.o(RESET)
</UL>
<P><STRONG><a name="[14]"></a>Interrupt7_Handler</STRONG> (Thumb, 2 bytes, Stack size 0 bytes, startup_armcm0.o(.text))
<BR><BR>[Calls]<UL><LI><a href="#[14]">&gt;&gt;</a>&nbsp;&nbsp;&nbsp;Interrupt7_Handler
</UL>
<BR>[Called By]<UL><LI><a href="#[14]">&gt;&gt;</a>&nbsp;&nbsp;&nbsp;Interrupt7_Handler
</UL>
<BR>[Address Reference Count : 1]<UL><LI> startup_armcm0.o(RESET)
</UL>
<P><STRONG><a name="[15]"></a>Interrupt8_Handler</STRONG> (Thumb, 2 bytes, Stack size 0 bytes, startup_armcm0.o(.text))
<BR><BR>[Calls]<UL><LI><a href="#[15]">&gt;&gt;</a>&nbsp;&nbsp;&nbsp;Interrupt8_Handler
</UL>
<BR>[Called By]<UL><LI><a href="#[15]">&gt;&gt;</a>&nbsp;&nbsp;&nbsp;Interrupt8_Handler
</UL>
<BR>[Address Reference Count : 1]<UL><LI> startup_armcm0.o(RESET)
</UL>
<P><STRONG><a name="[16]"></a>Interrupt9_Handler</STRONG> (Thumb, 2 bytes, Stack size 0 bytes, startup_armcm0.o(.text))
<BR><BR>[Calls]<UL><LI><a href="#[16]">&gt;&gt;</a>&nbsp;&nbsp;&nbsp;Interrupt9_Handler
</UL>
<BR>[Called By]<UL><LI><a href="#[16]">&gt;&gt;</a>&nbsp;&nbsp;&nbsp;Interrupt9_Handler
</UL>
<BR>[Address Reference Count : 1]<UL><LI> startup_armcm0.o(RESET)
</UL>
<P><STRONG><a name="[174]"></a>SystemCoreClockUpdate</STRONG> (Thumb, 8 bytes, Stack size 0 bytes, system_armcm0.o(.text), UNUSED)

<P><STRONG><a name="[17]"></a>SystemInit</STRONG> (Thumb, 8 bytes, Stack size 0 bytes, system_armcm0.o(.text))
<BR>[Address Reference Count : 1]<UL><LI> startup_armcm0.o(.text)
</UL>
<P><STRONG><a name="[41]"></a>__aeabi_llsl</STRONG> (Thumb, 32 bytes, Stack size 8 bytes, llshl.o(.text), UNUSED)
<BR><BR>[Called By]<UL><LI><a href="#[40]">&gt;&gt;</a>&nbsp;&nbsp;&nbsp;arm_shift_q31
</UL>

<P><STRONG><a name="[175]"></a>_ll_shift_l</STRONG> (Thumb, 0 bytes, Stack size 8 bytes, llshl.o(.text), UNUSED)

<P><STRONG><a name="[64]"></a>__aeabi_lasr</STRONG> (Thumb, 38 bytes, Stack size 8 bytes, llsshr.o(.text), UNUSED)
<BR><BR>[Called By]<UL><LI><a href="#[61]">&gt;&gt;</a>&nbsp;&nbsp;&nbsp;arm_divide_q31
</UL>

<P><STRONG><a name="[176]"></a>_ll_sshift_r</STRONG> (Thumb, 0 bytes, Stack size 8 bytes, llsshr.o(.text), UNUSED)

<P><STRONG><a name="[50]"></a>__aeabi_lmul</STRONG> (Thumb, 48 bytes, Stack size 12 bytes, llmul.o(.text), UNUSED)
<BR><BR>[Called By]<UL><LI><a href="#[6d]">&gt;&gt;</a>&nbsp;&nbsp;&nbsp;arm_atan2_q31
<LI><a href="#[52]">&gt;&gt;</a>&nbsp;&nbsp;&nbsp;arm_sin_q31
<LI><a href="#[4f]">&gt;&gt;</a>&nbsp;&nbsp;&nbsp;arm_cos_q31
<LI><a href="#[b0]">&gt;&gt;</a>&nbsp;&nbsp;&nbsp;arm_var_q31
<LI><a href="#[ae]">&gt;&gt;</a>&nbsp;&nbsp;&nbsp;arm_std_q31
</UL>

<P><STRONG><a name="[177]"></a>_ll_mul</STRONG> (Thumb, 0 bytes, Stack size 12 bytes, llmul.o(.text), UNUSED)

<P><STRONG><a name="[63]"></a>__aeabi_ldivmod</STRONG> (Thumb, 112 bytes, Stack size 16 bytes, llsdiv.o(.text), UNUSED)
<BR><BR>[Calls]<UL><LI><a href="#[aa]">&gt;&gt;</a>&nbsp;&nbsp;&nbsp;__aeabi_uldivmod
</UL>
<BR>[Called By]<UL><LI><a href="#[61]">&gt;&gt;</a>&nbsp;&nbsp;&nbsp;arm_divide_q31
<LI><a href="#[bc]">&gt;&gt;</a>&nbsp;&nbsp;&nbsp;arm_mse_q31
<LI><a href="#[bb]">&gt;&gt;</a>&nbsp;&nbsp;&nbsp;arm_mse_q15
<LI><a href="#[b0]">&gt;&gt;</a>&nbsp;&nbsp;&nbsp;arm_var_q31
<LI><a href="#[af]">&gt;&gt;</a>&nbsp;&nbsp;&nbsp;arm_var_q15
<LI><a href="#[ae]">&gt;&gt;</a>&nbsp;&nbsp;&nbsp;arm_std_q31
<LI><a href="#[ad]">&gt;&gt;</a>&nbsp;&nbsp;&nbsp;arm_std_q15
<LI><a href="#[a8]">&gt;&gt;</a>&nbsp;&nbsp;&nbsp;arm_rms_q15
<LI><a href="#[9f]">&gt;&gt;</a>&nbsp;&nbsp;&nbsp;arm_mean_q31
</UL>

<P><STRONG><a name="[178]"></a>_ll_sdiv</STRONG> (Thumb, 0 bytes, Stack size 16 bytes, llsdiv.o(.text), UNUSED)

<P><STRONG><a name="[aa]"></a>__aeabi_uldivmod</STRONG> (Thumb, 258 bytes, Stack size 32 bytes, lludiv.o(.text), UNUSED)
<BR><BR>[Called By]<UL><LI><a href="#[63]">&gt;&gt;</a>&nbsp;&nbsp;&nbsp;__aeabi_ldivmod
<LI><a href="#[a9]">&gt;&gt;</a>&nbsp;&nbsp;&nbsp;arm_rms_q31
</UL>

<P><STRONG><a name="[179]"></a>_ll_udiv</STRONG> (Thumb, 0 bytes, Stack size 32 bytes, lludiv.o(.text), UNUSED)

<P><STRONG><a name="[c0]"></a>_memset_w</STRONG> (Thumb, 26 bytes, Stack size 0 bytes, rt_memclr.o(.text), UNUSED)
<BR><BR>[Called By]<UL><LI><a href="#[c2]">&gt;&gt;</a>&nbsp;&nbsp;&nbsp;__rt_memclr_w
<LI><a href="#[bf]">&gt;&gt;</a>&nbsp;&nbsp;&nbsp;_memset
</UL>

<P><STRONG><a name="[bf]"></a>_memset</STRONG> (Thumb, 30 bytes, Stack size 0 bytes, rt_memclr.o(.text), UNUSED)
<BR><BR>[Calls]<UL><LI><a href="#[c0]">&gt;&gt;</a>&nbsp;&nbsp;&nbsp;_memset_w
</UL>
<BR>[Called By]<UL><LI><a href="#[c1]">&gt;&gt;</a>&nbsp;&nbsp;&nbsp;__aeabi_memclr
</UL>

<P><STRONG><a name="[c1]"></a>__aeabi_memclr</STRONG> (Thumb, 4 bytes, Stack size 0 bytes, rt_memclr.o(.text), UNUSED)
<BR><BR>[Calls]<UL><LI><a href="#[bf]">&gt;&gt;</a>&nbsp;&nbsp;&nbsp;_memset
</UL>

<P><STRONG><a name="[17a]"></a>__rt_memclr</STRONG> (Thumb, 0 bytes, Stack size 0 bytes, rt_memclr.o(.text), UNUSED)

<P><STRONG><a name="[8f]"></a>__aeabi_memclr4</STRONG> (Thumb, 0 bytes, Stack size 0 bytes, rt_memclr.o(.text), UNUSED)
<BR><BR>[Called By]<UL><LI><a href="#[91]">&gt;&gt;</a>&nbsp;&nbsp;&nbsp;arm_mat_ldlt_f64
<LI><a href="#[8e]">&gt;&gt;</a>&nbsp;&nbsp;&nbsp;arm_mat_ldlt_f32
</UL>

<P><STRONG><a name="[17b]"></a>__aeabi_memclr8</STRONG> (Thumb, 0 bytes, Stack size 0 bytes, rt_memclr.o(.text), UNUSED)

<P><STRONG><a name="[c2]"></a>__rt_memclr_w</STRONG> (Thumb, 4 bytes, Stack size 0 bytes, rt_memclr.o(.text), UNUSED)
<BR><BR>[Calls]<UL><LI><a href="#[c0]">&gt;&gt;</a>&nbsp;&nbsp;&nbsp;_memset_w
</UL>

<P><STRONG><a name="[17c]"></a>__aeabi_uidiv</STRONG> (Thumb, 0 bytes, Stack size 0 bytes, aeabi_sdiv.o(.text), UNUSED)

<P><STRONG><a name="[ba]"></a>__aeabi_uidivmod</STRONG> (Thumb, 20 bytes, Stack size 0 bytes, aeabi_sdiv.o(.text), UNUSED)
<BR><BR>[Called By]<UL><LI><a href="#[b9]">&gt;&gt;</a>&nbsp;&nbsp;&nbsp;arm_mse_q7
</UL>

<P><STRONG><a name="[17d]"></a>__aeabi_idiv</STRONG> (Thumb, 0 bytes, Stack size 8 bytes, aeabi_sdiv.o(.text), UNUSED)

<P><STRONG><a name="[60]"></a>__aeabi_idivmod</STRONG> (Thumb, 326 bytes, Stack size 8 bytes, aeabi_sdiv.o(.text), UNUSED)
<BR><BR>[Called By]<UL><LI><a href="#[5e]">&gt;&gt;</a>&nbsp;&nbsp;&nbsp;arm_divide_q15
<LI><a href="#[a0]">&gt;&gt;</a>&nbsp;&nbsp;&nbsp;arm_mean_q7
<LI><a href="#[9e]">&gt;&gt;</a>&nbsp;&nbsp;&nbsp;arm_mean_q15
</UL>

<P><STRONG><a name="[17e]"></a>__use_two_region_memory</STRONG> (Thumb, 2 bytes, Stack size 0 bytes, heapauxi.o(.text), UNUSED)

<P><STRONG><a name="[17f]"></a>__rt_heap_escrow$2region</STRONG> (Thumb, 2 bytes, Stack size 0 bytes, heapauxi.o(.text), UNUSED)

<P><STRONG><a name="[180]"></a>__rt_heap_expand$2region</STRONG> (Thumb, 2 bytes, Stack size 0 bytes, heapauxi.o(.text), UNUSED)

<P><STRONG><a name="[31]"></a>__aeabi_dadd</STRONG> (Thumb, 0 bytes, Stack size 8 bytes, daddsub.o(.text), UNUSED)
<BR><BR>[Called By]<UL><LI><a href="#[3c]">&gt;&gt;</a>&nbsp;&nbsp;&nbsp;arm_offset_f64
<LI><a href="#[34]">&gt;&gt;</a>&nbsp;&nbsp;&nbsp;arm_dot_prod_f64
<LI><a href="#[30]">&gt;&gt;</a>&nbsp;&nbsp;&nbsp;arm_add_f64
<LI><a href="#[a5]">&gt;&gt;</a>&nbsp;&nbsp;&nbsp;arm_power_f64
<LI><a href="#[79]">&gt;&gt;</a>&nbsp;&nbsp;&nbsp;arm_mat_mult_f64
<LI><a href="#[da]">&gt;&gt;</a>&nbsp;&nbsp;&nbsp;__kernel_poly
<LI><a href="#[5d]">&gt;&gt;</a>&nbsp;&nbsp;&nbsp;log
<LI><a href="#[59]">&gt;&gt;</a>&nbsp;&nbsp;&nbsp;exp
<LI><a href="#[be]">&gt;&gt;</a>&nbsp;&nbsp;&nbsp;arm_mse_f64
<LI><a href="#[ab]">&gt;&gt;</a>&nbsp;&nbsp;&nbsp;arm_var_f64
<LI><a href="#[9c]">&gt;&gt;</a>&nbsp;&nbsp;&nbsp;arm_mean_f64
<LI><a href="#[96]">&gt;&gt;</a>&nbsp;&nbsp;&nbsp;arm_kullback_leibler_f64
<LI><a href="#[94]">&gt;&gt;</a>&nbsp;&nbsp;&nbsp;arm_entropy_f64
</UL>

<P><STRONG><a name="[c3]"></a>_dadd</STRONG> (Thumb, 26 bytes, Stack size 8 bytes, daddsub.o(.text), UNUSED)
<BR><BR>[Calls]<UL><LI><a href="#[c4]">&gt;&gt;</a>&nbsp;&nbsp;&nbsp;_dsub1
<LI><a href="#[c5]">&gt;&gt;</a>&nbsp;&nbsp;&nbsp;_dadd1
</UL>

<P><STRONG><a name="[45]"></a>__aeabi_dsub</STRONG> (Thumb, 0 bytes, Stack size 8 bytes, daddsub.o(.text), UNUSED)
<BR><BR>[Called By]<UL><LI><a href="#[44]">&gt;&gt;</a>&nbsp;&nbsp;&nbsp;arm_sub_f64
<LI><a href="#[91]">&gt;&gt;</a>&nbsp;&nbsp;&nbsp;arm_mat_ldlt_f64
<LI><a href="#[84]">&gt;&gt;</a>&nbsp;&nbsp;&nbsp;arm_mat_cholesky_f64
<LI><a href="#[7f]">&gt;&gt;</a>&nbsp;&nbsp;&nbsp;arm_mat_sub_f64
<LI><a href="#[76]">&gt;&gt;</a>&nbsp;&nbsp;&nbsp;arm_mat_inverse_f64
<LI><a href="#[5d]">&gt;&gt;</a>&nbsp;&nbsp;&nbsp;log
<LI><a href="#[59]">&gt;&gt;</a>&nbsp;&nbsp;&nbsp;exp
<LI><a href="#[be]">&gt;&gt;</a>&nbsp;&nbsp;&nbsp;arm_mse_f64
<LI><a href="#[ab]">&gt;&gt;</a>&nbsp;&nbsp;&nbsp;arm_var_f64
</UL>

<P><STRONG><a name="[c6]"></a>_dsub</STRONG> (Thumb, 22 bytes, Stack size 8 bytes, daddsub.o(.text), UNUSED)
<BR><BR>[Calls]<UL><LI><a href="#[c4]">&gt;&gt;</a>&nbsp;&nbsp;&nbsp;_dsub1
<LI><a href="#[c5]">&gt;&gt;</a>&nbsp;&nbsp;&nbsp;_dadd1
</UL>

<P><STRONG><a name="[8c]"></a>__aeabi_drsub</STRONG> (Thumb, 0 bytes, Stack size 16 bytes, daddsub.o(.text), UNUSED)
<BR><BR>[Called By]<UL><LI><a href="#[8d]">&gt;&gt;</a>&nbsp;&nbsp;&nbsp;arm_mat_solve_lower_triangular_f64
<LI><a href="#[8b]">&gt;&gt;</a>&nbsp;&nbsp;&nbsp;arm_mat_solve_upper_triangular_f64
<LI><a href="#[5d]">&gt;&gt;</a>&nbsp;&nbsp;&nbsp;log
<LI><a href="#[59]">&gt;&gt;</a>&nbsp;&nbsp;&nbsp;exp
</UL>

<P><STRONG><a name="[c7]"></a>_drsb</STRONG> (Thumb, 28 bytes, Stack size 16 bytes, daddsub.o(.text), UNUSED)
<BR><BR>[Calls]<UL><LI><a href="#[c4]">&gt;&gt;</a>&nbsp;&nbsp;&nbsp;_dsub1
<LI><a href="#[c5]">&gt;&gt;</a>&nbsp;&nbsp;&nbsp;_dadd1
</UL>

<P><STRONG><a name="[78]"></a>__aeabi_ddiv</STRONG> (Thumb, 0 bytes, Stack size 64 bytes, ddiv.o(.text), UNUSED)
<BR><BR>[Called By]<UL><LI><a href="#[91]">&gt;&gt;</a>&nbsp;&nbsp;&nbsp;arm_mat_ldlt_f64
<LI><a href="#[8d]">&gt;&gt;</a>&nbsp;&nbsp;&nbsp;arm_mat_solve_lower_triangular_f64
<LI><a href="#[8b]">&gt;&gt;</a>&nbsp;&nbsp;&nbsp;arm_mat_solve_upper_triangular_f64
<LI><a href="#[84]">&gt;&gt;</a>&nbsp;&nbsp;&nbsp;arm_mat_cholesky_f64
<LI><a href="#[76]">&gt;&gt;</a>&nbsp;&nbsp;&nbsp;arm_mat_inverse_f64
<LI><a href="#[de]">&gt;&gt;</a>&nbsp;&nbsp;&nbsp;__mathlib_dbl_invalid
<LI><a href="#[db]">&gt;&gt;</a>&nbsp;&nbsp;&nbsp;__mathlib_dbl_divzero
<LI><a href="#[5d]">&gt;&gt;</a>&nbsp;&nbsp;&nbsp;log
<LI><a href="#[59]">&gt;&gt;</a>&nbsp;&nbsp;&nbsp;exp
<LI><a href="#[be]">&gt;&gt;</a>&nbsp;&nbsp;&nbsp;arm_mse_f64
<LI><a href="#[ab]">&gt;&gt;</a>&nbsp;&nbsp;&nbsp;arm_var_f64
<LI><a href="#[9c]">&gt;&gt;</a>&nbsp;&nbsp;&nbsp;arm_mean_f64
<LI><a href="#[96]">&gt;&gt;</a>&nbsp;&nbsp;&nbsp;arm_kullback_leibler_f64
</UL>

<P><STRONG><a name="[c9]"></a>_ddiv</STRONG> (Thumb, 1072 bytes, Stack size 64 bytes, ddiv.o(.text), UNUSED)
<BR><BR>[Called By]<UL><LI><a href="#[c8]">&gt;&gt;</a>&nbsp;&nbsp;&nbsp;_drdiv
</UL>

<P><STRONG><a name="[c8]"></a>_drdiv</STRONG> (Thumb, 20 bytes, Stack size 16 bytes, ddiv.o(.text), UNUSED)
<BR><BR>[Calls]<UL><LI><a href="#[c9]">&gt;&gt;</a>&nbsp;&nbsp;&nbsp;_ddiv
</UL>

<P><STRONG><a name="[cb]"></a>__aeabi_i2d_normalise</STRONG> (Thumb, 66 bytes, Stack size 0 bytes, dflti.o(.text), UNUSED)
<BR><BR>[Called By]<UL><LI><a href="#[9d]">&gt;&gt;</a>&nbsp;&nbsp;&nbsp;__aeabi_ui2d
<LI><a href="#[ca]">&gt;&gt;</a>&nbsp;&nbsp;&nbsp;__aeabi_i2d
</UL>

<P><STRONG><a name="[ca]"></a>__aeabi_i2d</STRONG> (Thumb, 16 bytes, Stack size 0 bytes, dflti.o(.text), UNUSED)
<BR><BR>[Calls]<UL><LI><a href="#[cb]">&gt;&gt;</a>&nbsp;&nbsp;&nbsp;__aeabi_i2d_normalise
</UL>
<BR>[Called By]<UL><LI><a href="#[5d]">&gt;&gt;</a>&nbsp;&nbsp;&nbsp;log
<LI><a href="#[59]">&gt;&gt;</a>&nbsp;&nbsp;&nbsp;exp
</UL>

<P><STRONG><a name="[181]"></a>_dflt</STRONG> (Thumb, 0 bytes, Stack size 0 bytes, dflti.o(.text), UNUSED)

<P><STRONG><a name="[9d]"></a>__aeabi_ui2d</STRONG> (Thumb, 6 bytes, Stack size 0 bytes, dflti.o(.text), UNUSED)
<BR><BR>[Calls]<UL><LI><a href="#[cb]">&gt;&gt;</a>&nbsp;&nbsp;&nbsp;__aeabi_i2d_normalise
</UL>
<BR>[Called By]<UL><LI><a href="#[be]">&gt;&gt;</a>&nbsp;&nbsp;&nbsp;arm_mse_f64
<LI><a href="#[ab]">&gt;&gt;</a>&nbsp;&nbsp;&nbsp;arm_var_f64
<LI><a href="#[9c]">&gt;&gt;</a>&nbsp;&nbsp;&nbsp;arm_mean_f64
</UL>

<P><STRONG><a name="[182]"></a>_dfltu</STRONG> (Thumb, 0 bytes, Stack size 0 bytes, dflti.o(.text), UNUSED)

<P><STRONG><a name="[35]"></a>__aeabi_dmul</STRONG> (Thumb, 0 bytes, Stack size 56 bytes, dmul.o(.text), UNUSED)
<BR><BR>[Called By]<UL><LI><a href="#[3e]">&gt;&gt;</a>&nbsp;&nbsp;&nbsp;arm_scale_f64
<LI><a href="#[39]">&gt;&gt;</a>&nbsp;&nbsp;&nbsp;arm_mult_f64
<LI><a href="#[34]">&gt;&gt;</a>&nbsp;&nbsp;&nbsp;arm_dot_prod_f64
<LI><a href="#[a5]">&gt;&gt;</a>&nbsp;&nbsp;&nbsp;arm_power_f64
<LI><a href="#[91]">&gt;&gt;</a>&nbsp;&nbsp;&nbsp;arm_mat_ldlt_f64
<LI><a href="#[8d]">&gt;&gt;</a>&nbsp;&nbsp;&nbsp;arm_mat_solve_lower_triangular_f64
<LI><a href="#[8b]">&gt;&gt;</a>&nbsp;&nbsp;&nbsp;arm_mat_solve_upper_triangular_f64
<LI><a href="#[84]">&gt;&gt;</a>&nbsp;&nbsp;&nbsp;arm_mat_cholesky_f64
<LI><a href="#[79]">&gt;&gt;</a>&nbsp;&nbsp;&nbsp;arm_mat_mult_f64
<LI><a href="#[76]">&gt;&gt;</a>&nbsp;&nbsp;&nbsp;arm_mat_inverse_f64
<LI><a href="#[da]">&gt;&gt;</a>&nbsp;&nbsp;&nbsp;__kernel_poly
<LI><a href="#[5d]">&gt;&gt;</a>&nbsp;&nbsp;&nbsp;log
<LI><a href="#[59]">&gt;&gt;</a>&nbsp;&nbsp;&nbsp;exp
<LI><a href="#[be]">&gt;&gt;</a>&nbsp;&nbsp;&nbsp;arm_mse_f64
<LI><a href="#[ab]">&gt;&gt;</a>&nbsp;&nbsp;&nbsp;arm_var_f64
<LI><a href="#[96]">&gt;&gt;</a>&nbsp;&nbsp;&nbsp;arm_kullback_leibler_f64
<LI><a href="#[94]">&gt;&gt;</a>&nbsp;&nbsp;&nbsp;arm_entropy_f64
</UL>

<P><STRONG><a name="[183]"></a>_dmul</STRONG> (Thumb, 558 bytes, Stack size 56 bytes, dmul.o(.text), UNUSED)

<P><STRONG><a name="[6b]"></a>__aeabi_fdiv</STRONG> (Thumb, 0 bytes, Stack size 20 bytes, fdiv.o(.text))
<BR><BR>[Stack]<UL><LI>Max Depth = 20<LI>Call Chain = __aeabi_fdiv
</UL>
<BR>[Called By]<UL><LI><a href="#[2d]">&gt;&gt;</a>&nbsp;&nbsp;&nbsp;arm_var_f32
<LI><a href="#[2b]">&gt;&gt;</a>&nbsp;&nbsp;&nbsp;arm_mean_f32
<LI><a href="#[6a]">&gt;&gt;</a>&nbsp;&nbsp;&nbsp;arm_atan2_f32
<LI><a href="#[8e]">&gt;&gt;</a>&nbsp;&nbsp;&nbsp;arm_mat_ldlt_f32
<LI><a href="#[8a]">&gt;&gt;</a>&nbsp;&nbsp;&nbsp;arm_mat_solve_lower_triangular_f32
<LI><a href="#[89]">&gt;&gt;</a>&nbsp;&nbsp;&nbsp;arm_mat_solve_upper_triangular_f32
<LI><a href="#[87]">&gt;&gt;</a>&nbsp;&nbsp;&nbsp;arm_mat_cholesky_f32
[...]
<BR><BR>[Calls]<UL><LI><a href="#[e3]">&gt;&gt;</a>&nbsp;&nbsp;&nbsp;__ARM_scalbnf
</UL>
<BR>[Called By]<UL><LI><a href="#[5b]">&gt;&gt;</a>&nbsp;&nbsp;&nbsp;logf
<LI><a href="#[57]">&gt;&gt;</a>&nbsp;&nbsp;&nbsp;expf
</UL>

<P><STRONG><a name="[e4]"></a>__mathlib_flt_invalid</STRONG> (Thumb, 12 bytes, Stack size 8 bytes, funder.o(i.__mathlib_flt_invalid), UNUSED)
<BR><BR>[Calls]<UL><LI><a href="#[6b]">&gt;&gt;</a>&nbsp;&nbsp;&nbsp;__aeabi_fdiv
</UL>
<BR>[Called By]<UL><LI><a href="#[5b]">&gt;&gt;</a>&nbsp;&nbsp;&nbsp;logf
</UL>

<P><STRONG><a name="[e5]"></a>__mathlib_flt_overflow</STRONG> (Thumb, 14 bytes, Stack size 8 bytes, funder.o(i.__mathlib_flt_overflow), UNUSED)
<BR><BR>[Calls]<UL><LI><a href="#[e3]">&gt;&gt;</a>&nbsp;&nbsp;&nbsp;__ARM_scalbnf
</UL>
<BR>[Called By]<UL><LI><a href="#[57]">&gt;&gt;</a>&nbsp;&nbsp;&nbsp;expf
</UL>

<P><STRONG><a name="[e6]"></a>__mathlib_flt_underflow</STRONG> (Thumb, 14 bytes, Stack size 8 bytes, funder.o(i.__mathlib_flt_underflow), UNUSED)
<BR><BR>[Calls]<UL><LI><a href="#[e3]">&gt;&gt;</a>&nbsp;&nbsp;&nbsp;__ARM_scalbnf
</UL>
<BR>[Called By]<UL><LI><a href="#[57]">&gt;&gt;</a>&nbsp;&nbsp;&nbsp;expf
</UL>

<P><STRONG><a name="[59]"></a>exp</STRONG> (Thumb, 542 bytes, Stack size 48 bytes, exp.o(i.exp), UNUSED)
<BR><BR>[Calls]<UL><LI><a href="#[da]">&gt;&gt;</a>&nbsp;&nbsp;&nbsp;__kernel_poly
<LI><a href="#[e8]">&gt;&gt;</a>&nbsp;&nbsp;&nbsp;__ARM_fpclassify
<LI><a href="#[e0]">&gt;&gt;</a>&nbsp;&nbsp;&nbsp;__mathlib_dbl_underflow
<LI><a href="#[df]">&gt;&gt;</a>&nbsp;&nbsp;&nbsp;__mathlib_dbl_overflow
<LI><a href="#[dc]">&gt;&gt;</a>&nbsp;&nbsp;&nbsp;__mathlib_dbl_infnan
<LI><a href="#[dd]">&gt;&gt;</a>&nbsp;&nbsp;&nbsp;__ARM_scalbn
<LI><a href="#[e7]">&gt;&gt;</a>&nbsp;&nbsp;&nbsp;__aeabi_d2iz
<LI><a href="#[d1]">&gt;&gt;</a>&nbsp;&nbsp;&nbsp;__set_errno
<LI><a href="#[92]">&gt;&gt;</a>&nbsp;&nbsp;&nbsp;__aeabi_cdrcmple
<LI><a href="#[35]">&gt;&gt;</a>&nbsp;&nbsp;&nbsp;__aeabi_dmul
<LI><a href="#[85]">&gt;&gt;</a>&nbsp;&nbsp;&nbsp;__aeabi_cdcmple
<LI><a href="#[ca]">&gt;&gt;</a>&nbsp;&nbsp;&nbsp;__aeabi_i2d
<LI><a href="#[78]">&gt;&gt;</a>&nbsp;&nbsp;&nbsp;__aeabi_ddiv
<LI><a href="#[8c]">&gt;&gt;</a>&nbsp;&nbsp;&nbsp;__aeabi_drsub
<LI><a href="#[45]">&gt;&gt;</a>&nbsp;&nbsp;&nbsp;__aeabi_dsub
<LI><a href="#[31]">&gt;&gt;</a>&nbsp;&nbsp;&nbsp;__aeabi_dadd
</UL>
<BR>[Called By]<UL><LI><a href="#[58]">&gt;&gt;</a>&nbsp;&nbsp;&nbsp;arm_vexp_f64
</UL>

<P><STRONG><a name="[18e]"></a>__mathlib_expf</STRONG> (Thumb, 0 bytes, Stack size 24 bytes, expf.o(i.expf), UNUSED)

<P><STRONG><a name="[57]"></a>expf</STRONG> (Thumb, 294 bytes, Stack size 24 bytes, expf.o(i.expf), UNUSED)
<BR><BR>[Calls]<UL><LI><a href="#[e6]">&gt;&gt;</a>&nbsp;&nbsp;&nbsp;__mathlib_flt_underflow
<LI><a href="#[e5]">&gt;&gt;</a>&nbsp;&nbsp;&nbsp;__mathlib_flt_overflow
<LI><a href="#[e2]">&gt;&gt;</a>&nbsp;&nbsp;&nbsp;__mathlib_flt_infnan
<LI><a href="#[ea]">&gt;&gt;</a>&nbsp;&nbsp;&nbsp;__ARM_fpclassifyf
<LI><a href="#[e3]">&gt;&gt;</a>&nbsp;&nbsp;&nbsp;__ARM_scalbnf
<LI><a href="#[e9]">&gt;&gt;</a>&nbsp;&nbsp;&nbsp;_frnd
<LI><a href="#[d1]">&gt;&gt;</a>&nbsp;&nbsp;&nbsp;__set_errno
<LI><a href="#[33]">&gt;&gt;</a>&nbsp;&nbsp;&nbsp;__aeabi_fmul
<LI><a href="#[4a]">&gt;&gt;</a>&nbsp;&nbsp;&nbsp;__aeabi_f2iz
<LI><a href="#[43]">&gt;&gt;</a>&nbsp;&nbsp;&nbsp;__aeabi_fsub
<LI><a href="#[4c]">&gt;&gt;</a>&nbsp;&nbsp;&nbsp;__aeabi_frsub
<LI><a href="#[2f]">&gt;&gt;</a>&nbsp;&nbsp;&nbsp;__aeabi_fadd
</UL>
<BR>[Called By]<UL><LI><a href="#[56]">&gt;&gt;</a>&nbsp;&nbsp;&nbsp;arm_vexp_f32
<LI><a href="#[97]">&gt;&gt;</a>&nbsp;&nbsp;&nbsp;arm_logsumexp_f32
</UL>

<P><STRONG><a name="[5d]"></a>log</STRONG> (Thumb, 790 bytes, Stack size 80 bytes, log.o(i.log), UNUSED)
<BR><BR>[Calls]<UL><LI><a href="#[da]">&gt;&gt;</a>&nbsp;&nbsp;&nbsp;__kernel_poly
<LI><a href="#[de]">&gt;&gt;</a>&nbsp;&nbsp;&nbsp;__mathlib_dbl_invalid
<LI><a href="#[dc]">&gt;&gt;</a>&nbsp;&nbsp;&nbsp;__mathlib_dbl_infnan
<LI><a href="#[db]">&gt;&gt;</a>&nbsp;&nbsp;&nbsp;__mathlib_dbl_divzero
<LI><a href="#[dd]">&gt;&gt;</a>&nbsp;&nbsp;&nbsp;__ARM_scalbn
<LI><a href="#[d1]">&gt;&gt;</a>&nbsp;&nbsp;&nbsp;__set_errno
<LI><a href="#[35]">&gt;&gt;</a>&nbsp;&nbsp;&nbsp;__aeabi_dmul
<LI><a href="#[ca]">&gt;&gt;</a>&nbsp;&nbsp;&nbsp;__aeabi_i2d
<LI><a href="#[77]">&gt;&gt;</a>&nbsp;&nbsp;&nbsp;__aeabi_cdcmpeq
<LI><a href="#[78]">&gt;&gt;</a>&nbsp;&nbsp;&nbsp;__aeabi_ddiv
<LI><a href="#[8c]">&gt;&gt;</a>&nbsp;&nbsp;&nbsp;__aeabi_drsub
<LI><a href="#[45]">&gt;&gt;</a>&nbsp;&nbsp;&nbsp;__aeabi_dsub
<LI><a href="#[31]">&gt;&gt;</a>&nbsp;&nbsp;&nbsp;__aeabi_dadd
</UL>
<BR>[Called By]<UL><LI><a href="#[5c]">&gt;&gt;</a>&nbsp;&nbsp;&nbsp;arm_vlog_f64
<LI><a href="#[96]">&gt;&gt;</a>&nbsp;&nbsp;&nbsp;arm_kullback_leibler_f64
<LI><a href="#[94]">&gt;&gt;</a>&nbsp;&nbsp;&nbsp;arm_entropy_f64
</UL>

<P><STRONG><a name="[18f]"></a>__mathlib_logf</STRONG> (Thumb, 0 bytes, Stack size 24 bytes, logf.o(i.logf), UNUSED)

<P><STRONG><a name="[5b]"></a>logf</STRONG> (Thumb, 338 bytes, Stack size 24 bytes, logf.o(i.logf), UNUSED)
<BR><BR>[Calls]<UL><LI><a href="#[e4]">&gt;&gt;</a>&nbsp;&nbsp;&nbsp;__mathlib_flt_invalid
<LI><a href="#[e2]">&gt;&gt;</a>&nbsp;&nbsp;&nbsp;__mathlib_flt_infnan
<LI><a href="#[e1]">&gt;&gt;</a>&nbsp;&nbsp;&nbsp;__mathlib_flt_divzero
<LI><a href="#[e3]">&gt;&gt;</a>&nbsp;&nbsp;&nbsp;__ARM_scalbnf
<LI><a href="#[d1]">&gt;&gt;</a>&nbsp;&nbsp;&nbsp;__set_errno
<LI><a href="#[33]">&gt;&gt;</a>&nbsp;&nbsp;&nbsp;__aeabi_fmul
<LI><a href="#[4b]">&gt;&gt;</a>&nbsp;&nbsp;&nbsp;__aeabi_i2f
<LI><a href="#[6b]">&gt;&gt;</a>&nbsp;&nbsp;&nbsp;__aeabi_fdiv
<LI><a href="#[43]">&gt;&gt;</a>&nbsp;&nbsp;&nbsp;__aeabi_fsub
<LI><a href="#[2f]">&gt;&gt;</a>&nbsp;&nbsp;&nbsp;__aeabi_fadd
</UL>
<BR>[Called By]<UL><LI><a href="#[5a]">&gt;&gt;</a>&nbsp;&nbsp;&nbsp;arm_vlog_f32
<LI><a href="#[97]">&gt;&gt;</a>&nbsp;&nbsp;&nbsp;arm_logsumexp_f32
<LI><a href="#[95]">&gt;&gt;</a>&nbsp;&nbsp;&nbsp;arm_kullback_leibler_f32
<LI><a href="#[93]">&gt;&gt;</a>&nbsp;&nbsp;&nbsp;arm_entropy_f32
</UL>

<P><STRONG><a name="[86]"></a>sqrt</STRONG> (Thumb, 66 bytes, Stack size 24 bytes, sqrt.o(i.sqrt), UNUSED)
<BR><BR>[Calls]<UL><LI><a href="#[eb]">&gt;&gt;</a>&nbsp;&nbsp;&nbsp;_dsqrt
<LI><a href="#[d1]">&gt;&gt;</a>&nbsp;&nbsp;&nbsp;__set_errno
</UL>
<BR>[Called By]<UL><LI><a href="#[84]">&gt;&gt;</a>&nbsp;&nbsp;&nbsp;arm_mat_cholesky_f64
<LI><a href="#[ac]">&gt;&gt;</a>&nbsp;&nbsp;&nbsp;arm_std_f64
</UL>

<P><STRONG><a name="[88]"></a>sqrtf</STRONG> (Thumb, 44 bytes, Stack size 16 bytes, sqrtf.o(i.sqrtf))
<BR><BR>[Stack]<UL><LI>Max Depth = 28<LI>Call Chain = sqrtf &rArr; _fsqrt
</UL>
<BR>[Calls]<UL><LI><a href="#[ec]">&gt;&gt;</a>&nbsp;&nbsp;&nbsp;_fsqrt
<LI><a href="#[d1]">&gt;&gt;</a>&nbsp;&nbsp;&nbsp;__set_errno
</UL>
<BR>[Called By]<UL><LI><a href="#[2c]">&gt;&gt;</a>&nbsp;&nbsp;&nbsp;arm_std_f32
<LI><a href="#[87]">&gt;&gt;</a>&nbsp;&nbsp;&nbsp;arm_mat_cholesky_f32
<LI><a href="#[a7]">&gt;&gt;</a>&nbsp;&nbsp;&nbsp;arm_rms_f32
</UL>

<P><STRONG><a name="[77]"></a>__aeabi_cdcmpeq</STRONG> (Thumb, 0 bytes, Stack size 24 bytes, deqf.o(x$fpl$deqf), UNUSED)
<BR><BR>[Called By]<UL><LI><a href="#[8d]">&gt;&gt;</a>&nbsp;&nbsp;&nbsp;arm_mat_solve_lower_triangular_f64
<LI><a href="#[8b]">&gt;&gt;</a>&nbsp;&nbsp;&nbsp;arm_mat_solve_upper_triangular_f64
<LI><a href="#[76]">&gt;&gt;</a>&nbsp;&nbsp;&nbsp;arm_mat_inverse_f64
<LI><a href="#[5d]">&gt;&gt;</a>&nbsp;&nbsp;&nbsp;log
</UL>

<P><STRONG><a name="[ed]"></a>_dcmpeq</STRONG> (Thumb, 94 bytes, Stack size 24 bytes, deqf.o(x$fpl$deqf), UNUSED)
<BR><BR>[Calls]<UL><LI><a href="#[d2]">&gt;&gt;</a>&nbsp;&nbsp;&nbsp;__fpl_dcmp_InfNaN
</UL>

<P><STRONG><a name="[85]"></a>__aeabi_cdcmple</STRONG> (Thumb, 0 bytes, Stack size 24 bytes, dlef.o(x$fpl$dleqf), UNUSED)
<BR><BR>[Called By]<UL><LI><a href="#[91]">&gt;&gt;</a>&nbsp;&nbsp;&nbsp;arm_mat_ldlt_f64
<LI><a href="#[84]">&gt;&gt;</a>&nbsp;&nbsp;&nbsp;arm_mat_cholesky_f64
<LI><a href="#[59]">&gt;&gt;</a>&nbsp;&nbsp;&nbsp;exp
<LI><a href="#[b6]">&gt;&gt;</a>&nbsp;&nbsp;&nbsp;arm_absmax_no_idx_f64
<LI><a href="#[b2]">&gt;&gt;</a>&nbsp;&nbsp;&nbsp;arm_absmax_f64
<LI><a href="#[9b]">&gt;&gt;</a>&nbsp;&nbsp;&nbsp;arm_max_no_idx_f64
<LI><a href="#[99]">&gt;&gt;</a>&nbsp;&nbsp;&nbsp;arm_max_f64
</UL>

<P><STRONG><a name="[ee]"></a>_dcmple</STRONG> (Thumb, 94 bytes, Stack size 24 bytes, dlef.o(x$fpl$dleqf), UNUSED)
<BR><BR>[Calls]<UL><LI><a href="#[d2]">&gt;&gt;</a>&nbsp;&nbsp;&nbsp;__fpl_dcmp_InfNaN
</UL>

<P><STRONG><a name="[92]"></a>__aeabi_cdrcmple</STRONG> (Thumb, 0 bytes, Stack size 32 bytes, drlef.o(x$fpl$drleqf), UNUSED)
<BR><BR>[Called By]<UL><LI><a href="#[91]">&gt;&gt;</a>&nbsp;&nbsp;&nbsp;arm_mat_ldlt_f64
<LI><a href="#[59]">&gt;&gt;</a>&nbsp;&nbsp;&nbsp;exp
<LI><a href="#[b8]">&gt;&gt;</a>&nbsp;&nbsp;&nbsp;arm_absmin_no_idx_f64
<LI><a href="#[b4]">&gt;&gt;</a>&nbsp;&nbsp;&nbsp;arm_absmin_f64
<LI><a href="#[a3]">&gt;&gt;</a>&nbsp;&nbsp;&nbsp;arm_min_no_idx_f64
<LI><a href="#[a1]">&gt;&gt;</a>&nbsp;&nbsp;&nbsp;arm_min_f64
</UL>

<P><STRONG><a name="[ef]"></a>_drcmple</STRONG> (Thumb, 100 bytes, Stack size 32 bytes, drlef.o(x$fpl$drleqf), UNUSED)
<BR><BR>[Calls]<UL><LI><a href="#[d2]">&gt;&gt;</a>&nbsp;&nbsp;&nbsp;__fpl_dcmp_InfNaN
</UL>

<P><STRONG><a name="[2f]"></a>__aeabi_fadd</STRONG> (Thumb, 0 bytes, Stack size 16 bytes, faddsub.o(x$fpl$fadd))
<BR><BR>[Stack]<UL><LI>Max Depth = 16<LI>Call Chain = __aeabi_fadd
</UL>
<BR>[Called By]<UL><LI><a href="#[3b]">&gt;&gt;</a>&nbsp;&nbsp;&nbsp;arm_offset_f32
<LI><a href="#[32]">&gt;&gt;</a>&nbsp;&nbsp;&nbsp;arm_dot_prod_f32
<LI><a href="#[2e]">&gt;&gt;</a>&nbsp;&nbsp;&nbsp;arm_add_f32
<LI><a href="#[2d]">&gt;&gt;</a>&nbsp;&nbsp;&nbsp;arm_var_f32
<LI><a href="#[2b]">&gt;&gt;</a>&nbsp;&nbsp;&nbsp;arm_mean_f32
<LI><a href="#[28]">&gt;&gt;</a>&nbsp;&nbsp;&nbsp;arm_mat_mult_f32
<LI><a href="#[6a]">&gt;&gt;</a>&nbsp;&nbsp;&nbsp;arm_atan2_f32
<LI><a href="#[51]">&gt;&gt;</a>&nbsp;&nbsp;&nbsp;arm_sin_f32
<LI><a href="#[49]">&gt;&gt;</a>&nbsp;&nbsp;&nbsp;arm_cos_f32
<LI><a href="#[a4]">&gt;&gt;</a>&nbsp;&nbsp;&nbsp;arm_power_f32
<LI><a href="#[81]">&gt;&gt;</a>&nbsp;&nbsp;&nbsp;arm_mat_vec_mult_f32
<LI><a href="#[73]">&gt;&gt;</a>&nbsp;&nbsp;&nbsp;arm_mat_cmplx_mult_f32
<LI><a href="#[72]">&gt;&gt;</a>&nbsp;&nbsp;&nbsp;arm_mat_add_f32
<LI><a href="#[5b]">&gt;&gt;</a>&nbsp;&nbsp;&nbsp;logf
<LI><a href="#[57]">&gt;&gt;</a>&nbsp;&nbsp;&nbsp;expf
<LI><a href="#[bd]">&gt;&gt;</a>&nbsp;&nbsp;&nbsp;arm_mse_f32
<LI><a href="#[a7]">&gt;&gt;</a>&nbsp;&nbsp;&nbsp;arm_rms_f32
<LI><a href="#[97]">&gt;&gt;</a>&nbsp;&nbsp;&nbsp;arm_logsumexp_f32
<LI><a href="#[95]">&gt;&gt;</a>&nbsp;&nbsp;&nbsp;arm_kullback_leibler_f32
<LI><a href="#[93]">&gt;&gt;</a>&nbsp;&nbsp;&nbsp;arm_entropy_f32
</UL>

<P><STRONG><a name="[f0]"></a>_fadd</STRONG> (Thumb, 134 bytes, Stack size 16 bytes, faddsub.o(x$fpl$fadd), UNUSED)
<BR><BR>[Calls]<UL><LI><a href="#[f1]">&gt;&gt;</a>&nbsp;&nbsp;&nbsp;_fsub1
</UL>

<P><STRONG><a name="[6c]"></a>__aeabi_cfcmpeq</STRONG> (Thumb, 0 bytes, Stack size 8 bytes, feqf.o(x$fpl$feqf), UNUSED)
<BR><BR>[Called By]<UL><LI><a href="#[6a]">&gt;&gt;</a>&nbsp;&nbsp;&nbsp;arm_atan2_f32
<LI><a href="#[8a]">&gt;&gt;</a>&nbsp;&nbsp;&nbsp;arm_mat_solve_lower_triangular_f32
<LI><a href="#[89]">&gt;&gt;</a>&nbsp;&nbsp;&nbsp;arm_mat_solve_upper_triangular_f32
<LI><a href="#[75]">&gt;&gt;</a>&nbsp;&nbsp;&nbsp;arm_mat_inverse_f32
</UL>

<P><STRONG><a name="[f2]"></a>_fcmpeq</STRONG> (Thumb, 78 bytes, Stack size 8 bytes, feqf.o(x$fpl$feqf), UNUSED)
<BR><BR>[Calls]<UL><LI><a href="#[d5]">&gt;&gt;</a>&nbsp;&nbsp;&nbsp;__fpl_fcmp_InfNaN
</UL>

<P><STRONG><a name="[48]"></a>__aeabi_cfcmple</STRONG> (Thumb, 0 bytes, Stack size 8 bytes, flef.o(x$fpl$fleqf))
<BR><BR>[Stack]<UL><LI>Max Depth = 8<LI>Call Chain = __aeabi_cfcmple
</UL>
<BR>[Called By]<UL><LI><a href="#[46]">&gt;&gt;</a>&nbsp;&nbsp;&nbsp;arm_clip_f32
<LI><a href="#[29]">&gt;&gt;</a>&nbsp;&nbsp;&nbsp;arm_max_f32
<LI><a href="#[6a]">&gt;&gt;</a>&nbsp;&nbsp;&nbsp;arm_atan2_f32
<LI><a href="#[51]">&gt;&gt;</a>&nbsp;&nbsp;&nbsp;arm_sin_f32
<LI><a href="#[49]">&gt;&gt;</a>&nbsp;&nbsp;&nbsp;arm_cos_f32
<LI><a href="#[8e]">&gt;&gt;</a>&nbsp;&nbsp;&nbsp;arm_mat_ldlt_f32
<LI><a href="#[87]">&gt;&gt;</a>&nbsp;&nbsp;&nbsp;arm_mat_cholesky_f32
<LI><a href="#[b5]">&gt;&gt;</a>&nbsp;&nbsp;&nbsp;arm_absmax_no_idx_f32
<LI><a href="#[b1]">&gt;&gt;</a>&nbsp;&nbsp;&nbsp;arm_absmax_f32
<LI><a href="#[9a]">&gt;&gt;</a>&nbsp;&nbsp;&nbsp;arm_max_no_idx_f32
</UL>

<P><STRONG><a name="[f3]"></a>_fcmple</STRONG> (Thumb, 78 bytes, Stack size 8 bytes, flef.o(x$fpl$fleqf), UNUSED)
<BR><BR>[Calls]<UL><LI><a href="#[d5]">&gt;&gt;</a>&nbsp;&nbsp;&nbsp;__fpl_fcmp_InfNaN
</UL>

<P><STRONG><a name="[33]"></a>__aeabi_fmul</STRONG> (Thumb, 0 bytes, Stack size 16 bytes, fmul.o(x$fpl$fmul))
<BR><BR>[Stack]<UL><LI>Max Depth = 16<LI>Call Chain = __aeabi_fmul
</UL>
<BR>[Called By]<UL><LI><a href="#[3d]">&gt;&gt;</a>&nbsp;&nbsp;&nbsp;arm_scale_f32
<LI><a href="#[38]">&gt;&gt;</a>&nbsp;&nbsp;&nbsp;arm_mult_f32
<LI><a href="#[32]">&gt;&gt;</a>&nbsp;&nbsp;&nbsp;arm_dot_prod_f32
<LI><a href="#[2d]">&gt;&gt;</a>&nbsp;&nbsp;&nbsp;arm_var_f32
<LI><a href="#[28]">&gt;&gt;</a>&nbsp;&nbsp;&nbsp;arm_mat_mult_f32
<LI><a href="#[6a]">&gt;&gt;</a>&nbsp;&nbsp;&nbsp;arm_atan2_f32
<LI><a href="#[51]">&gt;&gt;</a>&nbsp;&nbsp;&nbsp;arm_sin_f32
<LI><a href="#[49]">&gt;&gt;</a>&nbsp;&nbsp;&nbsp;arm_cos_f32
<LI><a href="#[a4]">&gt;&gt;</a>&nbsp;&nbsp;&nbsp;arm_power_f32
<LI><a href="#[8e]">&gt;&gt;</a>&nbsp;&nbsp;&nbsp;arm_mat_ldlt_f32
<LI><a href="#[8a]">&gt;&gt;</a>&nbsp;&nbsp;&nbsp;arm_mat_solve_lower_triangular_f32
<LI><a href="#[89]">&gt;&gt;</a>&nbsp;&nbsp;&nbsp;arm_mat_solve_upper_triangular_f32
<LI><a href="#[87]">&gt;&gt;</a>&nbsp;&nbsp;&nbsp;arm_mat_cholesky_f32
<LI><a href="#[81]">&gt;&gt;</a>&nbsp;&nbsp;&nbsp;arm_mat_vec_mult_f32
<LI><a href="#[7d]">&gt;&gt;</a>&nbsp;&nbsp;&nbsp;arm_mat_scale_f32
<LI><a href="#[75]">&gt;&gt;</a>&nbsp;&nbsp;&nbsp;arm_mat_inverse_f32
<LI><a href="#[73]">&gt;&gt;</a>&nbsp;&nbsp;&nbsp;arm_mat_cmplx_mult_f32
<LI><a href="#[5b]">&gt;&gt;</a>&nbsp;&nbsp;&nbsp;logf
<LI><a href="#[57]">&gt;&gt;</a>&nbsp;&nbsp;&nbsp;expf
<LI><a href="#[bd]">&gt;&gt;</a>&nbsp;&nbsp;&nbsp;arm_mse_f32
<LI><a href="#[a7]">&gt;&gt;</a>&nbsp;&nbsp;&nbsp;arm_rms_f32
<LI><a href="#[95]">&gt;&gt;</a>&nbsp;&nbsp;&nbsp;arm_kullback_leibler_f32
<LI><a href="#[93]">&gt;&gt;</a>&nbsp;&nbsp;&nbsp;arm_entropy_f32
</UL>

<P><STRONG><a name="[190]"></a>_fmul</STRONG> (Thumb, 172 bytes, Stack size 16 bytes, fmul.o(x$fpl$fmul), UNUSED)

<P><STRONG><a name="[47]"></a>__aeabi_cfrcmple</STRONG> (Thumb, 0 bytes, Stack size 8 bytes, frlef.o(x$fpl$frleqf))
<BR><BR>[Stack]<UL><LI>Max Depth = 8<LI>Call Chain = __aeabi_cfrcmple
</UL>
<BR>[Called By]<UL><LI><a href="#[46]">&gt;&gt;</a>&nbsp;&nbsp;&nbsp;arm_clip_f32
<LI><a href="#[2c]">&gt;&gt;</a>&nbsp;&nbsp;&nbsp;arm_std_f32
<LI><a href="#[2a]">&gt;&gt;</a>&nbsp;&nbsp;&nbsp;arm_min_f32
<LI><a href="#[6a]">&gt;&gt;</a>&nbsp;&nbsp;&nbsp;arm_atan2_f32
<LI><a href="#[8e]">&gt;&gt;</a>&nbsp;&nbsp;&nbsp;arm_mat_ldlt_f32
<LI><a href="#[b7]">&gt;&gt;</a>&nbsp;&nbsp;&nbsp;arm_absmin_no_idx_f32
<LI><a href="#[b3]">&gt;&gt;</a>&nbsp;&nbsp;&nbsp;arm_absmin_f32
<LI><a href="#[a7]">&gt;&gt;</a>&nbsp;&nbsp;&nbsp;arm_rms_f32
<LI><a href="#[a2]">&gt;&gt;</a>&nbsp;&nbsp;&nbsp;arm_min_no_idx_f32
<LI><a href="#[97]">&gt;&gt;</a>&nbsp;&nbsp;&nbsp;arm_logsumexp_f32
</UL>

<P><STRONG><a name="[f4]"></a>_frcmple</STRONG> (Thumb, 84 bytes, Stack size 8 bytes, frlef.o(x$fpl$frleqf), UNUSED)
<BR><BR>[Calls]<UL><LI><a href="#[d5]">&gt;&gt;</a>&nbsp;&nbsp;&nbsp;__fpl_fcmp_InfNaN
</UL>

<P><STRONG><a name="[4c]"></a>__aeabi_frsub</STRONG> (Thumb, 0 bytes, Stack size 16 bytes, faddsub.o(x$fpl$frsb), UNUSED)
<BR><BR>[Called By]<UL><LI><a href="#[6a]">&gt;&gt;</a>&nbsp;&nbsp;&nbsp;arm_atan2_f32
<LI><a href="#[51]">&gt;&gt;</a>&nbsp;&nbsp;&nbsp;arm_sin_f32
<LI><a href="#[49]">&gt;&gt;</a>&nbsp;&nbsp;&nbsp;arm_cos_f32
<LI><a href="#[8e]">&gt;&gt;</a>&nbsp;&nbsp;&nbsp;arm_mat_ldlt_f32
<LI><a href="#[8a]">&gt;&gt;</a>&nbsp;&nbsp;&nbsp;arm_mat_solve_lower_triangular_f32
<LI><a href="#[89]">&gt;&gt;</a>&nbsp;&nbsp;&nbsp;arm_mat_solve_upper_triangular_f32
<LI><a href="#[87]">&gt;&gt;</a>&nbsp;&nbsp;&nbsp;arm_mat_cholesky_f32
<LI><a href="#[75]">&gt;&gt;</a>&nbsp;&nbsp;&nbsp;arm_mat_inverse_f32
<LI><a href="#[73]">&gt;&gt;</a>&nbsp;&nbsp;&nbsp;arm_mat_cmplx_mult_f32
<LI><a href="#[57]">&gt;&gt;</a>&nbsp;&nbsp;&nbsp;expf
</UL>

<P><STRONG><a name="[f5]"></a>_frsb</STRONG> (Thumb, 24 bytes, Stack size 16 bytes, faddsub.o(x$fpl$frsb), UNUSED)
<BR><BR>[Calls]<UL><LI><a href="#[f1]">&gt;&gt;</a>&nbsp;&nbsp;&nbsp;_fsub1
<LI><a href="#[f6]">&gt;&gt;</a>&nbsp;&nbsp;&nbsp;_fadd1
</UL>

<P><STRONG><a name="[43]"></a>__aeabi_fsub</STRONG> (Thumb, 0 bytes, Stack size 16 bytes, faddsub.o(x$fpl$fsub))
<BR><BR>[Stack]<UL><LI>Max Depth = 16<LI>Call Chain = __aeabi_fsub
</UL>
<BR>[Called By]<UL><LI><a href="#[42]">&gt;&gt;</a>&nbsp;&nbsp;&nbsp;arm_sub_f32
<LI><a href="#[2d]">&gt;&gt;</a>&nbsp;&nbsp;&nbsp;arm_var_f32
<LI><a href="#[6a]">&gt;&gt;</a>&nbsp;&nbsp;&nbsp;arm_atan2_f32
<LI><a href="#[51]">&gt;&gt;</a>&nbsp;&nbsp;&nbsp;arm_sin_f32
<LI><a href="#[49]">&gt;&gt;</a>&nbsp;&nbsp;&nbsp;arm_cos_f32
<LI><a href="#[80]">&gt;&gt;</a>&nbsp;&nbsp;&nbsp;arm_mat_sub_f32
<LI><a href="#[5b]">&gt;&gt;</a>&nbsp;&nbsp;&nbsp;logf
<LI><a href="#[57]">&gt;&gt;</a>&nbsp;&nbsp;&nbsp;expf
<LI><a href="#[bd]">&gt;&gt;</a>&nbsp;&nbsp;&nbsp;arm_mse_f32
<LI><a href="#[97]">&gt;&gt;</a>&nbsp;&nbsp;&nbsp;arm_logsumexp_f32
</UL>

<P><STRONG><a name="[f7]"></a>_fsub</STRONG> (Thumb, 204 bytes, Stack size 16 bytes, faddsub.o(x$fpl$fsub), UNUSED)
<BR><BR>[Calls]<UL><LI><a href="#[f6]">&gt;&gt;</a>&nbsp;&nbsp;&nbsp;_fadd1
</UL>
<P>
<H3>
Local Symbols
</H3>
<P><STRONG><a name="[65]"></a>arm_scalar_log_q31</STRONG> (Thumb, 130 bytes, Stack size 40 bytes, fastmathfunctions.o(.text), UNUSED)
<BR><BR>[Calls]<UL><LI><a href="#[37]">&gt;&gt;</a>&nbsp;&nbsp;&nbsp;__ARM_common_ll_mulss
<LI><a href="#[66]">&gt;&gt;</a>&nbsp;&nbsp;&nbsp;__ARM_common_ll_muluu
<LI><a href="#[54]">&gt;&gt;</a>&nbsp;&nbsp;&nbsp;__ARM_clz
</UL>
<BR>[Called By]<UL><LI><a href="#[67]">&gt;&gt;</a>&nbsp;&nbsp;&nbsp;arm_vlog_q31
</UL>

<P><STRONG><a name="[68]"></a>arm_scalar_log_q15</STRONG> (Thumb, 122 bytes, Stack size 40 bytes, fastmathfunctions.o(.text), UNUSED)
<BR><BR>[Calls]<UL><LI><a href="#[54]">&gt;&gt;</a>&nbsp;&nbsp;&nbsp;__ARM_clz
</UL>
<BR>[Called By]<UL><LI><a href="#[69]">&gt;&gt;</a>&nbsp;&nbsp;&nbsp;arm_vlog_q15
</UL>

<P><STRONG><a name="[c5]"></a>_dadd1</STRONG> (Thumb, 290 bytes, Stack size 20 bytes, daddsub.o(.text), UNUSED)
<BR><BR>[Called By]<UL><LI><a href="#[c7]">&gt;&gt;</a>&nbsp;&nbsp;&nbsp;_drsb
<LI><a href="#[c6]">&gt;&gt;</a>&nbsp;&nbsp;&nbsp;_dsub
<LI><a href="#[c3]">&gt;&gt;</a>&nbsp;&nbsp;&nbsp;_dadd
</UL>

<P><STRONG><a name="[c4]"></a>_dsub1</STRONG> (Thumb, 470 bytes, Stack size 40 bytes, daddsub.o(.text), UNUSED)
<BR><BR>[Called By]<UL><LI><a href="#[c7]">&gt;&gt;</a>&nbsp;&nbsp;&nbsp;_drsb
<LI><a href="#[c6]">&gt;&gt;</a>&nbsp;&nbsp;&nbsp;_dsub
<LI><a href="#[c3]">&gt;&gt;</a>&nbsp;&nbsp;&nbsp;_dadd
</UL>

<P><STRONG><a name="[f6]"></a>_fadd1</STRONG> (Thumb, 0 bytes, Stack size unknown bytes, faddsub.o(x$fpl$fadd), UNUSED)
<BR><BR>[Called By]<UL><LI><a href="#[f7]">&gt;&gt;</a>&nbsp;&nbsp;&nbsp;_fsub
<LI><a href="#[f5]">&gt;&gt;</a>&nbsp;&nbsp;&nbsp;_frsb
</UL>

<P><STRONG><a name="[f1]"></a>_fsub1</STRONG> (Thumb, 0 bytes, Stack size unknown bytes, faddsub.o(x$fpl$fsub), UNUSED)
<BR><BR>[Called By]<UL><LI><a href="#[f5]">&gt;&gt;</a>&nbsp;&nbsp;&nbsp;_frsb
<LI><a href="#[f0]">&gt;&gt;</a>&nbsp;&nbsp;&nbsp;_fadd
</UL>
<P>
<H3>
Undefined Global Symbols
</H3>
<P><STRONG><a name="[d8]"></a>_call_atexit_fns</STRONG> (ARM, 0 bytes, Stack size 0 bytes, UNDEFINED)
<BR><BR>[Called By]<UL><LI><a href="#[23]">&gt;&gt;</a>&nbsp;&nbsp;&nbsp;exit
</UL>
<HR></body></html>
