Component: ARM Compiler 5.06 update 7 (build 960) Tool: armlink [4d3601]

==============================================================================

Section Cross References

    startup_stm32f407xx.o(STACK) refers (Special) to heapauxi.o(.text) for __use_two_region_memory
    startup_stm32f407xx.o(HEAP) refers (Special) to heapauxi.o(.text) for __use_two_region_memory
    startup_stm32f407xx.o(RESET) refers (Special) to heapauxi.o(.text) for __use_two_region_memory
    startup_stm32f407xx.o(RESET) refers to startup_stm32f407xx.o(STACK) for __initial_sp
    startup_stm32f407xx.o(RESET) refers to startup_stm32f407xx.o(.text) for Reset_Handler
    startup_stm32f407xx.o(RESET) refers to stm32f4xx_it.o(i.NMI_Handler) for NMI_Handler
    startup_stm32f407xx.o(RESET) refers to stm32f4xx_it.o(i.HardFault_Handler) for HardFault_Handler
    startup_stm32f407xx.o(RESET) refers to stm32f4xx_it.o(i.MemManage_Handler) for MemManage_Handler
    startup_stm32f407xx.o(RESET) refers to stm32f4xx_it.o(i.BusFault_Handler) for BusFault_Handler
    startup_stm32f407xx.o(RESET) refers to stm32f4xx_it.o(i.UsageFault_Handler) for UsageFault_Handler
    startup_stm32f407xx.o(RESET) refers to port.o(.emb_text) for SVC_Handler
    startup_stm32f407xx.o(RESET) refers to stm32f4xx_it.o(i.DebugMon_Handler) for DebugMon_Handler
    startup_stm32f407xx.o(RESET) refers to cmsis_os2.o(i.SysTick_Handler) for SysTick_Handler
    startup_stm32f407xx.o(RESET) refers to stm32f4xx_it.o(i.TIM2_IRQHandler) for TIM2_IRQHandler
    startup_stm32f407xx.o(RESET) refers to stm32f4xx_it.o(i.TIM8_TRG_COM_TIM14_IRQHandler) for TIM8_TRG_COM_TIM14_IRQHandler
    startup_stm32f407xx.o(RESET) refers to stm32f4xx_it.o(i.DMA2_Stream0_IRQHandler) for DMA2_Stream0_IRQHandler
    startup_stm32f407xx.o(RESET) refers to stm32f4xx_it.o(i.DMA2_Stream1_IRQHandler) for DMA2_Stream1_IRQHandler
    startup_stm32f407xx.o(.text) refers (Special) to heapauxi.o(.text) for __use_two_region_memory
    startup_stm32f407xx.o(.text) refers to system_stm32f4xx.o(i.SystemInit) for SystemInit
    startup_stm32f407xx.o(.text) refers to __main.o(!!!main) for __main
    startup_stm32f407xx.o(.text) refers to startup_stm32f407xx.o(HEAP) for Heap_Mem
    startup_stm32f407xx.o(.text) refers to startup_stm32f407xx.o(STACK) for Stack_Mem
    main.o(i.HAL_TIM_PeriodElapsedCallback) refers to stm32f4xx_hal.o(i.HAL_IncTick) for HAL_IncTick
    main.o(i.SystemClock_Config) refers to rt_memclr_w.o(.text) for __aeabi_memclr4
    main.o(i.SystemClock_Config) refers to stm32f4xx_hal_rcc.o(i.HAL_RCC_OscConfig) for HAL_RCC_OscConfig
    main.o(i.SystemClock_Config) refers to stm32f4xx_hal_rcc.o(i.HAL_RCC_ClockConfig) for HAL_RCC_ClockConfig
    main.o(i.main) refers to stm32f4xx_hal.o(i.HAL_Init) for HAL_Init
    main.o(i.main) refers to main.o(i.SystemClock_Config) for SystemClock_Config
    main.o(i.main) refers to gpio.o(i.MX_GPIO_Init) for MX_GPIO_Init
    main.o(i.main) refers to dma.o(i.MX_DMA_Init) for MX_DMA_Init
    main.o(i.main) refers to adc.o(i.MX_ADC1_Init) for MX_ADC1_Init
    main.o(i.main) refers to tim.o(i.MX_TIM2_Init) for MX_TIM2_Init
    main.o(i.main) refers to tim.o(i.MX_TIM1_Init) for MX_TIM1_Init
    main.o(i.main) refers to adc.o(i.MX_ADC3_Init) for MX_ADC3_Init
    main.o(i.main) refers to oled.o(i.OLED_Init) for OLED_Init
    main.o(i.main) refers to button_display.o(i.DISPLAY_PID_SYMBLE) for DISPLAY_PID_SYMBLE
    main.o(i.main) refers to cmsis_os2.o(i.osKernelInitialize) for osKernelInitialize
    main.o(i.main) refers to freertos.o(i.MX_FREERTOS_Init) for MX_FREERTOS_Init
    main.o(i.main) refers to cmsis_os2.o(i.osKernelStart) for osKernelStart
    main.o(i.main) refers to button.o(i.READ_BUTTON_A) for READ_BUTTON_A
    main.o(i.main) refers to button.o(i.READ_BUTTON_B) for READ_BUTTON_B
    main.o(i.main) refers to button_display.o(i.DISPLAY_PID) for DISPLAY_PID
    main.o(i.main) refers to oled.o(i.OLED_Refresh_Gram) for OLED_Refresh_Gram
    main.o(i.main) refers to stm32f4xx_hal.o(i.HAL_Delay) for HAL_Delay
    gpio.o(i.MX_GPIO_Init) refers to rt_memclr_w.o(.text) for __aeabi_memclr4
    gpio.o(i.MX_GPIO_Init) refers to stm32f4xx_hal_gpio.o(i.HAL_GPIO_WritePin) for HAL_GPIO_WritePin
    gpio.o(i.MX_GPIO_Init) refers to stm32f4xx_hal_gpio.o(i.HAL_GPIO_Init) for HAL_GPIO_Init
    freertos.o(i.MX_FREERTOS_Init) refers to cmsis_os2.o(i.osThreadNew) for osThreadNew
    freertos.o(i.MX_FREERTOS_Init) refers to freertos.o(.constdata) for .constdata
    freertos.o(i.MX_FREERTOS_Init) refers to usercode.o(i.StartDefaultTask) for StartDefaultTask
    freertos.o(i.MX_FREERTOS_Init) refers to freertos.o(.data) for .data
    freertos.o(i.StartDefaultTask) refers to cmsis_os2.o(i.osDelay) for osDelay
    freertos.o(.constdata) refers to freertos.o(.conststring) for .conststring
    adc.o(i.HAL_ADC_MspDeInit) refers to stm32f4xx_hal_gpio.o(i.HAL_GPIO_DeInit) for HAL_GPIO_DeInit
    adc.o(i.HAL_ADC_MspDeInit) refers to stm32f4xx_hal_dma.o(i.HAL_DMA_DeInit) for HAL_DMA_DeInit
[...]
    __rt_lib_init_lc_time_1                  0x08000243   Thumb Code     0  libinit2.o(.ARM.Collect$$libinit$$00000019)
    __rt_lib_init_preinit_1                  0x08000243   Thumb Code     0  libinit2.o(.ARM.Collect$$libinit$$00000004)
    __rt_lib_init_rand_1                     0x08000243   Thumb Code     0  libinit2.o(.ARM.Collect$$libinit$$0000000E)
    __rt_lib_init_return                     0x08000243   Thumb Code     0  libinit2.o(.ARM.Collect$$libinit$$00000033)
    __rt_lib_init_signal_1                   0x08000243   Thumb Code     0  libinit2.o(.ARM.Collect$$libinit$$0000001D)
    __rt_lib_init_stdio_1                    0x08000243   Thumb Code     0  libinit2.o(.ARM.Collect$$libinit$$00000025)
    __rt_lib_init_user_alloc_1               0x08000243   Thumb Code     0  libinit2.o(.ARM.Collect$$libinit$$0000000C)
    __rt_lib_shutdown                        0x08000245   Thumb Code     0  libshutdown.o(.ARM.Collect$$libshutdown$$00000000)
    __rt_lib_shutdown_cpp_1                  0x08000247   Thumb Code     0  libshutdown2.o(.ARM.Collect$$libshutdown$$00000004)
    __rt_lib_shutdown_fini_1                 0x08000247   Thumb Code     0  libshutdown2.o(.ARM.Collect$$libshutdown$$00000002)
    __rt_lib_shutdown_fp_trap_1              0x08000247   Thumb Code     0  libshutdown2.o(.ARM.Collect$$libshutdown$$00000009)
    __rt_lib_shutdown_heap_1                 0x08000247   Thumb Code     0  libshutdown2.o(.ARM.Collect$$libshutdown$$00000011)
    __rt_lib_shutdown_return                 0x08000247   Thumb Code     0  libshutdown2.o(.ARM.Collect$$libshutdown$$00000012)
    __rt_lib_shutdown_signal_1               0x08000247   Thumb Code     0  libshutdown2.o(.ARM.Collect$$libshutdown$$0000000C)
    __rt_lib_shutdown_stdio_1                0x08000247   Thumb Code     0  libshutdown2.o(.ARM.Collect$$libshutdown$$00000006)
    __rt_lib_shutdown_user_alloc_1           0x08000247   Thumb Code     0  libshutdown2.o(.ARM.Collect$$libshutdown$$0000000E)
    __rt_entry                               0x08000249   Thumb Code     0  __rtentry.o(.ARM.Collect$$rtentry$$00000000)
    __rt_entry_presh_1                       0x08000249   Thumb Code     0  __rtentry2.o(.ARM.Collect$$rtentry$$00000002)
    __rt_entry_sh                            0x08000249   Thumb Code     0  __rtentry4.o(.ARM.Collect$$rtentry$$00000004)
    __rt_entry_li                            0x0800024f   Thumb Code     0  __rtentry2.o(.ARM.Collect$$rtentry$$0000000A)
    __rt_entry_postsh_1                      0x0800024f   Thumb Code     0  __rtentry2.o(.ARM.Collect$$rtentry$$00000009)
    __rt_entry_main                          0x08000253   Thumb Code     0  __rtentry2.o(.ARM.Collect$$rtentry$$0000000D)
    __rt_entry_postli_1                      0x08000253   Thumb Code     0  __rtentry2.o(.ARM.Collect$$rtentry$$0000000C)
    __rt_exit                                0x0800025b   Thumb Code     0  rtexit.o(.ARM.Collect$$rtexit$$00000000)
    __rt_exit_ls                             0x0800025d   Thumb Code     0  rtexit2.o(.ARM.Collect$$rtexit$$00000003)
    __rt_exit_prels_1                        0x0800025d   Thumb Code     0  rtexit2.o(.ARM.Collect$$rtexit$$00000002)
    __rt_exit_exit                           0x08000261   Thumb Code     0  rtexit2.o(.ARM.Collect$$rtexit$$00000004)
    SVC_Handler                              0x08000269   Thumb Code    28  port.o(.emb_text)
    __asm___6_port_c_39a90d8d__prvStartFirstTask 0x08000289   Thumb Code    36  port.o(.emb_text)
    __asm___6_port_c_39a90d8d__prvEnableVFP  0x080002b1   Thumb Code    16  port.o(.emb_text)
    PendSV_Handler                           0x080002c5   Thumb Code    88  port.o(.emb_text)
    vPortGetIPSR                             0x08000321   Thumb Code     6  port.o(.emb_text)
    Reset_Handler                            0x08000329   Thumb Code     8  startup_stm32f407xx.o(.text)
    ADC_IRQHandler                           0x08000343   Thumb Code     0  startup_stm32f407xx.o(.text)
    CAN1_RX0_IRQHandler                      0x08000343   Thumb Code     0  startup_stm32f407xx.o(.text)
    CAN1_RX1_IRQHandler                      0x08000343   Thumb Code     0  startup_stm32f407xx.o(.text)
    CAN1_SCE_IRQHandler                      0x08000343   Thumb Code     0  startup_stm32f407xx.o(.text)
    CAN1_TX_IRQHandler                       0x08000343   Thumb Code     0  startup_stm32f407xx.o(.text)
    CAN2_RX0_IRQHandler                      0x08000343   Thumb Code     0  startup_stm32f407xx.o(.text)
    CAN2_RX1_IRQHandler                      0x08000343   Thumb Code     0  startup_stm32f407xx.o(.text)
    CAN2_SCE_IRQHandler                      0x08000343   Thumb Code     0  startup_stm32f407xx.o(.text)
    CAN2_TX_IRQHandler                       0x08000343   Thumb Code     0  startup_stm32f407xx.o(.text)
    DCMI_IRQHandler                          0x08000343   Thumb Code     0  startup_stm32f407xx.o(.text)
    DMA1_Stream0_IRQHandler                  0x08000343   Thumb Code     0  startup_stm32f407xx.o(.text)
    DMA1_Stream1_IRQHandler                  0x08000343   Thumb Code     0  startup_stm32f407xx.o(.text)
    DMA1_Stream2_IRQHandler                  0x08000343   Thumb Code     0  startup_stm32f407xx.o(.text)
    DMA1_Stream3_IRQHandler                  0x08000343   Thumb Code     0  startup_stm32f407xx.o(.text)
    DMA1_Stream4_IRQHandler                  0x08000343   Thumb Code     0  startup_stm32f407xx.o(.text)
    DMA1_Stream5_IRQHandler                  0x08000343   Thumb Code     0  startup_stm32f407xx.o(.text)
    DMA1_Stream6_IRQHandler                  0x08000343   Thumb Code     0  startup_stm32f407xx.o(.text)
    DMA1_Stream7_IRQHandler                  0x08000343   Thumb Code     0  startup_stm32f407xx.o(.text)
    DMA2_Stream2_IRQHandler                  0x08000343   Thumb Code     0  startup_stm32f407xx.o(.text)
    DMA2_Stream3_IRQHandler                  0x08000343   Thumb Code     0  startup_stm32f407xx.o(.text)
    DMA2_Stream4_IRQHandler                  0x08000343   Thumb Code     0  startup_stm32f407xx.o(.text)
    DMA2_Stream5_IRQHandler                  0x08000343   Thumb Code     0  startup_stm32f407xx.o(.text)
    DMA2_Stream6_IRQHandler                  0x08000343   Thumb Code     0  startup_stm32f407xx.o(.text)
    DMA2_Stream7_IRQHandler                  0x08000343   Thumb Code     0  startup_stm32f407xx.o(.text)
    ETH_IRQHandler                           0x08000343   Thumb Code     0  startup_stm32f407xx.o(.text)
    ETH_WKUP_IRQHandler                      0x08000343   Thumb Code     0  startup_stm32f407xx.o(.text)
    EXTI0_IRQHandler                         0x08000343   Thumb Code     0  startup_stm32f407xx.o(.text)
    EXTI15_10_IRQHandler                     0x08000343   Thumb Code     0  startup_stm32f407xx.o(.text)
    EXTI1_IRQHandler                         0x08000343   Thumb Code     0  startup_stm32f407xx.o(.text)
    EXTI2_IRQHandler                         0x08000343   Thumb Code     0  startup_stm32f407xx.o(.text)
    EXTI3_IRQHandler                         0x08000343   Thumb Code     0  startup_stm32f407xx.o(.text)
    EXTI4_IRQHandler                         0x08000343   Thumb Code     0  startup_stm32f407xx.o(.text)
    EXTI9_5_IRQHandler                       0x08000343   Thumb Code     0  startup_stm32f407xx.o(.text)
    FLASH_IRQHandler                         0x08000343   Thumb Code     0  startup_stm32f407xx.o(.text)
    FMC_IRQHandler                           0x08000343   Thumb Code     0  startup_stm32f407xx.o(.text)
    FPU_IRQHandler                           0x08000343   Thumb Code     0  startup_stm32f407xx.o(.text)
    HASH_RNG_IRQHandler                      0x08000343   Thumb Code     0  startup_stm32f407xx.o(.text)
    I2C1_ER_IRQHandler                       0x08000343   Thumb Code     0  startup_stm32f407xx.o(.text)
    I2C1_EV_IRQHandler                       0x08000343   Thumb Code     0  startup_stm32f407xx.o(.text)
    I2C2_ER_IRQHandler                       0x08000343   Thumb Code     0  startup_stm32f407xx.o(.text)
    I2C2_EV_IRQHandler                       0x08000343   Thumb Code     0  startup_stm32f407xx.o(.text)
    I2C3_ER_IRQHandler                       0x08000343   Thumb Code     0  startup_stm32f407xx.o(.text)
    I2C3_EV_IRQHandler                       0x08000343   Thumb Code     0  startup_stm32f407xx.o(.text)
    OTG_FS_IRQHandler                        0x08000343   Thumb Code     0  startup_stm32f407xx.o(.text)
    OTG_FS_WKUP_IRQHandler                   0x08000343   Thumb Code     0  startup_stm32f407xx.o(.text)
    OTG_HS_EP1_IN_IRQHandler                 0x08000343   Thumb Code     0  startup_stm32f407xx.o(.text)
    OTG_HS_EP1_OUT_IRQHandler                0x08000343   Thumb Code     0  startup_stm32f407xx.o(.text)
    OTG_HS_IRQHandler                        0x08000343   Thumb Code     0  startup_stm32f407xx.o(.text)
    OTG_HS_WKUP_IRQHandler                   0x08000343   Thumb Code     0  startup_stm32f407xx.o(.text)
    PVD_IRQHandler                           0x08000343   Thumb Code     0  startup_stm32f407xx.o(.text)
    RCC_IRQHandler                           0x08000343   Thumb Code     0  startup_stm32f407xx.o(.text)
    RTC_Alarm_IRQHandler                     0x08000343   Thumb Code     0  startup_stm32f407xx.o(.text)
    RTC_WKUP_IRQHandler                      0x08000343   Thumb Code     0  startup_stm32f407xx.o(.text)
    SDIO_IRQHandler                          0x08000343   Thumb Code     0  startup_stm32f407xx.o(.text)
    SPI1_IRQHandler                          0x08000343   Thumb Code     0  startup_stm32f407xx.o(.text)
    SPI2_IRQHandler                          0x08000343   Thumb Code     0  startup_stm32f407xx.o(.text)
    SPI3_IRQHandler                          0x08000343   Thumb Code     0  startup_stm32f407xx.o(.text)
    TAMP_STAMP_IRQHandler                    0x08000343   Thumb Code     0  startup_stm32f407xx.o(.text)
    TIM1_BRK_TIM9_IRQHandler                 0x08000343   Thumb Code     0  startup_stm32f407xx.o(.text)
    TIM1_CC_IRQHandler                       0x08000343   Thumb Code     0  startup_stm32f407xx.o(.text)
    TIM1_TRG_COM_TIM11_IRQHandler            0x08000343   Thumb Code     0  startup_stm32f407xx.o(.text)
    TIM1_UP_TIM10_IRQHandler                 0x08000343   Thumb Code     0  startup_stm32f407xx.o(.text)
    TIM3_IRQHandler                          0x08000343   Thumb Code     0  startup_stm32f407xx.o(.text)
    TIM4_IRQHandler                          0x08000343   Thumb Code     0  startup_stm32f407xx.o(.text)
    TIM5_IRQHandler                          0x08000343   Thumb Code     0  startup_stm32f407xx.o(.text)
    TIM6_DAC_IRQHandler                      0x08000343   Thumb Code     0  startup_stm32f407xx.o(.text)
    TIM7_IRQHandler                          0x08000343   Thumb Code     0  startup_stm32f407xx.o(.text)
    TIM8_BRK_TIM12_IRQHandler                0x08000343   Thumb Code     0  startup_stm32f407xx.o(.text)
    TIM8_CC_IRQHandler                       0x08000343   Thumb Code     0  startup_stm32f407xx.o(.text)
    TIM8_UP_TIM13_IRQHandler                 0x08000343   Thumb Code     0  startup_stm32f407xx.o(.text)
    UART4_IRQHandler                         0x08000343   Thumb Code     0  startup_stm32f407xx.o(.text)
    UART5_IRQHandler                         0x08000343   Thumb Code     0  startup_stm32f407xx.o(.text)
    USART1_IRQHandler                        0x08000343   Thumb Code     0  startup_stm32f407xx.o(.text)
    USART2_IRQHandler                        0x08000343   Thumb Code     0  startup_stm32f407xx.o(.text)
    USART3_IRQHandler                        0x08000343   Thumb Code     0  startup_stm32f407xx.o(.text)
    USART6_IRQHandler                        0x08000343   Thumb Code     0  startup_stm32f407xx.o(.text)
    WWDG_IRQHandler                          0x08000343   Thumb Code     0  startup_stm32f407xx.o(.text)
    __user_initial_stackheap                 0x08000345   Thumb Code     0  startup_stm32f407xx.o(.text)
    __aeabi_uldivmod                         0x08000369   Thumb Code     0  lludivv7m.o(.text)
    _ll_udiv                                 0x08000369   Thumb Code   238  lludivv7m.o(.text)
    __aeabi_memcpy                           0x08000457   Thumb Code     0  rt_memcpy_v6.o(.text)
    __rt_memcpy                              0x08000457   Thumb Code   138  rt_memcpy_v6.o(.text)
    _memcpy_lastbytes                        0x080004bd   Thumb Code     0  rt_memcpy_v6.o(.text)
    __aeabi_memset                           0x080004e1   Thumb Code    16  aeabi_memset.o(.text)
    __aeabi_memclr                           0x080004f1   Thumb Code     0  rt_memclr.o(.text)
    __rt_memclr                              0x080004f1   Thumb Code    68  rt_memclr.o(.text)
    _memset                                  0x080004f5   Thumb Code     0  rt_memclr.o(.text)
    __aeabi_memclr4                          0x08000535   Thumb Code     0  rt_memclr_w.o(.text)
    __aeabi_memclr8                          0x08000535   Thumb Code     0  rt_memclr_w.o(.text)
    __rt_memclr_w                            0x08000535   Thumb Code    78  rt_memclr_w.o(.text)
    _memset_w                                0x08000539   Thumb Code     0  rt_memclr_w.o(.text)
    __use_two_region_memory                  0x08000583   Thumb Code     2  heapauxi.o(.text)
    __rt_heap_escrow$2region                 0x08000585   Thumb Code     2  heapauxi.o(.text)
    __rt_heap_expand$2region                 0x08000587   Thumb Code     2  heapauxi.o(.text)
    __aeabi_memcpy4                          0x08000589   Thumb Code     0  rt_memcpy_w.o(.text)
    __aeabi_memcpy8                          0x08000589   Thumb Code     0  rt_memcpy_w.o(.text)
    __rt_memcpy_w                            0x08000589   Thumb Code   100  rt_memcpy_w.o(.text)
    _memcpy_lastbytes_aligned                0x080005d1   Thumb Code     0  rt_memcpy_w.o(.text)
    __user_setup_stackheap                   0x080005ed   Thumb Code    74  sys_stackheap_outer.o(.text)
    exit                                     0x08000637   Thumb Code    18  exit.o(.text)
    __user_libspace                          0x08000649   Thumb Code     8  libspace.o(.text)
    __user_perproc_libspace                  0x08000649   Thumb Code     0  libspace.o(.text)
    __user_perthread_libspace                0x08000649   Thumb Code     0  libspace.o(.text)
    _sys_exit                                0x08000651   Thumb Code     8  sys_exit.o(.text)
    __I$use$semihosting                      0x0800065d   Thumb Code     0  use_no_semi.o(.text)
    __use_no_semihosting_swi                 0x0800065d   Thumb Code     2  use_no_semi.o(.text)
    ADC_BUF_TO_F32                           0x0800065f   Thumb Code    18  usercode.o(i.ADC_BUF_TO_F32)
    __semihosting_library_function           0x0800065f   Thumb Code     0  indicate_semi.o(.text)
    ADC_BUF_TO_F32_1                         0x08000671   Thumb Code    76  usercode.o(i.ADC_BUF_TO_F32_1)
    ADC_BUF_TO_F32_2                         0x080006dd   Thumb Code    76  usercode.o(i.ADC_BUF_TO_F32_2)
    ADC_BUF_TO_F32_3                         0x08000749   Thumb Code   158  usercode.o(i.ADC_BUF_TO_F32_3)
    AR1_AC1                                  0x080009d5   Thumb Code    20  button.o(i.AR1_AC1)
    AR1_AC2                                  0x080009ed   Thumb Code    20  button.o(i.AR1_AC2)
    AR1_AC3                                  0x08000a05   Thumb Code   156  button.o(i.AR1_AC3)
    AR1_AC4                                  0x08000aad   Thumb Code    14  button.o(i.AR1_AC4)
    AR2_AC1                                  0x08000ac1   Thumb Code    20  button.o(i.AR2_AC1)
    AR2_AC2                                  0x08000ad9   Thumb Code    20  button.o(i.AR2_AC2)
    AR2_AC3                                  0x08000af1   Thumb Code   156  button.o(i.AR2_AC3)
    AR2_AC4                                  0x08000b99   Thumb Code    14  button.o(i.AR2_AC4)
    AR3_AC1                                  0x08000bad   Thumb Code    14  button.o(i.AR3_AC1)
    AR3_AC2                                  0x08000bc1   Thumb Code    14  button.o(i.AR3_AC2)
    AR3_AC3                                  0x08000bd5   Thumb Code    24  button.o(i.AR3_AC3)
    AR3_AC4                                  0x08000bf1   Thumb Code    14  button.o(i.AR3_AC4)
    AR4_AC1                                  0x08000c05   Thumb Code    14  button.o(i.AR4_AC1)
    AR4_AC2                                  0x08000c19   Thumb Code    14  button.o(i.AR4_AC2)
    AR4_AC3                                  0x08000c2d   Thumb Code    24  button.o(i.AR4_AC3)
    AR4_AC4                                  0x08000c49   Thumb Code    14  button.o(i.AR4_AC4)
    BR1_BC1                                  0x08000c5d   Thumb Code    24  button.o(i.BR1_BC1)
    BR1_BC2                                  0x08000c79   Thumb Code    14  button.o(i.BR1_BC2)
    BR1_BC3                                  0x08000c8d   Thumb Code    14  button.o(i.BR1_BC3)
    BR1_BC4                                  0x08000ca1   Thumb Code    12  button.o(i.BR1_BC4)
    BR2_BC1                                  0x08000cb5   Thumb Code    24  button.o(i.BR2_BC1)
    BR2_BC2                                  0x08000cd1   Thumb Code    14  button.o(i.BR2_BC2)
    BR2_BC3                                  0x08000ce5   Thumb Code    14  button.o(i.BR2_BC3)
    BR2_BC4                                  0x08000cf9   Thumb Code    12  button.o(i.BR2_BC4)
    BR3_BC1                                  0x08000d0d   Thumb Code    12  button.o(i.BR3_BC1)
    BR3_BC2                                  0x08000d21   Thumb Code    12  button.o(i.BR3_BC2)
    BR3_BC3                                  0x08000d35   Thumb Code    12  button.o(i.BR3_BC3)
    BR3_BC4                                  0x08000d49   Thumb Code    12  button.o(i.BR3_BC4)
    BR4_BC1                                  0x08000d5d   Thumb Code    12  button.o(i.BR4_BC1)
    BR4_BC2                                  0x08000d71   Thumb Code    12  button.o(i.BR4_BC2)
    BR4_BC3                                  0x08000d85   Thumb Code    12  button.o(i.BR4_BC3)
    BR4_BC4                                  0x08000d99   Thumb Code    12  button.o(i.BR4_BC4)
    BusFault_Handler                         0x08000dad   Thumb Code     2  stm32f4xx_it.o(i.BusFault_Handler)
    COUNT_CURRENT_PID                        0x08000db1   Thumb Code   640  current.o(i.COUNT_CURRENT_PID)
    COUNT_CURRENT_VOTAGE_PID                 0x08001061   Thumb Code   304  current_votage.o(i.COUNT_CURRENT_VOTAGE_PID)
    COUNT_VOTAGE_PID                         0x080011bd   Thumb Code   230  votage.o(i.COUNT_VOTAGE_PID)
    CURRENT_PID_INIT                         0x080012cd   Thumb Code   116  current.o(i.CURRENT_PID_INIT)
    CURRENT_TO_OLED                          0x08001361   Thumb Code    94  customoled.o(i.CURRENT_TO_OLED)
    CURRENT_VOTAGE_PID_INIT                  0x080013c1   Thumb Code    68  current_votage.o(i.CURRENT_VOTAGE_PID_INIT)
    DISPLAY_PID                              0x08001411   Thumb Code   534  button_display.o(i.DISPLAY_PID)
    DISPLAY_PID_SYMBLE                       0x08001659   Thumb Code   362  button_display.o(i.DISPLAY_PID_SYMBLE)
    DMA2_Stream0_IRQHandler                  0x080017c5   Thumb Code     6  stm32f4xx_it.o(i.DMA2_Stream0_IRQHandler)
    DMA2_Stream1_IRQHandler                  0x080017d1   Thumb Code     6  stm32f4xx_it.o(i.DMA2_Stream1_IRQHandler)
    DebugMon_Handler                         0x08001881   Thumb Code     2  stm32f4xx_it.o(i.DebugMon_Handler)
    Error_Handler                            0x08001883   Thumb Code     4  main.o(i.Error_Handler)
    HAL_ADC_ConfigChannel                    0x08001889   Thumb Code   316  stm32f4xx_hal_adc.o(i.HAL_ADC_ConfigChannel)
    HAL_ADC_ConvCpltCallback                 0x080019d5   Thumb Code    54  usercode.o(i.HAL_ADC_ConvCpltCallback)
    HAL_ADC_ConvHalfCpltCallback             0x08001a15   Thumb Code     2  stm32f4xx_hal_adc.o(i.HAL_ADC_ConvHalfCpltCallback)
    HAL_ADC_ErrorCallback                    0x08001a17   Thumb Code     2  stm32f4xx_hal_adc.o(i.HAL_ADC_ErrorCallback)
    HAL_ADC_Init                             0x08001a19   Thumb Code    84  stm32f4xx_hal_adc.o(i.HAL_ADC_Init)
    HAL_ADC_MspInit                          0x08001a6d   Thumb Code   302  adc.o(i.HAL_ADC_MspInit)
    HAL_ADC_Start_DMA                        0x08001bb9   Thumb Code   302  stm32f4xx_hal_adc.o(i.HAL_ADC_Start_DMA)
    HAL_DMA_IRQHandler                       0x08001d0d   Thumb Code   412  stm32f4xx_hal_dma.o(i.HAL_DMA_IRQHandler)
    HAL_DMA_Init                             0x08001ead   Thumb Code   206  stm32f4xx_hal_dma.o(i.HAL_DMA_Init)
    HAL_DMA_Start_IT                         0x08001f81   Thumb Code   110  stm32f4xx_hal_dma.o(i.HAL_DMA_Start_IT)
    HAL_Delay                                0x08001ff1   Thumb Code    32  stm32f4xx_hal.o(i.HAL_Delay)
    HAL_GPIO_Init                            0x08002015   Thumb Code   450  stm32f4xx_hal_gpio.o(i.HAL_GPIO_Init)
    HAL_GPIO_ReadPin                         0x08002205   Thumb Code    10  stm32f4xx_hal_gpio.o(i.HAL_GPIO_ReadPin)
    HAL_GPIO_WritePin                        0x0800220f   Thumb Code    10  stm32f4xx_hal_gpio.o(i.HAL_GPIO_WritePin)
    HAL_GetTick                              0x08002219   Thumb Code     6  stm32f4xx_hal.o(i.HAL_GetTick)
    HAL_IncTick                              0x08002225   Thumb Code    12  stm32f4xx_hal.o(i.HAL_IncTick)
    HAL_Init                                 0x08002235   Thumb Code    48  stm32f4xx_hal.o(i.HAL_Init)
    HAL_InitTick                             0x08002269   Thumb Code   132  stm32f4xx_hal_timebase_tim.o(i.HAL_InitTick)
    HAL_MspInit                              0x08002301   Thumb Code    52  stm32f4xx_hal_msp.o(i.HAL_MspInit)
    HAL_NVIC_EnableIRQ                       0x08002339   Thumb Code    26  stm32f4xx_hal_cortex.o(i.HAL_NVIC_EnableIRQ)
    HAL_NVIC_SetPriority                     0x08002355   Thumb Code    60  stm32f4xx_hal_cortex.o(i.HAL_NVIC_SetPriority)
    HAL_NVIC_SetPriorityGrouping             0x08002395   Thumb Code    26  stm32f4xx_hal_cortex.o(i.HAL_NVIC_SetPriorityGrouping)
    HAL_RCC_ClockConfig                      0x080023b9   Thumb Code   288  stm32f4xx_hal_rcc.o(i.HAL_RCC_ClockConfig)
    HAL_RCC_GetClockConfig                   0x080024ed   Thumb Code    54  stm32f4xx_hal_rcc.o(i.HAL_RCC_GetClockConfig)
    HAL_RCC_GetPCLK1Freq                     0x0800252d   Thumb Code    20  stm32f4xx_hal_rcc.o(i.HAL_RCC_GetPCLK1Freq)
    HAL_RCC_GetSysClockFreq                  0x0800254d   Thumb Code    88  stm32f4xx_hal_rcc.o(i.HAL_RCC_GetSysClockFreq)
    HAL_RCC_OscConfig                        0x080025b1   Thumb Code   856  stm32f4xx_hal_rcc.o(i.HAL_RCC_OscConfig)
    HAL_TIMEx_BreakCallback                  0x0800291d   Thumb Code     2  stm32f4xx_hal_tim_ex.o(i.HAL_TIMEx_BreakCallback)
    HAL_TIMEx_CommutCallback                 0x0800291f   Thumb Code     2  stm32f4xx_hal_tim_ex.o(i.HAL_TIMEx_CommutCallback)
    HAL_TIMEx_ConfigBreakDeadTime            0x08002921   Thumb Code    84  stm32f4xx_hal_tim_ex.o(i.HAL_TIMEx_ConfigBreakDeadTime)
    HAL_TIMEx_MasterConfigSynchronization    0x08002975   Thumb Code   116  stm32f4xx_hal_tim_ex.o(i.HAL_TIMEx_MasterConfigSynchronization)
    HAL_TIMEx_PWMN_Start                     0x08002a05   Thumb Code   164  stm32f4xx_hal_tim_ex.o(i.HAL_TIMEx_PWMN_Start)
    HAL_TIM_Base_Init                        0x08002ac5   Thumb Code    90  stm32f4xx_hal_tim.o(i.HAL_TIM_Base_Init)
    HAL_TIM_Base_MspInit                     0x08002b21   Thumb Code    76  tim.o(i.HAL_TIM_Base_MspInit)
    HAL_TIM_Base_Start                       0x08002b75   Thumb Code    90  stm32f4xx_hal_tim.o(i.HAL_TIM_Base_Start)
    HAL_TIM_Base_Start_IT                    0x08002bed   Thumb Code   100  stm32f4xx_hal_tim.o(i.HAL_TIM_Base_Start_IT)
    HAL_TIM_ConfigClockSource                0x08002c6d   Thumb Code   220  stm32f4xx_hal_tim.o(i.HAL_TIM_ConfigClockSource)
    HAL_TIM_IC_CaptureCallback               0x08002d49   Thumb Code     2  stm32f4xx_hal_tim.o(i.HAL_TIM_IC_CaptureCallback)
    HAL_TIM_IRQHandler                       0x08002d4b   Thumb Code   358  stm32f4xx_hal_tim.o(i.HAL_TIM_IRQHandler)
    HAL_TIM_MspPostInit                      0x08002eb1   Thumb Code   106  tim.o(i.HAL_TIM_MspPostInit)
    HAL_TIM_OC_DelayElapsedCallback          0x08002f2d   Thumb Code     2  stm32f4xx_hal_tim.o(i.HAL_TIM_OC_DelayElapsedCallback)
    HAL_TIM_PWM_ConfigChannel                0x08002f2f   Thumb Code   204  stm32f4xx_hal_tim.o(i.HAL_TIM_PWM_ConfigChannel)
    HAL_TIM_PWM_Init                         0x08002ffb   Thumb Code    90  stm32f4xx_hal_tim.o(i.HAL_TIM_PWM_Init)
    HAL_TIM_PWM_MspInit                      0x08003055   Thumb Code     2  stm32f4xx_hal_tim.o(i.HAL_TIM_PWM_MspInit)
    HAL_TIM_PWM_PulseFinishedCallback        0x08003057   Thumb Code     2  stm32f4xx_hal_tim.o(i.HAL_TIM_PWM_PulseFinishedCallback)
    HAL_TIM_PWM_Start                        0x08003059   Thumb Code   172  stm32f4xx_hal_tim.o(i.HAL_TIM_PWM_Start)
    HAL_TIM_PeriodElapsedCallback            0x08003121   Thumb Code    14  main.o(i.HAL_TIM_PeriodElapsedCallback)
    HAL_TIM_TriggerCallback                  0x08003135   Thumb Code     2  stm32f4xx_hal_tim.o(i.HAL_TIM_TriggerCallback)
    HardFault_Handler                        0x08003137   Thumb Code     2  stm32f4xx_it.o(i.HardFault_Handler)
    MX_ADC1_Init                             0x08003139   Thumb Code   150  adc.o(i.MX_ADC1_Init)
    MX_ADC3_Init                             0x080031d9   Thumb Code   152  adc.o(i.MX_ADC3_Init)
    MX_DMA_Init                              0x08003279   Thumb Code    56  dma.o(i.MX_DMA_Init)
    MX_FREERTOS_Init                         0x080032b5   Thumb Code    18  freertos.o(i.MX_FREERTOS_Init)
    MX_GPIO_Init                             0x080032d5   Thumb Code   304  gpio.o(i.MX_GPIO_Init)
    MX_TIM1_Init                             0x0800341d   Thumb Code   216  tim.o(i.MX_TIM1_Init)
    MX_TIM2_Init                             0x080034fd   Thumb Code   144  tim.o(i.MX_TIM2_Init)
    MemManage_Handler                        0x08003591   Thumb Code     2  stm32f4xx_it.o(i.MemManage_Handler)
    NMI_Handler                              0x08003593   Thumb Code     2  stm32f4xx_it.o(i.NMI_Handler)
    OLED_Clear                               0x08003595   Thumb Code    40  oled.o(i.OLED_Clear)
    OLED_DrawPoint                           0x080035c1   Thumb Code    54  oled.o(i.OLED_DrawPoint)
    OLED_Init                                0x080035fd   Thumb Code   256  oled.o(i.OLED_Init)
    OLED_Refresh_Gram                        0x08003705   Thumb Code    70  oled.o(i.OLED_Refresh_Gram)
    OLED_ShowChar                            0x08003751   Thumb Code   168  oled.o(i.OLED_ShowChar)
    OLED_ShowNum                             0x08003805   Thumb Code   120  oled.o(i.OLED_ShowNum)
    OLED_ShowString                          0x0800387d   Thumb Code    86  oled.o(i.OLED_ShowString)
    OLED_WR_Byte                             0x080038d5   Thumb Code    64  oled.o(i.OLED_WR_Byte)
    PID_TO_OLED                              0x0800391d   Thumb Code   248  customoled.o(i.PID_TO_OLED)
    PR_init                                  0x08003a15   Thumb Code   186  pr.o(i.PR_init)
    RATO_TO_OLED                             0x08003acf   Thumb Code    66  customoled.o(i.RATO_TO_OLED)
    READ_BUTTON_A                            0x08003b11   Thumb Code    22  button.o(i.READ_BUTTON_A)
    READ_BUTTON_A_R1                         0x08003b29   Thumb Code   144  button.o(i.READ_BUTTON_A_R1)
    READ_BUTTON_A_R2                         0x08003bc9   Thumb Code   144  button.o(i.READ_BUTTON_A_R2)
    READ_BUTTON_A_R3                         0x08003c69   Thumb Code   144  button.o(i.READ_BUTTON_A_R3)
    READ_BUTTON_A_R4                         0x08003d09   Thumb Code   144  button.o(i.READ_BUTTON_A_R4)
    READ_BUTTON_B                            0x08003da9   Thumb Code    22  button.o(i.READ_BUTTON_B)
    READ_BUTTON_B_R1                         0x08003dc1   Thumb Code   156  button.o(i.READ_BUTTON_B_R1)
    READ_BUTTON_B_R2                         0x08003e6d   Thumb Code   152  button.o(i.READ_BUTTON_B_R2)
    READ_BUTTON_B_R3                         0x08003f15   Thumb Code   148  button.o(i.READ_BUTTON_B_R3)
    READ_BUTTON_B_R4                         0x08003fb5   Thumb Code   158  button.o(i.READ_BUTTON_B_R4)
    SPLL_1PH_SOGI_coeff_calc                 0x08004061   Thumb Code   142  sogi.o(i.SPLL_1PH_SOGI_coeff_calc)
    SPLL_1PH_SOGI_config                     0x080040f5   Thumb Code    50  sogi.o(i.SPLL_1PH_SOGI_config)
    SPLL_1PH_SOGI_reset                      0x08004129   Thumb Code    82  sogi.o(i.SPLL_1PH_SOGI_reset)
    SPLL_1PH_SOGI_run                        0x08004181   Thumb Code   274  sogi.o(i.SPLL_1PH_SOGI_run)
    StartDefaultTask                         0x0800429d   Thumb Code    44  usercode.o(i.StartDefaultTask)
    SysTick_Handler                          0x080042c9   Thumb Code    26  cmsis_os2.o(i.SysTick_Handler)
    SystemClock_Config                       0x080042e5   Thumb Code   142  main.o(i.SystemClock_Config)
    SystemInit                               0x0800437d   Thumb Code    12  system_stm32f4xx.o(i.SystemInit)
    TIM2_IRQHandler                          0x0800438d   Thumb Code     6  stm32f4xx_it.o(i.TIM2_IRQHandler)
    TIM8_TRG_COM_TIM14_IRQHandler            0x08004399   Thumb Code     6  stm32f4xx_it.o(i.TIM8_TRG_COM_TIM14_IRQHandler)
    TIM_Base_SetConfig                       0x080043a5   Thumb Code   156  stm32f4xx_hal_tim.o(i.TIM_Base_SetConfig)
    TIM_CCxChannelCmd                        0x0800446d   Thumb Code    26  stm32f4xx_hal_tim.o(i.TIM_CCxChannelCmd)
    TIM_ETR_SetConfig                        0x080044a1   Thumb Code    20  stm32f4xx_hal_tim.o(i.TIM_ETR_SetConfig)
    TIM_OC2_SetConfig                        0x08004525   Thumb Code    98  stm32f4xx_hal_tim.o(i.TIM_OC2_SetConfig)
    UPDATE_CURRENT_NUM                       0x08004691   Thumb Code   154  current.o(i.UPDATE_CURRENT_NUM)
    UPDATE_CURRENT_PID                       0x08004731   Thumb Code   480  current.o(i.UPDATE_CURRENT_PID)
    UPDATE_CURRENT_VOOTAGE_PID               0x0800493d   Thumb Code   912  current_votage.o(i.UPDATE_CURRENT_VOOTAGE_PID)
    UPDATE_CURRENT_VOTAGE_NUM                0x08004cfd   Thumb Code   298  current_votage.o(i.UPDATE_CURRENT_VOTAGE_NUM)
    UPDATE_IREF_RATO_NUM                     0x08004e31   Thumb Code   158  current.o(i.UPDATE_IREF_RATO_NUM)
    UPDATE_IREF_RATO_PID                     0x08004ed9   Thumb Code   294  current.o(i.UPDATE_IREF_RATO_PID)
    UPDATE_PR_NUM                            0x0800502d   Thumb Code   158  current.o(i.UPDATE_PR_NUM)
    UPDATE_PR_PID                            0x080050d5   Thumb Code   498  current.o(i.UPDATE_PR_PID)
    UPDATE_VOTAGE_NUM                        0x080052fd   Thumb Code   154  votage.o(i.UPDATE_VOTAGE_NUM)
    UPDATE_VOTAGE_PID                        0x0800539d   Thumb Code   470  votage.o(i.UPDATE_VOTAGE_PID)
    USER_INIT                                0x080055a1   Thumb Code   130  usercode.o(i.USER_INIT)
    UsageFault_Handler                       0x08005639   Thumb Code     2  stm32f4xx_it.o(i.UsageFault_Handler)
    VOTAGE_PID_INIT                          0x0800563d   Thumb Code    28  votage.o(i.VOTAGE_PID_INIT)
    arm_cos_f32                              0x08005681   Thumb Code   108  arm_cos_f32.o(i.arm_cos_f32)
    arm_pid_init_f32                         0x080056f9   Thumb Code    54  arm_pid_init_f32.o(i.arm_pid_init_f32)
    arm_sin_f32                              0x08005731   Thumb Code   124  arm_sin_f32.o(i.arm_sin_f32)
    main                                     0x080057bd   Thumb Code    76  main.o(i.main)
    mypow                                    0x08005809   Thumb Code    16  oled.o(i.mypow)
    osKernelInitialize                       0x08005819   Thumb Code    34  cmsis_os2.o(i.osKernelInitialize)
    osKernelStart                            0x08005841   Thumb Code    48  cmsis_os2.o(i.osKernelStart)
    osThreadNew                              0x08005879   Thumb Code   188  cmsis_os2.o(i.osThreadNew)
    pvPortMalloc                             0x08006175   Thumb Code   224  heap_4.o(i.pvPortMalloc)
    pxPortInitialiseStack                    0x0800625d   Thumb Code    38  port.o(i.pxPortInitialiseStack)
    uxListRemove                             0x08006289   Thumb Code    38  list.o(i.uxListRemove)
    vApplicationGetIdleTaskMemory            0x080062b1   Thumb Code    16  cmsis_os2.o(i.vApplicationGetIdleTaskMemory)
    vApplicationGetTimerTaskMemory           0x080062c5   Thumb Code    18  cmsis_os2.o(i.vApplicationGetTimerTaskMemory)
    vListInitialise                          0x080062dd   Thumb Code    22  list.o(i.vListInitialise)
    vListInitialiseItem                      0x080062f3   Thumb Code     6  list.o(i.vListInitialiseItem)
    vListInsert                              0x080062f9   Thumb Code    54  list.o(i.vListInsert)
    vListInsertEnd                           0x0800632f   Thumb Code    24  list.o(i.vListInsertEnd)
    vPortEnterCritical                       0x08006349   Thumb Code    54  port.o(i.vPortEnterCritical)
    vPortExitCritical                        0x08006389   Thumb Code    38  port.o(i.vPortExitCritical)
    vPortFree                                0x080063b5   Thumb Code    94  heap_4.o(i.vPortFree)
    vPortSetupTimerInterrupt                 0x08006419   Thumb Code    32  port.o(i.vPortSetupTimerInterrupt)
    vPortValidateInterruptPriority           0x0800643d   Thumb Code    74  port.o(i.vPortValidateInterruptPriority)
    vQueueAddToRegistry                      0x08006491   Thumb Code    34  queue.o(i.vQueueAddToRegistry)
    vQueueWaitForMessageRestricted           0x080064b9   Thumb Code    74  queue.o(i.vQueueWaitForMessageRestricted)
    vTaskInternalSetTimeOutState             0x08006505   Thumb Code    12  tasks.o(i.vTaskInternalSetTimeOutState)
    vTaskMissedYield                         0x08006515   Thumb Code     8  tasks.o(i.vTaskMissedYield)
    vTaskPlaceOnEventList                    0x08006521   Thumb Code    48  tasks.o(i.vTaskPlaceOnEventList)
    vTaskPlaceOnEventListRestricted          0x08006555   Thumb Code    54  tasks.o(i.vTaskPlaceOnEventListRestricted)
    vTaskStartScheduler                      0x08006591   Thumb Code   128  tasks.o(i.vTaskStartScheduler)
    vTaskSuspendAll                          0x08006621   Thumb Code    10  tasks.o(i.vTaskSuspendAll)
    vTaskSwitchContext                       0x08006631   Thumb Code   100  tasks.o(i.vTaskSwitchContext)
    xPortStartScheduler                      0x0800669d   Thumb Code   232  port.o(i.xPortStartScheduler)
    xPortSysTickHandler                      0x080067a1   Thumb Code    38  port.o(i.xPortSysTickHandler)
    xQueueGenericCreateStatic                0x080067cd   Thumb Code   112  queue.o(i.xQueueGenericCreateStatic)
    xQueueGenericReset                       0x0800683d   Thumb Code   138  queue.o(i.xQueueGenericReset)
    xQueueGenericSend                        0x080068cd   Thumb Code   362  queue.o(i.xQueueGenericSend)
    xQueueGenericSendFromISR                 0x08006a3d   Thumb Code   190  queue.o(i.xQueueGenericSendFromISR)
    xQueueReceive                            0x08006afd   Thumb Code   322  queue.o(i.xQueueReceive)
    xTaskCheckForTimeOut                     0x08006c45   Thumb Code   122  tasks.o(i.xTaskCheckForTimeOut)
    xTaskCreate                              0x08006cc5   Thumb Code   108  tasks.o(i.xTaskCreate)
    xTaskCreateStatic                        0x08006d31   Thumb Code    96  tasks.o(i.xTaskCreateStatic)
    xTaskGetSchedulerState                   0x08006d91   Thumb Code    24  tasks.o(i.xTaskGetSchedulerState)
    xTaskGetTickCount                        0x08006dad   Thumb Code     6  tasks.o(i.xTaskGetTickCount)
    xTaskIncrementTick                       0x08006db9   Thumb Code   196  tasks.o(i.xTaskIncrementTick)
    xTaskPriorityDisinherit                  0x08006e85   Thumb Code   118  tasks.o(i.xTaskPriorityDisinherit)
    xTaskRemoveFromEventList                 0x08006f05   Thumb Code   106  tasks.o(i.xTaskRemoveFromEventList)
    xTaskResumeAll                           0x08006f7d   Thumb Code   190  tasks.o(i.xTaskResumeAll)
    xTimerCreateTimerTask                    0x08007049   Thumb Code    86  timers.o(i.xTimerCreateTimerTask)
    xTimerGenericCommand                     0x080070b1   Thumb Code   112  timers.o(i.xTimerGenericCommand)
    __aeabi_d2f                              0x08007125   Thumb Code     0  d2f.o(x$fpl$d2f)
    _d2f                                     0x08007125   Thumb Code    98  d2f.o(x$fpl$d2f)
    __aeabi_dadd                             0x08007189   Thumb Code     0  daddsub_clz.o(x$fpl$dadd)
    _dadd                                    0x08007189   Thumb Code   332  daddsub_clz.o(x$fpl$dadd)
    __aeabi_ui2d                             0x080072d9   Thumb Code     0  dflt_clz.o(x$fpl$dfltu)
    _dfltu                                   0x080072d9   Thumb Code    38  dflt_clz.o(x$fpl$dfltu)
    __aeabi_dmul                             0x08007301   Thumb Code     0  dmul.o(x$fpl$dmul)
    _dmul                                    0x08007301   Thumb Code   332  dmul.o(x$fpl$dmul)
    __fpl_dnaninf                            0x08007455   Thumb Code   156  dnaninf.o(x$fpl$dnaninf)
    __fpl_dretinf                            0x080074f1   Thumb Code    12  dretinf.o(x$fpl$dretinf)
    __aeabi_dsub                             0x080074fd   Thumb Code     0  daddsub_clz.o(x$fpl$dsub)
    _dsub                                    0x080074fd   Thumb Code   464  daddsub_clz.o(x$fpl$dsub)
    __aeabi_f2d                              0x080076d1   Thumb Code     0  f2d.o(x$fpl$f2d)
    _f2d                                     0x080076d1   Thumb Code    86  f2d.o(x$fpl$f2d)
    __fpl_fnaninf                            0x08007727   Thumb Code   140  fnaninf.o(x$fpl$fnaninf)
    _fp_init                                 0x080077b3   Thumb Code    10  fpinit.o(x$fpl$fpinit)
    __fplib_config_fpu_vfp                   0x080077bb   Thumb Code     0  fpinit.o(x$fpl$fpinit)
    __fplib_config_pureend_doubles           0x080077bb   Thumb Code     0  fpinit.o(x$fpl$fpinit)
    __fpl_fretinf                            0x080077bd   Thumb Code    10  fretinf.o(x$fpl$fretinf)
    __I$use$fp                               0x080077c6   Number         0  usenofp.o(x$fpl$usenofp)
    defaultTask_attributes                   0x080077c8   Data          36  freertos.o(.constdata)
    AHBPrescTable                            0x080077f4   Data          16  system_stm32f4xx.o(.constdata)
    APBPrescTable                            0x08007804   Data           8  system_stm32f4xx.o(.constdata)
    asc2_1206                                0x0800780c   Data        1140  oled.o(.constdata)
    asc2_1608                                0x08007c80   Data        1520  oled.o(.constdata)
    asc2_2412                                0x08008270   Data        3420  oled.o(.constdata)
    sinTable_f32                             0x08008fcc   Data        2052  arm_common_tables.o(.constdata)
    Region$$Table$$Base                      0x080097dc   Number         0  anon$$obj.o(Region$$Table)
    Region$$Table$$Limit                     0x080097fc   Number         0  anon$$obj.o(Region$$Table)
    defaultTaskHandle                        0x20000000   Data           4  freertos.o(.data)
    uwTickFreq                               0x20000004   Data           1  stm32f4xx_hal.o(.data)
    uwTickPrio                               0x20000008   Data           4  stm32f4xx_hal.o(.data)
    uwTick                                   0x2000000c   Data           4  stm32f4xx_hal.o(.data)
    SystemCoreClock                          0x20000010   Data           4  system_stm32f4xx.o(.data)
    temp_state                               0x20000014   Data           4  button.o(.data)
    ctrl_display                             0x20000018   Data           4  button.o(.data)
    mode_select                              0x2000001c   Data           4  button.o(.data)
    current_num_select                       0x20000020   Data           4  button.o(.data)
    rato_num_select                          0x20000024   Data           4  button.o(.data)
    chip_select                              0x20000028   Data           4  button.o(.data)
    chip_b_mode                              0x2000002c   Data           4  button.o(.data)
    ctrl_pid                                 0x20000030   Data           6  button.o(.data)
    ctrl_num                                 0x20000036   Data           6  button.o(.data)
    A_state                                  0x2000003c   Data          64  button.o(.data)
    B_state                                  0x2000007c   Data          64  button.o(.data)
    current_num                              0x200000bc   Data          20  button.o(.data)
    rato_num                                 0x200000d0   Data          12  button.o(.data)
    pxCurrentTCB                             0x200000dc   Data           4  tasks.o(.data)
    ADC1_Buf                                 0x2000015c   Data           8  usercode.o(.data)
    ADC3_Buf                                 0x20000164   Data           8  usercode.o(.data)
    count                                    0x2000016c   Data           4  current_votage.o(.data)
    V_ref                                    0x20000170   Data           4  current_votage.o(.data)
    angle                                    0x20000174   Data           4  current_votage.o(.data)
    v_error                                  0x20000178   Data           4  current_votage.o(.data)
    iref                                     0x2000017c   Data           4  current_votage.o(.data)
    i_error                                  0x20000180   Data           4  current_votage.o(.data)
    pwm_compare                              0x20000184   Data           4  current_votage.o(.data)
    count_1                                  0x20000188   Data           4  current.o(.data)
    angle_1                                  0x2000018c   Data           4  current.o(.data)
    I_ref                                    0x20000190   Data           4  current.o(.data)
    rato                                     0x20000194   Data           4  current.o(.data)
    percentage                               0x20000198   Data           4  current.o(.data)
    real_I_ref                               0x2000019c   Data           4  current.o(.data)
    I_target                                 0x200001a0   Data           4  current.o(.data)
    I_error                                  0x200001a4   Data           4  current.o(.data)
    current_pid_result                       0x200001a8   Data           4  current.o(.data)
    pr_output                                0x200001ac   Data           4  current.o(.data)
    count_3                                  0x200001b0   Data           4  votage.o(.data)
    angle_3                                  0x200001b4   Data           4  votage.o(.data)
    V_ref_3                                  0x200001b8   Data           4  votage.o(.data)
    V_error                                  0x200001bc   Data           4  votage.o(.data)
    PID_output                               0x200001c0   Data           4  votage.o(.data)
    hadc1                                    0x200001c4   Data          72  adc.o(.bss)
    hadc3                                    0x2000020c   Data          72  adc.o(.bss)
    hdma_adc1                                0x20000254   Data          96  adc.o(.bss)
    hdma_adc3                                0x200002b4   Data          96  adc.o(.bss)
    htim1                                    0x20000314   Data          72  tim.o(.bss)
    htim2                                    0x2000035c   Data          72  tim.o(.bss)
    htim14                                   0x200003a4   Data          72  stm32f4xx_hal_timebase_tim.o(.bss)
    pid_1                                    0x200003ec   Data          60  button.o(.bss)
    pid_2                                    0x20000428   Data          60  button.o(.bss)
    pid_3                                    0x20000464   Data          60  button.o(.bss)
    pid_4                                    0x200004a0   Data          60  button.o(.bss)
    pid_5                                    0x200004dc   Data          60  button.o(.bss)
    pid_6                                    0x20000518   Data          60  button.o(.bss)
    OLED_GRAM                                0x20000554   Data        1024  oled.o(.bss)
    xQueueRegistry                           0x20000954   Data          64  queue.o(.bss)
    ADC1_Buf_f32                             0x20005228   Data          16  usercode.o(.bss)
    ADC3_Buf_f32                             0x20005238   Data          16  usercode.o(.bss)
    S_1                                      0x20005248   Data          36  current_votage.o(.bss)
    S_2                                      0x2000526c   Data          36  current_votage.o(.bss)
    S_3                                      0x20005290   Data          36  current.o(.bss)
    sineA                                    0x200052b4   Data         132  current.o(.bss)
    pr_1                                     0x20005338   Data          68  current.o(.bss)
    S_4                                      0x2000537c   Data          36  votage.o(.bss)
    __libspace_start                         0x200053a0   Data          96  libspace.o(.bss)
    __temporary_stack_top$libspace           0x20005400   Data           0  libspace.o(.bss)



==============================================================================

Memory Map of the image

  Image Entry point : 0x08000189

  Load Region LR_IROM1 (Base: 0x08000000, Size: 0x000099c0, Max: 0x00080000, ABSOLUTE, COMPRESSED[0x00009818])

    Execution Region ER_IROM1 (Exec base: 0x08000000, Load base: 0x08000000, Size: 0x000097fc, Max: 0x00080000, ABSOLUTE)

    Exec Addr    Load Addr    Size         Type   Attr      Idx    E Section Name        Object

    0x08000000   0x08000000   0x00000188   Data   RO            3    RESET               startup_stm32f407xx.o
    0x08000188   0x08000188   0x00000008   Code   RO        12492  * !!!main             c_w.l(__main.o)
    0x08000190   0x08000190   0x00000034   Code   RO        12710    !!!scatter          c_w.l(__scatter.o)
    0x080001c4   0x080001c4   0x0000005a   Code   RO        12708    !!dczerorl2         c_w.l(__dczerorl2.o)
    0x0800021e   0x0800021e   0x00000002   PAD
    0x08000220   0x08000220   0x0000001c   Code   RO        12712    !!handler_zi        c_w.l(__scatter_zi.o)
    0x0800023c   0x0800023c   0x00000002   Code   RO        12576    .ARM.Collect$$libinit$$00000000  c_w.l(libinit.o)
    0x0800023e   0x0800023e   0x00000004   Code   RO        12588    .ARM.Collect$$libinit$$00000001  c_w.l(libinit2.o)
    0x08000242   0x08000242   0x00000000   Code   RO        12591    .ARM.Collect$$libinit$$00000004  c_w.l(libinit2.o)
    0x08000242   0x08000242   0x00000000   Code   RO        12594    .ARM.Collect$$libinit$$0000000A  c_w.l(libinit2.o)
    0x08000242   0x08000242   0x00000000   Code   RO        12596    .ARM.Collect$$libinit$$0000000C  c_w.l(libinit2.o)
    0x08000242   0x08000242   0x00000000   Code   RO        12598    .ARM.Collect$$libinit$$0000000E  c_w.l(libinit2.o)
    0x08000242   0x08000242   0x00000000   Code   RO        12601    .ARM.Collect$$libinit$$00000011  c_w.l(libinit2.o)
    0x08000242   0x08000242   0x00000000   Code   RO        12603    .ARM.Collect$$libinit$$00000013  c_w.l(libinit2.o)
    0x08000242   0x08000242   0x00000000   Code   RO        12605    .ARM.Collect$$libinit$$00000015  c_w.l(libinit2.o)
    0x08000242   0x08000242   0x00000000   Code   RO        12607    .ARM.Collect$$libinit$$00000017  c_w.l(libinit2.o)
    0x08000242   0x08000242   0x00000000   Code   RO        12609    .ARM.Collect$$libinit$$00000019  c_w.l(libinit2.o)
    0x08000242   0x08000242   0x00000000   Code   RO        12611    .ARM.Collect$$libinit$$0000001B  c_w.l(libinit2.o)
    0x08000242   0x08000242   0x00000000   Code   RO        12613    .ARM.Collect$$libinit$$0000001D  c_w.l(libinit2.o)
    0x08000242   0x08000242   0x00000000   Code   RO        12615    .ARM.Collect$$libinit$$0000001F  c_w.l(libinit2.o)
    0x08000242   0x08000242   0x00000000   Code   RO        12617    .ARM.Collect$$libinit$$00000021  c_w.l(libinit2.o)
    0x08000242   0x08000242   0x00000000   Code   RO        12619    .ARM.Collect$$libinit$$00000023  c_w.l(libinit2.o)
    0x08000242   0x08000242   0x00000000   Code   RO        12621    .ARM.Collect$$libinit$$00000025  c_w.l(libinit2.o)
    0x08000242   0x08000242   0x00000000   Code   RO        12625    .ARM.Collect$$libinit$$0000002C  c_w.l(libinit2.o)
    0x08000242   0x08000242   0x00000000   Code   RO        12627    .ARM.Collect$$libinit$$0000002E  c_w.l(libinit2.o)
    0x08000242   0x08000242   0x00000000   Code   RO        12629    .ARM.Collect$$libinit$$00000030  c_w.l(libinit2.o)
    0x08000242   0x08000242   0x00000000   Code   RO        12631    .ARM.Collect$$libinit$$00000032  c_w.l(libinit2.o)
    0x08000242   0x08000242   0x00000002   Code   RO        12632    .ARM.Collect$$libinit$$00000033  c_w.l(libinit2.o)
    0x08000244   0x08000244   0x00000002   Code   RO        12663    .ARM.Collect$$libshutdown$$00000000  c_w.l(libshutdown.o)
    0x08000246   0x08000246   0x00000000   Code   RO        12689    .ARM.Collect$$libshutdown$$00000002  c_w.l(libshutdown2.o)
    0x08000246   0x08000246   0x00000000   Code   RO        12691    .ARM.Collect$$libshutdown$$00000004  c_w.l(libshutdown2.o)
    0x08000246   0x08000246   0x00000000   Code   RO        12693    .ARM.Collect$$libshutdown$$00000006  c_w.l(libshutdown2.o)
    0x08000246   0x08000246   0x00000000   Code   RO        12696    .ARM.Collect$$libshutdown$$00000009  c_w.l(libshutdown2.o)
    0x08000246   0x08000246   0x00000000   Code   RO        12699    .ARM.Collect$$libshutdown$$0000000C  c_w.l(libshutdown2.o)
    0x08000246   0x08000246   0x00000000   Code   RO        12701    .ARM.Collect$$libshutdown$$0000000E  c_w.l(libshutdown2.o)
    0x08000246   0x08000246   0x00000000   Code   RO        12704    .ARM.Collect$$libshutdown$$00000011  c_w.l(libshutdown2.o)
    0x08000246   0x08000246   0x00000002   Code   RO        12705    .ARM.Collect$$libshutdown$$00000012  c_w.l(libshutdown2.o)
    0x08000248   0x08000248   0x00000000   Code   RO        12526    .ARM.Collect$$rtentry$$00000000  c_w.l(__rtentry.o)
    0x08000248   0x08000248   0x00000000   Code   RO        12547    .ARM.Collect$$rtentry$$00000002  c_w.l(__rtentry2.o)
    0x08000248   0x08000248   0x00000006   Code   RO        12559    .ARM.Collect$$rtentry$$00000004  c_w.l(__rtentry4.o)
    0x0800024e   0x0800024e   0x00000000   Code   RO        12549    .ARM.Collect$$rtentry$$00000009  c_w.l(__rtentry2.o)
    0x0800024e   0x0800024e   0x00000004   Code   RO        12550    .ARM.Collect$$rtentry$$0000000A  c_w.l(__rtentry2.o)
    0x08000252   0x08000252   0x00000000   Code   RO        12552    .ARM.Collect$$rtentry$$0000000C  c_w.l(__rtentry2.o)
    0x08000252   0x08000252   0x00000008   Code   RO        12553    .ARM.Collect$$rtentry$$0000000D  c_w.l(__rtentry2.o)
    0x0800025a   0x0800025a   0x00000002   Code   RO        12580    .ARM.Collect$$rtexit$$00000000  c_w.l(rtexit.o)
    0x0800025c   0x0800025c   0x00000000   Code   RO        12636    .ARM.Collect$$rtexit$$00000002  c_w.l(rtexit2.o)
    0x0800025c   0x0800025c   0x00000004   Code   RO        12637    .ARM.Collect$$rtexit$$00000003  c_w.l(rtexit2.o)
    0x08000260   0x08000260   0x00000006   Code   RO        12638    .ARM.Collect$$rtexit$$00000004  c_w.l(rtexit2.o)
    0x08000266   0x08000266   0x00000002   PAD
    0x08000268   0x08000268   0x000000be   Code   RO         5146    .emb_text           port.o
    0x08000326   0x08000326   0x00000002   PAD
    0x08000328   0x08000328   0x00000040   Code   RO            4    .text               startup_stm32f407xx.o
    0x08000368   0x08000368   0x000000ee   Code   RO        12472    .text               c_w.l(lludivv7m.o)
    0x08000456   0x08000456   0x0000008a   Code   RO        12480    .text               c_w.l(rt_memcpy_v6.o)
    0x080004e0   0x080004e0   0x00000010   Code   RO        12484    .text               c_w.l(aeabi_memset.o)
    0x080004f0   0x080004f0   0x00000044   Code   RO        12486    .text               c_w.l(rt_memclr.o)
    0x08000534   0x08000534   0x0000004e   Code   RO        12488    .text               c_w.l(rt_memclr_w.o)
    0x08000582   0x08000582   0x00000006   Code   RO        12490    .text               c_w.l(heapauxi.o)
    0x08000588   0x08000588   0x00000064   Code   RO        12531    .text               c_w.l(rt_memcpy_w.o)
    0x080005ec   0x080005ec   0x0000004a   Code   RO        12563    .text               c_w.l(sys_stackheap_outer.o)
    0x08000636   0x08000636   0x00000012   Code   RO        12565    .text               c_w.l(exit.o)
    0x08000648   0x08000648   0x00000008   Code   RO        12577    .text               c_w.l(libspace.o)
    0x08000650   0x08000650   0x0000000c   Code   RO        12633    .text               c_w.l(sys_exit.o)
    0x0800065c   0x0800065c   0x00000002   Code   RO        12652    .text               c_w.l(use_no_semi.o)
    0x0800065e   0x0800065e   0x00000000   Code   RO        12654    .text               c_w.l(indicate_semi.o)
    0x0800065e   0x0800065e   0x00000012   Code   RO         5226    i.ADC_BUF_TO_F32    usercode.o
    0x08000670   0x08000670   0x0000006c   Code   RO         5227    i.ADC_BUF_TO_F32_1  usercode.o
    0x080006dc   0x080006dc   0x0000006c   Code   RO         5228    i.ADC_BUF_TO_F32_2  usercode.o
    0x08000748   0x08000748   0x000000d4   Code   RO         5229    i.ADC_BUF_TO_F32_3  usercode.o
    0x0800081c   0x0800081c   0x0000006e   Code   RO          552    i.ADC_DMAConvCplt   stm32f4xx_hal_adc.o
    0x0800088a   0x0800088a   0x00000016   Code   RO          553    i.ADC_DMAError      stm32f4xx_hal_adc.o
    0x080008a0   0x080008a0   0x0000000a   Code   RO          554    i.ADC_DMAHalfConvCplt  stm32f4xx_hal_adc.o
    0x080008aa   0x080008aa   0x00000002   PAD
    0x080008ac   0x080008ac   0x00000128   Code   RO          555    i.ADC_Init          stm32f4xx_hal_adc.o
    0x080009d4   0x080009d4   0x00000018   Code   RO         2973    i.AR1_AC1           button.o
    0x080009ec   0x080009ec   0x00000018   Code   RO         2974    i.AR1_AC2           button.o
    0x08000a04   0x08000a04   0x000000a8   Code   RO         2975    i.AR1_AC3           button.o
    0x08000aac   0x08000aac   0x00000014   Code   RO         2976    i.AR1_AC4           button.o
    0x08000ac0   0x08000ac0   0x00000018   Code   RO         2977    i.AR2_AC1           button.o
    0x08000ad8   0x08000ad8   0x00000018   Code   RO         2978    i.AR2_AC2           button.o
    0x08000af0   0x08000af0   0x000000a8   Code   RO         2979    i.AR2_AC3           button.o
    0x08000b98   0x08000b98   0x00000014   Code   RO         2980    i.AR2_AC4           button.o
    0x08000bac   0x08000bac   0x00000014   Code   RO         2981    i.AR3_AC1           button.o
    0x08000bc0   0x08000bc0   0x00000014   Code   RO         2982    i.AR3_AC2           button.o
    0x08000bd4   0x08000bd4   0x0000001c   Code   RO         2983    i.AR3_AC3           button.o
    0x08000bf0   0x08000bf0   0x00000014   Code   RO         2984    i.AR3_AC4           button.o
    0x08000c04   0x08000c04   0x00000014   Code   RO         2985    i.AR4_AC1           button.o
    0x08000c18   0x08000c18   0x00000014   Code   RO         2986    i.AR4_AC2           button.o
    0x08000c2c   0x08000c2c   0x0000001c   Code   RO         2987    i.AR4_AC3           button.o
    0x08000c48   0x08000c48   0x00000014   Code   RO         2988    i.AR4_AC4           button.o
    0x08000c5c   0x08000c5c   0x0000001c   Code   RO         2989    i.BR1_BC1           button.o
    0x08000c78   0x08000c78   0x00000014   Code   RO         2990    i.BR1_BC2           button.o
    0x08000c8c   0x08000c8c   0x00000014   Code   RO         2991    i.BR1_BC3           button.o
    0x08000ca0   0x08000ca0   0x00000014   Code   RO         2992    i.BR1_BC4           button.o
    0x08000cb4   0x08000cb4   0x0000001c   Code   RO         2993    i.BR2_BC1           button.o
    0x08000cd0   0x08000cd0   0x00000014   Code   RO         2994    i.BR2_BC2           button.o
    0x08000ce4   0x08000ce4   0x00000014   Code   RO         2995    i.BR2_BC3           button.o
    0x08000cf8   0x08000cf8   0x00000014   Code   RO         2996    i.BR2_BC4           button.o
    0x08000d0c   0x08000d0c   0x00000014   Code   RO         2997    i.BR3_BC1           button.o
    0x08000d20   0x08000d20   0x00000014   Code   RO         2998    i.BR3_BC2           button.o
    0x08000d34   0x08000d34   0x00000014   Code   RO         2999    i.BR3_BC3           button.o
    0x08000d48   0x08000d48   0x00000014   Code   RO         3000    i.BR3_BC4           button.o
    0x08000d5c   0x08000d5c   0x00000014   Code   RO         3001    i.BR4_BC1           button.o
    0x08000d70   0x08000d70   0x00000014   Code   RO         3002    i.BR4_BC2           button.o
    0x08000d84   0x08000d84   0x00000014   Code   RO         3003    i.BR4_BC3           button.o
    0x08000d98   0x08000d98   0x00000014   Code   RO         3004    i.BR4_BC4           button.o
    0x08000dac   0x08000dac   0x00000002   Code   RO          407    i.BusFault_Handler  stm32f4xx_it.o
    0x08000dae   0x08000dae   0x00000002   PAD
    0x08000db0   0x08000db0   0x000002b0   Code   RO        12228    i.COUNT_CURRENT_PID  current.o
    0x08001060   0x08001060   0x0000015c   Code   RO        12175    i.COUNT_CURRENT_VOTAGE_PID  current_votage.o
    0x080011bc   0x080011bc   0x00000110   Code   RO        12312    i.COUNT_VOTAGE_PID  votage.o
    0x080012cc   0x080012cc   0x00000094   Code   RO        12229    i.CURRENT_PID_INIT  current.o
    0x08001360   0x08001360   0x0000005e   Code   RO         3278    i.CURRENT_TO_OLED   customoled.o
    0x080013be   0x080013be   0x00000002   PAD
    0x080013c0   0x080013c0   0x00000050   Code   RO        12176    i.CURRENT_VOTAGE_PID_INIT  current_votage.o
    0x08001410   0x08001410   0x00000248   Code   RO         3244    i.DISPLAY_PID       button_display.o
    0x08001658   0x08001658   0x0000016a   Code   RO         3245    i.DISPLAY_PID_SYMBLE  button_display.o
    0x080017c2   0x080017c2   0x00000002   PAD
    0x080017c4   0x080017c4   0x0000000c   Code   RO          408    i.DMA2_Stream0_IRQHandler  stm32f4xx_it.o
    0x080017d0   0x080017d0   0x0000000c   Code   RO          409    i.DMA2_Stream1_IRQHandler  stm32f4xx_it.o
    0x080017dc   0x080017dc   0x00000028   Code   RO         1289    i.DMA_CalcBaseAndBitshift  stm32f4xx_hal_dma.o
    0x08001804   0x08001804   0x00000054   Code   RO         1290    i.DMA_CheckFifoParam  stm32f4xx_hal_dma.o
    0x08001858   0x08001858   0x00000028   Code   RO         1291    i.DMA_SetConfig     stm32f4xx_hal_dma.o
    0x08001880   0x08001880   0x00000002   Code   RO          410    i.DebugMon_Handler  stm32f4xx_it.o
    0x08001882   0x08001882   0x00000004   Code   RO           13    i.Error_Handler     main.o
    0x08001886   0x08001886   0x00000002   PAD
    0x08001888   0x08001888   0x0000014c   Code   RO          557    i.HAL_ADC_ConfigChannel  stm32f4xx_hal_adc.o
    0x080019d4   0x080019d4   0x00000040   Code   RO         5230    i.HAL_ADC_ConvCpltCallback  usercode.o
    0x08001a14   0x08001a14   0x00000002   Code   RO          559    i.HAL_ADC_ConvHalfCpltCallback  stm32f4xx_hal_adc.o
    0x08001a16   0x08001a16   0x00000002   Code   RO          561    i.HAL_ADC_ErrorCallback  stm32f4xx_hal_adc.o
    0x08001a18   0x08001a18   0x00000054   Code   RO          566    i.HAL_ADC_Init      stm32f4xx_hal_adc.o
    0x08001a6c   0x08001a6c   0x0000014c   Code   RO          282    i.HAL_ADC_MspInit   adc.o
    0x08001bb8   0x08001bb8   0x00000154   Code   RO          573    i.HAL_ADC_Start_DMA  stm32f4xx_hal_adc.o
    0x08001d0c   0x08001d0c   0x000001a0   Code   RO         1297    i.HAL_DMA_IRQHandler  stm32f4xx_hal_dma.o
    0x08001eac   0x08001eac   0x000000d4   Code   RO         1298    i.HAL_DMA_Init      stm32f4xx_hal_dma.o
    0x08001f80   0x08001f80   0x0000006e   Code   RO         1302    i.HAL_DMA_Start_IT  stm32f4xx_hal_dma.o
    0x08001fee   0x08001fee   0x00000002   PAD
    0x08001ff0   0x08001ff0   0x00000024   Code   RO         1711    i.HAL_Delay         stm32f4xx_hal.o
    0x08002014   0x08002014   0x000001f0   Code   RO         1185    i.HAL_GPIO_Init     stm32f4xx_hal_gpio.o
    0x08002204   0x08002204   0x0000000a   Code   RO         1187    i.HAL_GPIO_ReadPin  stm32f4xx_hal_gpio.o
    0x0800220e   0x0800220e   0x0000000a   Code   RO         1189    i.HAL_GPIO_WritePin  stm32f4xx_hal_gpio.o
    0x08002218   0x08002218   0x0000000c   Code   RO         1717    i.HAL_GetTick       stm32f4xx_hal.o
    0x08002224   0x08002224   0x00000010   Code   RO         1723    i.HAL_IncTick       stm32f4xx_hal.o
    0x08002234   0x08002234   0x00000034   Code   RO         1724    i.HAL_Init          stm32f4xx_hal.o
    0x08002268   0x08002268   0x00000098   Code   RO          513    i.HAL_InitTick      stm32f4xx_hal_timebase_tim.o
    0x08002300   0x08002300   0x00000038   Code   RO          489    i.HAL_MspInit       stm32f4xx_hal_msp.o
    0x08002338   0x08002338   0x0000001a   Code   RO         1574    i.HAL_NVIC_EnableIRQ  stm32f4xx_hal_cortex.o
    0x08002352   0x08002352   0x00000002   PAD
    0x08002354   0x08002354   0x00000040   Code   RO         1580    i.HAL_NVIC_SetPriority  stm32f4xx_hal_cortex.o
    0x08002394   0x08002394   0x00000024   Code   RO         1581    i.HAL_NVIC_SetPriorityGrouping  stm32f4xx_hal_cortex.o
    0x080023b8   0x080023b8   0x00000134   Code   RO          831    i.HAL_RCC_ClockConfig  stm32f4xx_hal_rcc.o
    0x080024ec   0x080024ec   0x00000040   Code   RO          835    i.HAL_RCC_GetClockConfig  stm32f4xx_hal_rcc.o
    0x0800252c   0x0800252c   0x00000020   Code   RO          838    i.HAL_RCC_GetPCLK1Freq  stm32f4xx_hal_rcc.o
    0x0800254c   0x0800254c   0x00000064   Code   RO          840    i.HAL_RCC_GetSysClockFreq  stm32f4xx_hal_rcc.o
    0x080025b0   0x080025b0   0x0000036c   Code   RO          843    i.HAL_RCC_OscConfig  stm32f4xx_hal_rcc.o
    0x0800291c   0x0800291c   0x00000002   Code   RO         2668    i.HAL_TIMEx_BreakCallback  stm32f4xx_hal_tim_ex.o
    0x0800291e   0x0800291e   0x00000002   Code   RO         2669    i.HAL_TIMEx_CommutCallback  stm32f4xx_hal_tim_ex.o
    0x08002920   0x08002920   0x00000054   Code   RO         2671    i.HAL_TIMEx_ConfigBreakDeadTime  stm32f4xx_hal_tim_ex.o
    0x08002974   0x08002974   0x00000090   Code   RO         2687    i.HAL_TIMEx_MasterConfigSynchronization  stm32f4xx_hal_tim_ex.o
    0x08002a04   0x08002a04   0x000000c0   Code   RO         2698    i.HAL_TIMEx_PWMN_Start  stm32f4xx_hal_tim_ex.o
    0x08002ac4   0x08002ac4   0x0000005a   Code   RO         1964    i.HAL_TIM_Base_Init  stm32f4xx_hal_tim.o
    0x08002b1e   0x08002b1e   0x00000002   PAD
    0x08002b20   0x08002b20   0x00000054   Code   RO          354    i.HAL_TIM_Base_MspInit  tim.o
    0x08002b74   0x08002b74   0x00000078   Code   RO         1967    i.HAL_TIM_Base_Start  stm32f4xx_hal_tim.o
    0x08002bec   0x08002bec   0x00000080   Code   RO         1969    i.HAL_TIM_Base_Start_IT  stm32f4xx_hal_tim.o
    0x08002c6c   0x08002c6c   0x000000dc   Code   RO         1973    i.HAL_TIM_ConfigClockSource  stm32f4xx_hal_tim.o
    0x08002d48   0x08002d48   0x00000002   Code   RO         1998    i.HAL_TIM_IC_CaptureCallback  stm32f4xx_hal_tim.o
    0x08002d4a   0x08002d4a   0x00000166   Code   RO         2012    i.HAL_TIM_IRQHandler  stm32f4xx_hal_tim.o
    0x08002eb0   0x08002eb0   0x0000007c   Code   RO          355    i.HAL_TIM_MspPostInit  tim.o
    0x08002f2c   0x08002f2c   0x00000002   Code   RO         2015    i.HAL_TIM_OC_DelayElapsedCallback  stm32f4xx_hal_tim.o
    0x08002f2e   0x08002f2e   0x000000cc   Code   RO         2036    i.HAL_TIM_PWM_ConfigChannel  stm32f4xx_hal_tim.o
    0x08002ffa   0x08002ffa   0x0000005a   Code   RO         2039    i.HAL_TIM_PWM_Init  stm32f4xx_hal_tim.o
    0x08003054   0x08003054   0x00000002   Code   RO         2041    i.HAL_TIM_PWM_MspInit  stm32f4xx_hal_tim.o
    0x08003056   0x08003056   0x00000002   Code   RO         2042    i.HAL_TIM_PWM_PulseFinishedCallback  stm32f4xx_hal_tim.o
    0x08003058   0x08003058   0x000000c8   Code   RO         2044    i.HAL_TIM_PWM_Start  stm32f4xx_hal_tim.o
    0x08003120   0x08003120   0x00000014   Code   RO           14    i.HAL_TIM_PeriodElapsedCallback  main.o
    0x08003134   0x08003134   0x00000002   Code   RO         2055    i.HAL_TIM_TriggerCallback  stm32f4xx_hal_tim.o
    0x08003136   0x08003136   0x00000002   Code   RO          411    i.HardFault_Handler  stm32f4xx_it.o
    0x08003138   0x08003138   0x000000a0   Code   RO          283    i.MX_ADC1_Init      adc.o
    0x080031d8   0x080031d8   0x000000a0   Code   RO          284    i.MX_ADC3_Init      adc.o
    0x08003278   0x08003278   0x0000003c   Code   RO          329    i.MX_DMA_Init       dma.o
    0x080032b4   0x080032b4   0x00000020   Code   RO          238    i.MX_FREERTOS_Init  freertos.o
    0x080032d4   0x080032d4   0x00000148   Code   RO          214    i.MX_GPIO_Init      gpio.o
    0x0800341c   0x0800341c   0x000000e0   Code   RO          356    i.MX_TIM1_Init      tim.o
    0x080034fc   0x080034fc   0x00000094   Code   RO          357    i.MX_TIM2_Init      tim.o
    0x08003590   0x08003590   0x00000002   Code   RO          412    i.MemManage_Handler  stm32f4xx_it.o
    0x08003592   0x08003592   0x00000002   Code   RO          413    i.NMI_Handler       stm32f4xx_it.o
    0x08003594   0x08003594   0x0000002c   Code   RO         3326    i.OLED_Clear        oled.o
    0x080035c0   0x080035c0   0x0000003c   Code   RO         3329    i.OLED_DrawPoint    oled.o
    0x080035fc   0x080035fc   0x00000108   Code   RO         3331    i.OLED_Init         oled.o
    0x08003704   0x08003704   0x0000004c   Code   RO         3332    i.OLED_Refresh_Gram  oled.o
    0x08003750   0x08003750   0x000000b4   Code   RO         3333    i.OLED_ShowChar     oled.o
    0x08003804   0x08003804   0x00000078   Code   RO         3334    i.OLED_ShowNum      oled.o
    0x0800387c   0x0800387c   0x00000056   Code   RO         3335    i.OLED_ShowString   oled.o
    0x080038d2   0x080038d2   0x00000002   PAD
    0x080038d4   0x080038d4   0x00000048   Code   RO         3336    i.OLED_WR_Byte      oled.o
    0x0800391c   0x0800391c   0x000000f8   Code   RO         3279    i.PID_TO_OLED       customoled.o
    0x08003a14   0x08003a14   0x000000ba   Code   RO        12433    i.PR_init           pr.o
    0x08003ace   0x08003ace   0x00000042   Code   RO         3280    i.RATO_TO_OLED      customoled.o
    0x08003b10   0x08003b10   0x00000016   Code   RO         3006    i.READ_BUTTON_A     button.o
    0x08003b26   0x08003b26   0x00000002   PAD
    0x08003b28   0x08003b28   0x000000a0   Code   RO         3007    i.READ_BUTTON_A_R1  button.o
    0x08003bc8   0x08003bc8   0x000000a0   Code   RO         3008    i.READ_BUTTON_A_R2  button.o
    0x08003c68   0x08003c68   0x000000a0   Code   RO         3009    i.READ_BUTTON_A_R3  button.o
    0x08003d08   0x08003d08   0x000000a0   Code   RO         3010    i.READ_BUTTON_A_R4  button.o
    0x08003da8   0x08003da8   0x00000016   Code   RO         3011    i.READ_BUTTON_B     button.o
    0x08003dbe   0x08003dbe   0x00000002   PAD
    0x08003dc0   0x08003dc0   0x000000ac   Code   RO         3012    i.READ_BUTTON_B_R1  button.o
    0x08003e6c   0x08003e6c   0x000000a8   Code   RO         3013    i.READ_BUTTON_B_R2  button.o
    0x08003f14   0x08003f14   0x000000a0   Code   RO         3014    i.READ_BUTTON_B_R3  button.o
    0x08003fb4   0x08003fb4   0x000000ac   Code   RO         3015    i.READ_BUTTON_B_R4  button.o
    0x08004060   0x08004060   0x00000094   Code   RO        12377    i.SPLL_1PH_SOGI_coeff_calc  sogi.o
    0x080040f4   0x080040f4   0x00000032   Code   RO        12383    i.SPLL_1PH_SOGI_config  sogi.o
    0x08004126   0x08004126   0x00000002   PAD
    0x08004128   0x08004128   0x00000058   Code   RO        12371    i.SPLL_1PH_SOGI_reset  sogi.o
    0x08004180   0x08004180   0x0000011c   Code   RO        12389    i.SPLL_1PH_SOGI_run  sogi.o
    0x0800429c   0x0800429c   0x0000002c   Code   RO         5231    i.StartDefaultTask  usercode.o
    0x080042c8   0x080042c8   0x0000001a   Code   RO         4566    i.SysTick_Handler   cmsis_os2.o
    0x080042e2   0x080042e2   0x00000002   PAD
    0x080042e4   0x080042e4   0x00000098   Code   RO           15    i.SystemClock_Config  main.o
    0x0800437c   0x0800437c   0x00000010   Code   RO         2936    i.SystemInit        system_stm32f4xx.o
    0x0800438c   0x0800438c   0x0000000c   Code   RO          414    i.TIM2_IRQHandler   stm32f4xx_it.o
    0x08004398   0x08004398   0x0000000c   Code   RO          415    i.TIM8_TRG_COM_TIM14_IRQHandler  stm32f4xx_it.o
    0x080043a4   0x080043a4   0x000000c8   Code   RO         2057    i.TIM_Base_SetConfig  stm32f4xx_hal_tim.o
    0x0800446c   0x0800446c   0x0000001a   Code   RO         2058    i.TIM_CCxChannelCmd  stm32f4xx_hal_tim.o
    0x08004486   0x08004486   0x0000001a   Code   RO         2707    i.TIM_CCxNChannelCmd  stm32f4xx_hal_tim_ex.o
    0x080044a0   0x080044a0   0x00000014   Code   RO         2068    i.TIM_ETR_SetConfig  stm32f4xx_hal_tim.o
    0x080044b4   0x080044b4   0x00000010   Code   RO         2069    i.TIM_ITRx_SetConfig  stm32f4xx_hal_tim.o
    0x080044c4   0x080044c4   0x00000060   Code   RO         2070    i.TIM_OC1_SetConfig  stm32f4xx_hal_tim.o
    0x08004524   0x08004524   0x0000006c   Code   RO         2071    i.TIM_OC2_SetConfig  stm32f4xx_hal_tim.o
    0x08004590   0x08004590   0x00000068   Code   RO         2072    i.TIM_OC3_SetConfig  stm32f4xx_hal_tim.o
    0x080045f8   0x080045f8   0x00000050   Code   RO         2073    i.TIM_OC4_SetConfig  stm32f4xx_hal_tim.o
    0x08004648   0x08004648   0x00000022   Code   RO         2075    i.TIM_TI1_ConfigInputStage  stm32f4xx_hal_tim.o
    0x0800466a   0x0800466a   0x00000024   Code   RO         2077    i.TIM_TI2_ConfigInputStage  stm32f4xx_hal_tim.o
    0x0800468e   0x0800468e   0x00000002   PAD
    0x08004690   0x08004690   0x000000a0   Code   RO        12230    i.UPDATE_CURRENT_NUM  current.o
    0x08004730   0x08004730   0x0000020c   Code   RO        12231    i.UPDATE_CURRENT_PID  current.o
    0x0800493c   0x0800493c   0x000003c0   Code   RO        12177    i.UPDATE_CURRENT_VOOTAGE_PID  current_votage.o
    0x08004cfc   0x08004cfc   0x00000134   Code   RO        12178    i.UPDATE_CURRENT_VOTAGE_NUM  current_votage.o
    0x08004e30   0x08004e30   0x000000a8   Code   RO        12232    i.UPDATE_IREF_RATO_NUM  current.o
    0x08004ed8   0x08004ed8   0x00000154   Code   RO        12233    i.UPDATE_IREF_RATO_PID  current.o
    0x0800502c   0x0800502c   0x000000a8   Code   RO        12235    i.UPDATE_PR_NUM     current.o
    0x080050d4   0x080050d4   0x00000228   Code   RO        12236    i.UPDATE_PR_PID     current.o
    0x080052fc   0x080052fc   0x000000a0   Code   RO        12313    i.UPDATE_VOTAGE_NUM  votage.o
    0x0800539c   0x0800539c   0x00000204   Code   RO        12314    i.UPDATE_VOTAGE_PID  votage.o
    0x080055a0   0x080055a0   0x00000098   Code   RO         5232    i.USER_INIT         usercode.o
    0x08005638   0x08005638   0x00000002   Code   RO          416    i.UsageFault_Handler  stm32f4xx_it.o
    0x0800563a   0x0800563a   0x00000002   PAD
    0x0800563c   0x0800563c   0x00000024   Code   RO        12315    i.VOTAGE_PID_INIT   votage.o
    0x08005660   0x08005660   0x00000020   Code   RO         1587    i.__NVIC_SetPriority  stm32f4xx_hal_cortex.o
    0x08005680   0x08005680   0x00000078   Code   RO         6955    i.arm_cos_f32       arm_cos_f32.o
    0x080056f8   0x080056f8   0x00000036   Code   RO         6759    i.arm_pid_init_f32  arm_pid_init_f32.o
    0x0800572e   0x0800572e   0x00000002   PAD
    0x08005730   0x08005730   0x0000008c   Code   RO         7027    i.arm_sin_f32       arm_sin_f32.o
    0x080057bc   0x080057bc   0x0000004c   Code   RO           16    i.main              main.o
    0x08005808   0x08005808   0x00000010   Code   RO         3337    i.mypow             oled.o
    0x08005818   0x08005818   0x00000028   Code   RO         4582    i.osKernelInitialize  cmsis_os2.o
    0x08005840   0x08005840   0x00000038   Code   RO         4585    i.osKernelStart     cmsis_os2.o
    0x08005878   0x08005878   0x000000bc   Code   RO         4627    i.osThreadNew       cmsis_os2.o
    0x08005934   0x08005934   0x00000060   Code   RO         4003    i.prvAddCurrentTaskToDelayedList  tasks.o
    0x08005994   0x08005994   0x00000088   Code   RO         4004    i.prvAddNewTaskToReadyList  tasks.o
    0x08005a1c   0x08005a1c   0x0000005c   Code   RO         4379    i.prvCheckForValidListAndQueue  timers.o
    0x08005a78   0x08005a78   0x00000040   Code   RO         4005    i.prvCheckTasksWaitingTermination  tasks.o
    0x08005ab8   0x08005ab8   0x00000024   Code   RO         3590    i.prvCopyDataFromQueue  queue.o
    0x08005adc   0x08005adc   0x0000006e   Code   RO         3591    i.prvCopyDataToQueue  queue.o
    0x08005b4a   0x08005b4a   0x00000040   Code   RO         4006    i.prvDeleteTCB      tasks.o
    0x08005b8a   0x08005b8a   0x00000002   PAD
    0x08005b8c   0x08005b8c   0x00000024   Code   RO         4380    i.prvGetNextExpireTime  timers.o
    0x08005bb0   0x08005bb0   0x00000050   Code   RO         5091    i.prvHeapInit       heap_4.o
    0x08005c00   0x08005c00   0x00000028   Code   RO         4007    i.prvIdleTask       tasks.o
    0x08005c28   0x08005c28   0x00000022   Code   RO         3594    i.prvInitialiseNewQueue  queue.o
    0x08005c4a   0x08005c4a   0x00000094   Code   RO         4008    i.prvInitialiseNewTask  tasks.o
    0x08005cde   0x08005cde   0x00000002   PAD
    0x08005ce0   0x08005ce0   0x00000060   Code   RO         4009    i.prvInitialiseTaskLists  tasks.o
    0x08005d40   0x08005d40   0x0000005c   Code   RO         5092    i.prvInsertBlockIntoFreeList  heap_4.o
    0x08005d9c   0x08005d9c   0x00000048   Code   RO         4382    i.prvInsertTimerInActiveList  timers.o
    0x08005de4   0x08005de4   0x0000001a   Code   RO         3595    i.prvIsQueueEmpty   queue.o
    0x08005dfe   0x08005dfe   0x0000001e   Code   RO         3596    i.prvIsQueueFull    queue.o
    0x08005e1c   0x08005e1c   0x00000068   Code   RO         4383    i.prvProcessExpiredTimer  timers.o
    0x08005e84   0x08005e84   0x00000110   Code   RO         4384    i.prvProcessReceivedCommands  timers.o
    0x08005f94   0x08005f94   0x0000006c   Code   RO         4385    i.prvProcessTimerOrBlockTask  timers.o
    0x08006000   0x08006000   0x00000024   Code   RO         4011    i.prvResetNextTaskUnblockTime  tasks.o
    0x08006024   0x08006024   0x0000002c   Code   RO         4386    i.prvSampleTimeNow  timers.o
    0x08006050   0x08006050   0x00000078   Code   RO         4387    i.prvSwitchTimerLists  timers.o
    0x080060c8   0x080060c8   0x00000030   Code   RO         5147    i.prvTaskExitError  port.o
    0x080060f8   0x080060f8   0x00000014   Code   RO         4388    i.prvTimerTask      timers.o
    0x0800610c   0x0800610c   0x00000068   Code   RO         3597    i.prvUnlockQueue    queue.o
    0x08006174   0x08006174   0x000000e8   Code   RO         5093    i.pvPortMalloc      heap_4.o
    0x0800625c   0x0800625c   0x0000002c   Code   RO         5148    i.pxPortInitialiseStack  port.o
    0x08006288   0x08006288   0x00000026   Code   RO         3550    i.uxListRemove      list.o
    0x080062ae   0x080062ae   0x00000002   PAD
    0x080062b0   0x080062b0   0x00000014   Code   RO         4639    i.vApplicationGetIdleTaskMemory  cmsis_os2.o
    0x080062c4   0x080062c4   0x00000018   Code   RO         4640    i.vApplicationGetTimerTaskMemory  cmsis_os2.o
    0x080062dc   0x080062dc   0x00000016   Code   RO         3551    i.vListInitialise   list.o
    0x080062f2   0x080062f2   0x00000006   Code   RO         3552    i.vListInitialiseItem  list.o
    0x080062f8   0x080062f8   0x00000036   Code   RO         3553    i.vListInsert       list.o
    0x0800632e   0x0800632e   0x00000018   Code   RO         3554    i.vListInsertEnd    list.o
    0x08006346   0x08006346   0x00000002   PAD
    0x08006348   0x08006348   0x00000040   Code   RO         5150    i.vPortEnterCritical  port.o
    0x08006388   0x08006388   0x0000002c   Code   RO         5151    i.vPortExitCritical  port.o
    0x080063b4   0x080063b4   0x00000064   Code   RO         5094    i.vPortFree         heap_4.o
    0x08006418   0x08006418   0x00000024   Code   RO         5152    i.vPortSetupTimerInterrupt  port.o
    0x0800643c   0x0800643c   0x00000054   Code   RO         5153    i.vPortValidateInterruptPriority  port.o
    0x08006490   0x08006490   0x00000028   Code   RO         3603    i.vQueueAddToRegistry  queue.o
    0x080064b8   0x080064b8   0x0000004a   Code   RO         3607    i.vQueueWaitForMessageRestricted  queue.o
    0x08006502   0x08006502   0x00000002   PAD
    0x08006504   0x08006504   0x00000010   Code   RO         4029    i.vTaskInternalSetTimeOutState  tasks.o
    0x08006514   0x08006514   0x0000000c   Code   RO         4030    i.vTaskMissedYield  tasks.o
    0x08006520   0x08006520   0x00000034   Code   RO         4032    i.vTaskPlaceOnEventList  tasks.o
    0x08006554   0x08006554   0x0000003c   Code   RO         4033    i.vTaskPlaceOnEventListRestricted  tasks.o
    0x08006590   0x08006590   0x00000090   Code   RO         4041    i.vTaskStartScheduler  tasks.o
    0x08006620   0x08006620   0x00000010   Code   RO         4043    i.vTaskSuspendAll   tasks.o
    0x08006630   0x08006630   0x0000006c   Code   RO         4044    i.vTaskSwitchContext  tasks.o
    0x0800669c   0x0800669c   0x00000104   Code   RO         5154    i.xPortStartScheduler  port.o
    0x080067a0   0x080067a0   0x0000002c   Code   RO         5155    i.xPortSysTickHandler  port.o
    0x080067cc   0x080067cc   0x00000070   Code   RO         3613    i.xQueueGenericCreateStatic  queue.o
    0x0800683c   0x0800683c   0x00000090   Code   RO         3614    i.xQueueGenericReset  queue.o
    0x080068cc   0x080068cc   0x00000170   Code   RO         3615    i.xQueueGenericSend  queue.o
    0x08006a3c   0x08006a3c   0x000000be   Code   RO         3616    i.xQueueGenericSendFromISR  queue.o
    0x08006afa   0x08006afa   0x00000002   PAD
    0x08006afc   0x08006afc   0x00000148   Code   RO         3625    i.xQueueReceive     queue.o
    0x08006c44   0x08006c44   0x00000080   Code   RO         4046    i.xTaskCheckForTimeOut  tasks.o
    0x08006cc4   0x08006cc4   0x0000006c   Code   RO         4047    i.xTaskCreate       tasks.o
    0x08006d30   0x08006d30   0x00000060   Code   RO         4048    i.xTaskCreateStatic  tasks.o
    0x08006d90   0x08006d90   0x0000001c   Code   RO         4052    i.xTaskGetSchedulerState  tasks.o
    0x08006dac   0x08006dac   0x0000000c   Code   RO         4053    i.xTaskGetTickCount  tasks.o
    0x08006db8   0x08006db8   0x000000cc   Code   RO         4055    i.xTaskIncrementTick  tasks.o
    0x08006e84   0x08006e84   0x00000080   Code   RO         4058    i.xTaskPriorityDisinherit  tasks.o
    0x08006f04   0x08006f04   0x00000078   Code   RO         4060    i.xTaskRemoveFromEventList  tasks.o
    0x08006f7c   0x08006f7c   0x000000cc   Code   RO         4061    i.xTaskResumeAll    tasks.o
    0x08007048   0x08007048   0x00000068   Code   RO         4397    i.xTimerCreateTimerTask  timers.o
    0x080070b0   0x080070b0   0x00000074   Code   RO         4398    i.xTimerGenericCommand  timers.o
    0x08007124   0x08007124   0x00000062   Code   RO        12496    x$fpl$d2f           fz_wm.l(d2f.o)
    0x08007186   0x08007186   0x00000002   PAD
    0x08007188   0x08007188   0x00000150   Code   RO        12498    x$fpl$dadd          fz_wm.l(daddsub_clz.o)
    0x080072d8   0x080072d8   0x00000026   Code   RO        12510    x$fpl$dfltu         fz_wm.l(dflt_clz.o)
    0x080072fe   0x080072fe   0x00000002   PAD
    0x08007300   0x08007300   0x00000154   Code   RO        12516    x$fpl$dmul          fz_wm.l(dmul.o)
    0x08007454   0x08007454   0x0000009c   Code   RO        12537    x$fpl$dnaninf       fz_wm.l(dnaninf.o)
    0x080074f0   0x080074f0   0x0000000c   Code   RO        12539    x$fpl$dretinf       fz_wm.l(dretinf.o)
    0x080074fc   0x080074fc   0x000001d4   Code   RO        12500    x$fpl$dsub          fz_wm.l(daddsub_clz.o)
    0x080076d0   0x080076d0   0x00000056   Code   RO        12520    x$fpl$f2d           fz_wm.l(f2d.o)
    0x08007726   0x08007726   0x0000008c   Code   RO        12541    x$fpl$fnaninf       fz_wm.l(fnaninf.o)
    0x080077b2   0x080077b2   0x0000000a   Code   RO        12648    x$fpl$fpinit        fz_wm.l(fpinit.o)
    0x080077bc   0x080077bc   0x0000000a   Code   RO        12543    x$fpl$fretinf       fz_wm.l(fretinf.o)
    0x080077c6   0x080077c6   0x00000000   Code   RO        12545    x$fpl$usenofp       fz_wm.l(usenofp.o)
    0x080077c6   0x080077c6   0x00000002   PAD
    0x080077c8   0x080077c8   0x00000024   Data   RO          240    .constdata          freertos.o
    0x080077ec   0x080077ec   0x00000008   Data   RO         1304    .constdata          stm32f4xx_hal_dma.o
    0x080077f4   0x080077f4   0x00000010   Data   RO         2937    .constdata          system_stm32f4xx.o
    0x08007804   0x08007804   0x00000008   Data   RO         2938    .constdata          system_stm32f4xx.o
    0x0800780c   0x0800780c   0x000017c0   Data   RO         3339    .constdata          oled.o
    0x08008fcc   0x08008fcc   0x00000804   Data   RO         6217    .constdata          arm_common_tables.o
    0x080097d0   0x080097d0   0x0000000c   Data   RO          241    .conststring        freertos.o
    0x080097dc   0x080097dc   0x00000020   Data   RO        12706    Region$$Table       anon$$obj.o


    Execution Region RW_IRAM1 (Exec base: 0x20000000, Load base: 0x080097fc, Size: 0x00005a00, Max: 0x0001c000, ABSOLUTE, COMPRESSED[0x0000001c])

    Exec Addr    Load Addr    Size         Type   Attr      Idx    E Section Name        Object

    0x20000000   COMPRESSED   0x00000004   Data   RW          242    .data               freertos.o
    0x20000004   COMPRESSED   0x0000000c   Data   RW         1731    .data               stm32f4xx_hal.o
    0x20000010   COMPRESSED   0x00000004   Data   RW         2939    .data               system_stm32f4xx.o
    0x20000014   COMPRESSED   0x000000c8   Data   RW         3017    .data               button.o
    0x200000dc   COMPRESSED   0x0000003c   Data   RW         4064    .data               tasks.o
    0x20000118   COMPRESSED   0x00000014   Data   RW         4406    .data               timers.o
    0x2000012c   COMPRESSED   0x00000004   Data   RW         4642    .data               cmsis_os2.o
    0x20000130   COMPRESSED   0x00000020   Data   RW         5100    .data               heap_4.o
    0x20000150   COMPRESSED   0x0000000c   Data   RW         5156    .data               port.o
    0x2000015c   COMPRESSED   0x00000010   Data   RW         5234    .data               usercode.o
    0x2000016c   COMPRESSED   0x0000001c   Data   RW        12180    .data               current_votage.o
    0x20000188   COMPRESSED   0x00000028   Data   RW        12238    .data               current.o
    0x200001b0   COMPRESSED   0x00000014   Data   RW        12317    .data               votage.o
    0x200001c4        -       0x00000150   Zero   RW          285    .bss                adc.o
    0x20000314        -       0x00000090   Zero   RW          358    .bss                tim.o
    0x200003a4        -       0x00000048   Zero   RW          516    .bss                stm32f4xx_hal_timebase_tim.o
    0x200003ec        -       0x00000168   Zero   RW         3016    .bss                button.o
    0x20000554        -       0x00000400   Zero   RW         3338    .bss                oled.o
    0x20000954        -       0x00000040   Zero   RW         3629    .bss                queue.o
    0x20000994        -       0x000004c4   Zero   RW         4063    .bss                tasks.o
    0x20000e58        -       0x00000118   Zero   RW         4405    .bss                timers.o
    0x20000f70        -       0x000006b8   Zero   RW         4641    .bss                cmsis_os2.o
    0x20001628        -       0x00003c00   Zero   RW         5099    .bss                heap_4.o
    0x20005228        -       0x00000020   Zero   RW         5233    .bss                usercode.o
    0x20005248        -       0x00000048   Zero   RW        12179    .bss                current_votage.o
    0x20005290        -       0x000000ec   Zero   RW        12237    .bss                current.o
    0x2000537c        -       0x00000024   Zero   RW        12316    .bss                votage.o
    0x200053a0        -       0x00000060   Zero   RW        12578    .bss                c_w.l(libspace.o)
    0x20005400        -       0x00000200   Zero   RW            2    HEAP                startup_stm32f407xx.o
    0x20005600        -       0x00000400   Zero   RW            1    STACK               startup_stm32f407xx.o


    Execution Region RW_IRAM2 (Exec base: 0x2001c000, Load base: 0x08009818, Size: 0x00000000, Max: 0x00004000, ABSOLUTE)

    **** No section assigned to this execution region ****


==============================================================================

Image component sizes


      Code (inc. data)   RO Data    RW Data    ZI Data      Debug   Object Name

       652         48          0          0        336       2810   adc.o
         0          0       2052          0          0       4676   arm_common_tables.o
       120         12          0          0          0        742   arm_cos_f32.o
        54          0          0          0          0        627   arm_pid_init_f32.o
       140         16          0          0          0        754   arm_sin_f32.o
      2340        342          0        200        360      23226   button.o
       946         56          0          0          0       1403   button_display.o
       354         24          0          4       1720      64149   cmsis_os2.o
      2748        250          0         40        236       7257   current.o
      1696        114          0         28         72      16651   current_votage.o
       408          0          0          0          0       2023   customoled.o
        60          4          0          0          0        786   dma.o
         0          0          0          0          0      19452   event_groups.o
        32         14         48          4          0       1218   freertos.o
       328         24          0          0          0       1111   gpio.o
       504         32          0         32      15360       5027   heap_4.o
       144          0          0          0          0       3586   list.o
       252         16          0          0          0     709120   main.o
       918         44       6080          0       1024       7242   oled.o
       814         92          0         12          0      11649   port.o
       186          0          0          0          0       1538   pr.o
      1596         24          0          0         64      17752   queue.o
       570         22          0          0          0       3796   sogi.o
        64         26        392          0       1536        844   startup_stm32f407xx.o
       116         18          0         12          0       8730   stm32f4xx_hal.o
      1198         66          0          0          0       6906   stm32f4xx_hal_adc.o
       158         14          0          0          0      33162   stm32f4xx_hal_cortex.o
       902         16          8          0          0       5815   stm32f4xx_hal_dma.o
       516         46          0          0          0       2851   stm32f4xx_hal_gpio.o
        56          4          0          0          0        870   stm32f4xx_hal_msp.o
      1380         74          0          0          0       5306   stm32f4xx_hal_rcc.o
      2140        166          0          0          0      17623   stm32f4xx_hal_tim.o
       450         56          0          0          0       4744   stm32f4xx_hal_tim_ex.o
       152         20          0          0         72       1484   stm32f4xx_hal_timebase_tim.o
        60         24          0          0          0       4715   stm32f4xx_it.o
         0          0          0          0          0        392   stream_buffer.o
        16          4         24          4          0       1127   system_stm32f4xx.o
      2116        184          0         60       1220      27073   tasks.o
       580         38          0          0        144       3289   tim.o
      1088         94          0         20        280      33147   timers.o
       706        150          0         16         32      18561   usercode.o
       984        102          0         20         36       2738   votage.o

    ----------------------------------------------------------------------
     27590       2236       8636        452      22492    1085972   Object Totals
         0          0         32          0          0          0   (incl. Generated)
        46          0          0          0          0          0   (incl. Padding)

    ----------------------------------------------------------------------

      Code (inc. data)   RO Data    RW Data    ZI Data      Debug   Library Member Name

        90          0          0          0          0          0   __dczerorl2.o
         8          0          0          0          0         68   __main.o
         0          0          0          0          0          0   __rtentry.o
        12          0          0          0          0          0   __rtentry2.o
         6          0          0          0          0          0   __rtentry4.o
        52          8          0          0          0          0   __scatter.o
        28          0          0          0          0          0   __scatter_zi.o
        16          0          0          0          0         68   aeabi_memset.o
        18          0          0          0          0         80   exit.o
         6          0          0          0          0        152   heapauxi.o
         0          0          0          0          0          0   indicate_semi.o
         2          0          0          0          0          0   libinit.o
         6          0          0          0          0          0   libinit2.o
         2          0          0          0          0          0   libshutdown.o
         2          0          0          0          0          0   libshutdown2.o
         8          4          0          0         96         68   libspace.o
       238          0          0          0          0        100   lludivv7m.o
        68          0          0          0          0         68   rt_memclr.o
        78          0          0          0          0         80   rt_memclr_w.o
       138          0          0          0          0         68   rt_memcpy_v6.o
       100          0          0          0          0         80   rt_memcpy_w.o
         2          0          0          0          0          0   rtexit.o
        10          0          0          0          0          0   rtexit2.o
        12          4          0          0          0         68   sys_exit.o
        74          0          0          0          0         80   sys_stackheap_outer.o
         2          0          0          0          0         68   use_no_semi.o
        98          4          0          0          0        140   d2f.o
       804         16          0          0          0        368   daddsub_clz.o
        38          0          0          0          0        116   dflt_clz.o
       340         12          0          0          0        152   dmul.o
       156          4          0          0          0        140   dnaninf.o
        12          0          0          0          0        116   dretinf.o
        86          4          0          0          0        132   f2d.o
       140          4          0          0          0        132   fnaninf.o
        10          0          0          0          0        116   fpinit.o
        10          0          0          0          0        116   fretinf.o
         0          0          0          0          0          0   usenofp.o

    ----------------------------------------------------------------------
      2682         60          0          0         96       2576   Library Totals
        10          0          0          0          0          0   (incl. Padding)

    ----------------------------------------------------------------------

      Code (inc. data)   RO Data    RW Data    ZI Data      Debug   Library Name

       978         16          0          0         96       1048   c_w.l
      1694         44          0          0          0       1528   fz_wm.l

    ----------------------------------------------------------------------
      2682         60          0          0         96       2576   Library Totals

    ----------------------------------------------------------------------

==============================================================================


      Code (inc. data)   RO Data    RW Data    ZI Data      Debug   

     30272       2296       8636        452      22588    1063580   Grand Totals
     30272       2296       8636         28      22588    1063580   ELF Image Totals (compressed)
     30272       2296       8636         28          0          0   ROM Totals

==============================================================================

    Total RO  Size (Code + RO Data)                38908 (  38.00kB)
    Total RW  Size (RW Data + ZI Data)             23040 (  22.50kB)
    Total ROM Size (Code + RO Data + RW Data)      38936 (  38.02kB)

==============================================================================

