<html>
<body>
<pre>
<h1>µVision Build Log</h1>
<h2>Tool Versions:</h2>
IDE-Version: ¦ÌVision V5.34.0.0
Copyright (C) 2021 ARM Ltd and ARM Germany GmbH. All rights reserved.
License Information: 111 2756283851@qq.com, 222, LIC=BUURY-IX4A6-Y8LFK-Z2MHD-RK7DK-2KBBY
 
Tool Versions:
Toolchain:       MDK-ARM Plus  Version: 5.34.0.0
Toolchain Path:  C:\Keil_v5\ARM\ARMCC\Bin
C Compiler:      Armcc.exe V5.06 update 7 (build 960)
Assembler:       Armasm.exe V5.06 update 7 (build 960)
Linker/Locator:  ArmLink.exe V5.06 update 7 (build 960)
Library Manager: ArmAr.exe V5.06 update 7 (build 960)
Hex Converter:   FromElf.exe V5.06 update 7 (build 960)
CPU DLL:         SARMCM3.DLL V5.34.0.0
Dialog DLL:      DCM.DLL V1.17.3.0
Target DLL:      STLink\ST-LINKIII-KEIL_SWO.dll V3.0.8.0
Dialog DLL:      TCM.DLL V1.48.0.0
 
<h2>Project:</h2>
C:\Users\27562\Documents\STM32\CHIP_1\MDK-ARM\CHIP_1.uvprojx
Project File Date:  08/02/2023

<h2>Output:</h2>
*** Using Compiler 'V5.06 update 7 (build 960)', folder: 'C:\Keil_v5\ARM\ARMCC\Bin'
Build target 'CHIP_1'
compiling stm32f4xx_ll_adc.c...
compiling dma.c...
compiling stm32f4xx_hal_rcc.c...
compiling stm32f4xx_hal_timebase_tim.c...
compiling stm32f4xx_it.c...
compiling stm32f4xx_hal_flash_ex.c...
compiling gpio.c...
compiling stm32f4xx_hal_rcc_ex.c...
compiling stm32f4xx_hal_flash.c...
compiling adc.c...
compiling main.c...
compiling stm32f4xx_hal_msp.c...
compiling stm32f4xx_hal_adc_ex.c...
compiling tim.c...
compiling stm32f4xx_hal_adc.c...
compiling freertos.c...
compiling stm32f4xx_hal_pwr.c...
compiling stm32f4xx_hal_pwr_ex.c...
compiling croutine.c...
compiling stm32f4xx_hal_dma.c...
compiling stm32f4xx_hal_flash_ramfunc.c...
compiling stm32f4xx_hal_gpio.c...
compiling event_groups.c...
compiling list.c...
compiling queue.c...
compiling stm32f4xx_hal_dma_ex.c...
compiling stream_buffer.c...
compiling stm32f4xx_hal_cortex.c...
compiling system_stm32f4xx.c...
compiling stm32f4xx_hal_tim_ex.c...
compiling timers.c...
compiling tasks.c...
compiling heap_4.c...
compiling port.c...
compiling button.c...
compiling arm_abs_f32.c...
compiling arm_abs_q7.c...
compiling button_display.c...
compiling arm_abs_q31.c...
compiling arm_abs_q15.c...
compiling arm_add_f32.c...
compiling arm_add_q7.c...
compiling stm32f4xx_hal_exti.c...
compiling arm_add_q15.c...
compiling customoled.c...
compiling stm32f4xx_hal.c...
compiling arm_add_q31.c...
compiling stm32f4xx_hal_tim.c...
compiling arm_dot_prod_f32.c...
compiling arm_dot_prod_q7.c...
compiling arm_dot_prod_q15.c...
compiling arm_mult_f32.c...
compiling arm_dot_prod_q31.c...
compiling arm_mult_q7.c...
compiling arm_mult_q15.c...
compiling arm_mult_q31.c...
compiling arm_negate_f32.c...
compiling arm_negate_q15.c...
compiling arm_negate_q7.c...
compiling arm_negate_q31.c...
compiling arm_offset_f32.c...
compiling arm_offset_q31.c...
compiling arm_offset_q7.c...
compiling arm_offset_q15.c...
compiling arm_scale_q7.c...
compiling arm_scale_f32.c...
compiling arm_scale_q15.c...
compiling arm_scale_q31.c...
compiling arm_shift_q15.c...
compiling arm_sub_f32.c...
compiling arm_shift_q7.c...
compiling arm_shift_q31.c...
compiling oled.c...
compiling arm_sub_q7.c...
compiling arm_sub_q15.c...
compiling arm_cmplx_conj_f32.c...
compiling arm_const_structs.c...
compiling arm_sub_q31.c...
compiling arm_common_tables.c...
compiling arm_cmplx_conj_q15.c...
compiling arm_cmplx_conj_q31.c...
compiling arm_cmplx_mag_f32.c...
compiling arm_cmplx_mag_q15.c...
compiling arm_cmplx_dot_prod_f32.c...
compiling arm_cmplx_dot_prod_q31.c...
compiling arm_cmplx_dot_prod_q15.c...
compiling usercode.c...
compiling arm_cmplx_mag_q31.c...
compiling arm_cmplx_mag_squared_f32.c...
compiling arm_cmplx_mag_squared_q15.c...
compiling cmsis_os2.c...
compiling arm_cmplx_mag_squared_q31.c...
compiling arm_cmplx_mult_cmplx_f32.c...
compiling arm_cmplx_mult_cmplx_q15.c...
compiling arm_cmplx_mult_cmplx_q31.c...
compiling arm_cmplx_mult_real_f32.c...
compiling arm_cmplx_mult_real_q15.c...
compiling arm_pid_reset_f32.c...
compiling arm_pid_init_q15.c...
compiling arm_pid_init_q31.c...
compiling arm_pid_init_f32.c...
compiling arm_cmplx_mult_real_q31.c...
compiling arm_pid_reset_q15.c...
compiling arm_pid_reset_q31.c...
compiling arm_sin_cos_f32.c...
compiling arm_cos_q15.c...
compiling arm_cos_f32.c...
compiling arm_cos_q31.c...
compiling arm_sin_f32.c...
compiling arm_sin_cos_q31.c...
compiling arm_sin_q15.c...
compiling arm_sin_q31.c...
compiling arm_sqrt_q15.c...
compiling arm_biquad_cascade_df1_32x64_init_q31.c...
compiling arm_biquad_cascade_df1_f32.c...
compiling arm_sqrt_q31.c...
compiling arm_biquad_cascade_df1_fast_q15.c...
compiling arm_biquad_cascade_df1_32x64_q31.c...
compiling arm_biquad_cascade_df1_fast_q31.c...
compiling arm_biquad_cascade_df1_init_q15.c...
compiling arm_biquad_cascade_df1_init_f32.c...
compiling arm_biquad_cascade_df2T_f32.c...
compiling arm_biquad_cascade_df1_init_q31.c...
compiling arm_biquad_cascade_df1_q31.c...
compiling arm_biquad_cascade_df1_q15.c...
compiling arm_biquad_cascade_df2T_f64.c...
compiling arm_biquad_cascade_df2T_init_f64.c...
compiling arm_biquad_cascade_df2T_init_f32.c...
compiling arm_biquad_cascade_stereo_df2T_init_f32.c...
compiling arm_biquad_cascade_stereo_df2T_f32.c...
compiling arm_conv_fast_opt_q15.c...
compiling arm_conv_f32.c...
compiling arm_conv_fast_q15.c...
compiling arm_conv_opt_q7.c...
compiling arm_conv_fast_q31.c...
compiling arm_conv_partial_fast_opt_q15.c...
compiling arm_conv_opt_q15.c...
compiling arm_conv_partial_f32.c...
compiling arm_conv_partial_fast_q15.c...
compiling arm_conv_partial_fast_q31.c...
compiling arm_conv_partial_opt_q7.c...
compiling arm_conv_partial_opt_q15.c...
compiling arm_conv_q7.c...
compiling arm_conv_q31.c...
compiling arm_conv_partial_q31.c...
compiling arm_conv_partial_q7.c...
compiling arm_correlate_fast_opt_q15.c...
compiling arm_conv_q15.c...
compiling arm_conv_partial_q15.c...
compiling arm_correlate_f32.c...
compiling arm_correlate_fast_q31.c...
compiling arm_correlate_opt_q7.c...
compiling arm_correlate_fast_q15.c...
compiling arm_correlate_q7.c...
compiling arm_correlate_opt_q15.c...
compiling arm_correlate_q31.c...
compiling arm_fir_decimate_f32.c...
compiling arm_fir_decimate_init_f32.c...
compiling arm_correlate_q15.c...
compiling arm_fir_decimate_fast_q15.c...
compiling arm_fir_decimate_fast_q31.c...
compiling arm_fir_decimate_init_q15.c...
compiling arm_fir_decimate_init_q31.c...
compiling arm_fir_init_q7.c...
compiling arm_fir_decimate_q31.c...
compiling arm_fir_init_f32.c...
compiling arm_fir_fast_q15.c...
compiling arm_fir_decimate_q15.c...
compiling arm_fir_fast_q31.c...
compiling arm_fir_f32.c...
compiling arm_fir_init_q15.c...
compiling arm_fir_init_q31.c...
compiling arm_fir_interpolate_init_q31.c...
compiling arm_fir_interpolate_init_f32.c...
compiling arm_fir_interpolate_init_q15.c...
compiling arm_fir_interpolate_f32.c...
compiling arm_fir_interpolate_q15.c...
compiling arm_fir_interpolate_q31.c...
compiling arm_fir_lattice_init_q15.c...
compiling arm_fir_lattice_init_f32.c...
compiling arm_fir_lattice_f32.c...
compiling arm_fir_lattice_init_q31.c...
compiling arm_fir_lattice_q31.c...
compiling arm_fir_q7.c...
compiling arm_fir_lattice_q15.c...
compiling arm_fir_q15.c...
compiling arm_fir_sparse_init_q15.c...
compiling arm_fir_q31.c...
compiling arm_fir_sparse_init_q7.c...
compiling arm_fir_sparse_init_f32.c...
compiling arm_fir_sparse_init_q31.c...
compiling arm_fir_sparse_f32.c...
compiling arm_fir_sparse_q7.c...
compiling arm_fir_sparse_q15.c...
compiling arm_iir_lattice_f32.c...
compiling arm_iir_lattice_init_q31.c...
compiling arm_iir_lattice_init_q15.c...
compiling arm_iir_lattice_init_f32.c...
compiling arm_iir_lattice_q15.c...
compiling arm_iir_lattice_q31.c...
compiling arm_fir_sparse_q31.c...
compiling arm_lms_f32.c...
compiling arm_lms_init_q31.c...
compiling arm_lms_norm_init_f32.c...
compiling arm_lms_norm_init_q15.c...
compiling arm_lms_init_q15.c...
compiling arm_lms_init_f32.c...
compiling arm_lms_norm_f32.c...
compiling arm_lms_norm_init_q31.c...
compiling arm_mat_add_q31.c...
compiling arm_lms_norm_q15.c...
compiling arm_mat_add_q15.c...
compiling arm_mat_add_f32.c...
compiling arm_lms_q15.c...
compiling arm_lms_q31.c...
compiling arm_lms_norm_q31.c...
compiling arm_mat_cmplx_mult_f32.c...
compiling arm_mat_cmplx_mult_q15.c...
compiling arm_mat_init_f32.c...
compiling arm_mat_init_q31.c...
compiling arm_mat_init_q15.c...
compiling arm_mat_inverse_f32.c...
compiling arm_mat_cmplx_mult_q31.c...
compiling arm_mat_inverse_f64.c...
compiling arm_mat_mult_f32.c...
compiling arm_mat_scale_q15.c...
compiling arm_mat_scale_f32.c...
compiling arm_mat_mult_fast_q31.c...
compiling arm_mat_mult_q31.c...
compiling arm_mat_mult_q15.c...
compiling arm_mat_mult_fast_q15.c...
compiling arm_mat_scale_q31.c...
compiling arm_mat_sub_f32.c...
compiling arm_mat_sub_q31.c...
compiling arm_mat_sub_q15.c...
compiling arm_mat_trans_q31.c...
compiling arm_mat_trans_q15.c...
compiling arm_mat_trans_f32.c...
compiling arm_max_f32.c...
compiling arm_max_q7.c...
compiling arm_max_q31.c...
compiling arm_mean_f32.c...
compiling arm_max_q15.c...
compiling arm_mean_q7.c...
compiling arm_mean_q15.c...
compiling arm_mean_q31.c...
compiling arm_min_f32.c...
compiling arm_min_q7.c...
compiling arm_min_q15.c...
compiling arm_min_q31.c...
compiling arm_power_q7.c...
compiling arm_power_f32.c...
compiling arm_power_q15.c...
compiling arm_power_q31.c...
compiling arm_rms_f32.c...
compiling arm_rms_q31.c...
compiling arm_rms_q15.c...
compiling arm_std_f32.c...
compiling arm_var_f32.c...
compiling arm_std_q31.c...
compiling arm_var_q15.c...
compiling arm_var_q31.c...
compiling arm_std_q15.c...
compiling arm_copy_f32.c...
compiling arm_copy_q15.c...
compiling arm_copy_q7.c...
compiling arm_copy_q31.c...
compiling arm_fill_q7.c...
compiling arm_fill_f32.c...
compiling arm_fill_q15.c...
compiling arm_fill_q31.c...
compiling arm_float_to_q7.c...
compiling arm_float_to_q15.c...
compiling arm_q7_to_float.c...
compiling arm_float_to_q31.c...
compiling arm_q15_to_float.c...
compiling arm_q7_to_q31.c...
compiling arm_q7_to_q15.c...
compiling arm_q15_to_q7.c...
compiling arm_q15_to_q31.c...
compiling arm_q31_to_q7.c...
compiling arm_q31_to_q15.c...
compiling arm_q31_to_float.c...
compiling arm_bitreversal.c...
compiling arm_cfft_f32.c...
compiling arm_cfft_q15.c...
compiling arm_cfft_radix2_init_f32.c...
compiling arm_cfft_q31.c...
compiling arm_cfft_radix2_f32.c...
compiling arm_cfft_radix2_init_q31.c...
compiling arm_cfft_radix2_init_q15.c...
compiling arm_cfft_radix2_q15.c...
compiling arm_cfft_radix2_q31.c...
compiling arm_cfft_radix4_f32.c...
compiling arm_cfft_radix4_init_f32.c...
compiling arm_cfft_radix4_init_q31.c...
compiling arm_cfft_radix4_init_q15.c...
compiling arm_cfft_radix8_f32.c...
compiling arm_cfft_radix4_q15.c...
compiling arm_cfft_radix4_q31.c...
compiling arm_dct4_f32.c...
compiling arm_dct4_q15.c...
compiling arm_rfft_fast_init_f32.c...
compiling arm_rfft_fast_f32.c...
compiling arm_rfft_f32.c...
compiling arm_dct4_q31.c...
compiling arm_dct4_init_q15.c...
compiling arm_dct4_init_f32.c...
compiling arm_dct4_init_q31.c...
compiling arm_rfft_init_f32.c...
compiling arm_rfft_init_q15.c...
compiling arm_rfft_q15.c...
compiling arm_rfft_q31.c...
compiling arm_rfft_init_q31.c...
compiling sogi.c...
compiling current_votage.c...
linking...
Program Size: Code=24028 RO-data=8636 RW-data=372 ZI-data=22012  
FromELF: creating hex file...
"CHIP_1\CHIP_1.axf" - 0 Error(s), 0 Warning(s).

<h2>Software Packages used:</h2>

Package Vendor: ARM
                http://www.keil.com/pack/ARM.CMSIS.5.9.0.pack
                ARM.CMSIS.5.9.0
                CMSIS (Common Microcontroller Software Interface Standard)
   * Component: CORE Version: 5.6.0

Package Vendor: Keil
                https://www.keil.com/pack/Keil.STM32F4xx_DFP.2.17.1.pack
                Keil.STM32F4xx_DFP.2.17.1
                STMicroelectronics STM32F4 Series Device Support, Drivers and Examples

<h2>Collection of Component include folders:</h2>
  .\RTE\_CHIP_1
  C:\Users\27562\AppData\Local\Arm\Packs\ARM\CMSIS\5.9.0\CMSIS\Core\Include
  C:\Users\27562\AppData\Local\Arm\Packs\Keil\STM32F4xx_DFP\2.17.1\Drivers\CMSIS\Device\ST\STM32F4xx\Include

<h2>Collection of Component Files used:</h2>

   * Component: ARM::CMSIS:CORE:5.6.0
Build Time Elapsed:  00:00:28
</pre>
</body>
</html>
