Component: ARM Compiler 5.06 update 7 (build 960) Tool: armlink [4d3601]

==============================================================================

Section Cross References

    startup_stm32f407xx.o(STACK) refers (Special) to heapauxi.o(.text) for __use_two_region_memory
    startup_stm32f407xx.o(HEAP) refers (Special) to heapauxi.o(.text) for __use_two_region_memory
    startup_stm32f407xx.o(RESET) refers (Special) to heapauxi.o(.text) for __use_two_region_memory
    startup_stm32f407xx.o(RESET) refers to startup_stm32f407xx.o(STACK) for __initial_sp
    startup_stm32f407xx.o(RESET) refers to startup_stm32f407xx.o(.text) for Reset_Handler
    startup_stm32f407xx.o(RESET) refers to stm32f4xx_it.o(i.NMI_Handler) for NMI_Handler
    startup_stm32f407xx.o(RESET) refers to stm32f4xx_it.o(i.HardFault_Handler) for HardFault_Handler
    startup_stm32f407xx.o(RESET) refers to stm32f4xx_it.o(i.MemManage_Handler) for MemManage_Handler
    startup_stm32f407xx.o(RESET) refers to stm32f4xx_it.o(i.BusFault_Handler) for BusFault_Handler
    startup_stm32f407xx.o(RESET) refers to stm32f4xx_it.o(i.UsageFault_Handler) for UsageFault_Handler
    startup_stm32f407xx.o(RESET) refers to port.o(.emb_text) for SVC_Handler
    startup_stm32f407xx.o(RESET) refers to stm32f4xx_it.o(i.DebugMon_Handler) for DebugMon_Handler
    startup_stm32f407xx.o(RESET) refers to cmsis_os2.o(i.SysTick_Handler) for SysTick_Handler
    startup_stm32f407xx.o(RESET) refers to stm32f4xx_it.o(i.TIM2_IRQHandler) for TIM2_IRQHandler
    startup_stm32f407xx.o(RESET) refers to stm32f4xx_it.o(i.TIM8_TRG_COM_TIM14_IRQHandler) for TIM8_TRG_COM_TIM14_IRQHandler
    startup_stm32f407xx.o(RESET) refers to stm32f4xx_it.o(i.DMA2_Stream0_IRQHandler) for DMA2_Stream0_IRQHandler
    startup_stm32f407xx.o(RESET) refers to stm32f4xx_it.o(i.DMA2_Stream1_IRQHandler) for DMA2_Stream1_IRQHandler
    startup_stm32f407xx.o(.text) refers (Special) to heapauxi.o(.text) for __use_two_region_memory
    startup_stm32f407xx.o(.text) refers to system_stm32f4xx.o(i.SystemInit) for SystemInit
    startup_stm32f407xx.o(.text) refers to __main.o(!!!main) for __main
    startup_stm32f407xx.o(.text) refers to startup_stm32f407xx.o(HEAP) for Heap_Mem
    startup_stm32f407xx.o(.text) refers to startup_stm32f407xx.o(STACK) for Stack_Mem
    main.o(i.HAL_TIM_PeriodElapsedCallback) refers to stm32f4xx_hal.o(i.HAL_IncTick) for HAL_IncTick
    main.o(i.SystemClock_Config) refers to rt_memclr_w.o(.text) for __aeabi_memclr4
    main.o(i.SystemClock_Config) refers to stm32f4xx_hal_rcc.o(i.HAL_RCC_OscConfig) for HAL_RCC_OscConfig
    main.o(i.SystemClock_Config) refers to stm32f4xx_hal_rcc.o(i.HAL_RCC_ClockConfig) for HAL_RCC_ClockConfig
    main.o(i.main) refers to stm32f4xx_hal.o(i.HAL_Init) for HAL_Init
    main.o(i.main) refers to main.o(i.SystemClock_Config) for SystemClock_Config
    main.o(i.main) refers to gpio.o(i.MX_GPIO_Init) for MX_GPIO_Init
    main.o(i.main) refers to dma.o(i.MX_DMA_Init) for MX_DMA_Init
    main.o(i.main) refers to adc.o(i.MX_ADC1_Init) for MX_ADC1_Init
    main.o(i.main) refers to tim.o(i.MX_TIM2_Init) for MX_TIM2_Init
    main.o(i.main) refers to tim.o(i.MX_TIM1_Init) for MX_TIM1_Init
    main.o(i.main) refers to adc.o(i.MX_ADC3_Init) for MX_ADC3_Init
    main.o(i.main) refers to oled.o(i.OLED_Init) for OLED_Init
    main.o(i.main) refers to button_display.o(i.DISPLAY_PID_SYMBLE) for DISPLAY_PID_SYMBLE
    main.o(i.main) refers to cmsis_os2.o(i.osKernelInitialize) for osKernelInitialize
    main.o(i.main) refers to freertos.o(i.MX_FREERTOS_Init) for MX_FREERTOS_Init
    main.o(i.main) refers to cmsis_os2.o(i.osKernelStart) for osKernelStart
    main.o(i.main) refers to button.o(i.READ_BUTTON_A) for READ_BUTTON_A
    main.o(i.main) refers to button.o(i.READ_BUTTON_B) for READ_BUTTON_B
    main.o(i.main) refers to button_display.o(i.DISPLAY_PID) for DISPLAY_PID
    main.o(i.main) refers to oled.o(i.OLED_Refresh_Gram) for OLED_Refresh_Gram
    main.o(i.main) refers to stm32f4xx_hal.o(i.HAL_Delay) for HAL_Delay
    gpio.o(i.MX_GPIO_Init) refers to rt_memclr_w.o(.text) for __aeabi_memclr4
    gpio.o(i.MX_GPIO_Init) refers to stm32f4xx_hal_gpio.o(i.HAL_GPIO_WritePin) for HAL_GPIO_WritePin
    gpio.o(i.MX_GPIO_Init) refers to stm32f4xx_hal_gpio.o(i.HAL_GPIO_Init) for HAL_GPIO_Init
    freertos.o(i.MX_FREERTOS_Init) refers to cmsis_os2.o(i.osThreadNew) for osThreadNew
    freertos.o(i.MX_FREERTOS_Init) refers to freertos.o(.constdata) for .constdata
    freertos.o(i.MX_FREERTOS_Init) refers to usercode.o(i.StartDefaultTask) for StartDefaultTask
    freertos.o(i.MX_FREERTOS_Init) refers to freertos.o(.data) for .data
    freertos.o(i.StartDefaultTask) refers to cmsis_os2.o(i.osDelay) for osDelay
    freertos.o(.constdata) refers to freertos.o(.conststring) for .conststring
    adc.o(i.HAL_ADC_MspDeInit) refers to stm32f4xx_hal_gpio.o(i.HAL_GPIO_DeInit) for HAL_GPIO_DeInit
    adc.o(i.HAL_ADC_MspDeInit) refers to stm32f4xx_hal_dma.o(i.HAL_DMA_DeInit) for HAL_DMA_DeInit
[...]
    __rt_lib_init_lc_monetary_1              0x08000243   Thumb Code     0  libinit2.o(.ARM.Collect$$libinit$$00000015)
    __rt_lib_init_lc_numeric_1               0x08000243   Thumb Code     0  libinit2.o(.ARM.Collect$$libinit$$00000017)
    __rt_lib_init_lc_time_1                  0x08000243   Thumb Code     0  libinit2.o(.ARM.Collect$$libinit$$00000019)
    __rt_lib_init_preinit_1                  0x08000243   Thumb Code     0  libinit2.o(.ARM.Collect$$libinit$$00000004)
    __rt_lib_init_rand_1                     0x08000243   Thumb Code     0  libinit2.o(.ARM.Collect$$libinit$$0000000E)
    __rt_lib_init_return                     0x08000243   Thumb Code     0  libinit2.o(.ARM.Collect$$libinit$$00000033)
    __rt_lib_init_signal_1                   0x08000243   Thumb Code     0  libinit2.o(.ARM.Collect$$libinit$$0000001D)
    __rt_lib_init_stdio_1                    0x08000243   Thumb Code     0  libinit2.o(.ARM.Collect$$libinit$$00000025)
    __rt_lib_init_user_alloc_1               0x08000243   Thumb Code     0  libinit2.o(.ARM.Collect$$libinit$$0000000C)
    __rt_lib_shutdown                        0x08000245   Thumb Code     0  libshutdown.o(.ARM.Collect$$libshutdown$$00000000)
    __rt_lib_shutdown_cpp_1                  0x08000247   Thumb Code     0  libshutdown2.o(.ARM.Collect$$libshutdown$$00000004)
    __rt_lib_shutdown_fini_1                 0x08000247   Thumb Code     0  libshutdown2.o(.ARM.Collect$$libshutdown$$00000002)
    __rt_lib_shutdown_fp_trap_1              0x08000247   Thumb Code     0  libshutdown2.o(.ARM.Collect$$libshutdown$$00000009)
    __rt_lib_shutdown_heap_1                 0x08000247   Thumb Code     0  libshutdown2.o(.ARM.Collect$$libshutdown$$00000011)
    __rt_lib_shutdown_return                 0x08000247   Thumb Code     0  libshutdown2.o(.ARM.Collect$$libshutdown$$00000012)
    __rt_lib_shutdown_signal_1               0x08000247   Thumb Code     0  libshutdown2.o(.ARM.Collect$$libshutdown$$0000000C)
    __rt_lib_shutdown_stdio_1                0x08000247   Thumb Code     0  libshutdown2.o(.ARM.Collect$$libshutdown$$00000006)
    __rt_lib_shutdown_user_alloc_1           0x08000247   Thumb Code     0  libshutdown2.o(.ARM.Collect$$libshutdown$$0000000E)
    __rt_entry                               0x08000249   Thumb Code     0  __rtentry.o(.ARM.Collect$$rtentry$$00000000)
    __rt_entry_presh_1                       0x08000249   Thumb Code     0  __rtentry2.o(.ARM.Collect$$rtentry$$00000002)
    __rt_entry_sh                            0x08000249   Thumb Code     0  __rtentry4.o(.ARM.Collect$$rtentry$$00000004)
    __rt_entry_li                            0x0800024f   Thumb Code     0  __rtentry2.o(.ARM.Collect$$rtentry$$0000000A)
    __rt_entry_postsh_1                      0x0800024f   Thumb Code     0  __rtentry2.o(.ARM.Collect$$rtentry$$00000009)
    __rt_entry_main                          0x08000253   Thumb Code     0  __rtentry2.o(.ARM.Collect$$rtentry$$0000000D)
    __rt_entry_postli_1                      0x08000253   Thumb Code     0  __rtentry2.o(.ARM.Collect$$rtentry$$0000000C)
    __rt_exit                                0x0800025b   Thumb Code     0  rtexit.o(.ARM.Collect$$rtexit$$00000000)
    __rt_exit_ls                             0x0800025d   Thumb Code     0  rtexit2.o(.ARM.Collect$$rtexit$$00000003)
    __rt_exit_prels_1                        0x0800025d   Thumb Code     0  rtexit2.o(.ARM.Collect$$rtexit$$00000002)
    __rt_exit_exit                           0x08000261   Thumb Code     0  rtexit2.o(.ARM.Collect$$rtexit$$00000004)
    SVC_Handler                              0x08000269   Thumb Code    28  port.o(.emb_text)
    __asm___6_port_c_39a90d8d__prvStartFirstTask 0x08000289   Thumb Code    36  port.o(.emb_text)
    __asm___6_port_c_39a90d8d__prvEnableVFP  0x080002b1   Thumb Code    16  port.o(.emb_text)
    PendSV_Handler                           0x080002c5   Thumb Code    88  port.o(.emb_text)
    vPortGetIPSR                             0x08000321   Thumb Code     6  port.o(.emb_text)
    Reset_Handler                            0x08000329   Thumb Code     8  startup_stm32f407xx.o(.text)
    ADC_IRQHandler                           0x08000343   Thumb Code     0  startup_stm32f407xx.o(.text)
    CAN1_RX0_IRQHandler                      0x08000343   Thumb Code     0  startup_stm32f407xx.o(.text)
    CAN1_RX1_IRQHandler                      0x08000343   Thumb Code     0  startup_stm32f407xx.o(.text)
    CAN1_SCE_IRQHandler                      0x08000343   Thumb Code     0  startup_stm32f407xx.o(.text)
    CAN1_TX_IRQHandler                       0x08000343   Thumb Code     0  startup_stm32f407xx.o(.text)
    CAN2_RX0_IRQHandler                      0x08000343   Thumb Code     0  startup_stm32f407xx.o(.text)
    CAN2_RX1_IRQHandler                      0x08000343   Thumb Code     0  startup_stm32f407xx.o(.text)
    CAN2_SCE_IRQHandler                      0x08000343   Thumb Code     0  startup_stm32f407xx.o(.text)
    CAN2_TX_IRQHandler                       0x08000343   Thumb Code     0  startup_stm32f407xx.o(.text)
    DCMI_IRQHandler                          0x08000343   Thumb Code     0  startup_stm32f407xx.o(.text)
    DMA1_Stream0_IRQHandler                  0x08000343   Thumb Code     0  startup_stm32f407xx.o(.text)
    DMA1_Stream1_IRQHandler                  0x08000343   Thumb Code     0  startup_stm32f407xx.o(.text)
    DMA1_Stream2_IRQHandler                  0x08000343   Thumb Code     0  startup_stm32f407xx.o(.text)
    DMA1_Stream3_IRQHandler                  0x08000343   Thumb Code     0  startup_stm32f407xx.o(.text)
    DMA1_Stream4_IRQHandler                  0x08000343   Thumb Code     0  startup_stm32f407xx.o(.text)
    DMA1_Stream5_IRQHandler                  0x08000343   Thumb Code     0  startup_stm32f407xx.o(.text)
    DMA1_Stream6_IRQHandler                  0x08000343   Thumb Code     0  startup_stm32f407xx.o(.text)
    DMA1_Stream7_IRQHandler                  0x08000343   Thumb Code     0  startup_stm32f407xx.o(.text)
    DMA2_Stream2_IRQHandler                  0x08000343   Thumb Code     0  startup_stm32f407xx.o(.text)
    DMA2_Stream3_IRQHandler                  0x08000343   Thumb Code     0  startup_stm32f407xx.o(.text)
    DMA2_Stream4_IRQHandler                  0x08000343   Thumb Code     0  startup_stm32f407xx.o(.text)
    DMA2_Stream5_IRQHandler                  0x08000343   Thumb Code     0  startup_stm32f407xx.o(.text)
    DMA2_Stream6_IRQHandler                  0x08000343   Thumb Code     0  startup_stm32f407xx.o(.text)
    DMA2_Stream7_IRQHandler                  0x08000343   Thumb Code     0  startup_stm32f407xx.o(.text)
    ETH_IRQHandler                           0x08000343   Thumb Code     0  startup_stm32f407xx.o(.text)
    ETH_WKUP_IRQHandler                      0x08000343   Thumb Code     0  startup_stm32f407xx.o(.text)
    EXTI0_IRQHandler                         0x08000343   Thumb Code     0  startup_stm32f407xx.o(.text)
    EXTI15_10_IRQHandler                     0x08000343   Thumb Code     0  startup_stm32f407xx.o(.text)
    EXTI1_IRQHandler                         0x08000343   Thumb Code     0  startup_stm32f407xx.o(.text)
    EXTI2_IRQHandler                         0x08000343   Thumb Code     0  startup_stm32f407xx.o(.text)
    EXTI3_IRQHandler                         0x08000343   Thumb Code     0  startup_stm32f407xx.o(.text)
    EXTI4_IRQHandler                         0x08000343   Thumb Code     0  startup_stm32f407xx.o(.text)
    EXTI9_5_IRQHandler                       0x08000343   Thumb Code     0  startup_stm32f407xx.o(.text)
    FLASH_IRQHandler                         0x08000343   Thumb Code     0  startup_stm32f407xx.o(.text)
    FMC_IRQHandler                           0x08000343   Thumb Code     0  startup_stm32f407xx.o(.text)
    FPU_IRQHandler                           0x08000343   Thumb Code     0  startup_stm32f407xx.o(.text)
    HASH_RNG_IRQHandler                      0x08000343   Thumb Code     0  startup_stm32f407xx.o(.text)
    I2C1_ER_IRQHandler                       0x08000343   Thumb Code     0  startup_stm32f407xx.o(.text)
    I2C1_EV_IRQHandler                       0x08000343   Thumb Code     0  startup_stm32f407xx.o(.text)
    I2C2_ER_IRQHandler                       0x08000343   Thumb Code     0  startup_stm32f407xx.o(.text)
    I2C2_EV_IRQHandler                       0x08000343   Thumb Code     0  startup_stm32f407xx.o(.text)
    I2C3_ER_IRQHandler                       0x08000343   Thumb Code     0  startup_stm32f407xx.o(.text)
    I2C3_EV_IRQHandler                       0x08000343   Thumb Code     0  startup_stm32f407xx.o(.text)
    OTG_FS_IRQHandler                        0x08000343   Thumb Code     0  startup_stm32f407xx.o(.text)
    OTG_FS_WKUP_IRQHandler                   0x08000343   Thumb Code     0  startup_stm32f407xx.o(.text)
    OTG_HS_EP1_IN_IRQHandler                 0x08000343   Thumb Code     0  startup_stm32f407xx.o(.text)
    OTG_HS_EP1_OUT_IRQHandler                0x08000343   Thumb Code     0  startup_stm32f407xx.o(.text)
    OTG_HS_IRQHandler                        0x08000343   Thumb Code     0  startup_stm32f407xx.o(.text)
    OTG_HS_WKUP_IRQHandler                   0x08000343   Thumb Code     0  startup_stm32f407xx.o(.text)
    PVD_IRQHandler                           0x08000343   Thumb Code     0  startup_stm32f407xx.o(.text)
    RCC_IRQHandler                           0x08000343   Thumb Code     0  startup_stm32f407xx.o(.text)
    RTC_Alarm_IRQHandler                     0x08000343   Thumb Code     0  startup_stm32f407xx.o(.text)
    RTC_WKUP_IRQHandler                      0x08000343   Thumb Code     0  startup_stm32f407xx.o(.text)
    SDIO_IRQHandler                          0x08000343   Thumb Code     0  startup_stm32f407xx.o(.text)
    SPI1_IRQHandler                          0x08000343   Thumb Code     0  startup_stm32f407xx.o(.text)
    SPI2_IRQHandler                          0x08000343   Thumb Code     0  startup_stm32f407xx.o(.text)
    SPI3_IRQHandler                          0x08000343   Thumb Code     0  startup_stm32f407xx.o(.text)
    TAMP_STAMP_IRQHandler                    0x08000343   Thumb Code     0  startup_stm32f407xx.o(.text)
    TIM1_BRK_TIM9_IRQHandler                 0x08000343   Thumb Code     0  startup_stm32f407xx.o(.text)
    TIM1_CC_IRQHandler                       0x08000343   Thumb Code     0  startup_stm32f407xx.o(.text)
    TIM1_TRG_COM_TIM11_IRQHandler            0x08000343   Thumb Code     0  startup_stm32f407xx.o(.text)
    TIM1_UP_TIM10_IRQHandler                 0x08000343   Thumb Code     0  startup_stm32f407xx.o(.text)
    TIM3_IRQHandler                          0x08000343   Thumb Code     0  startup_stm32f407xx.o(.text)
    TIM4_IRQHandler                          0x08000343   Thumb Code     0  startup_stm32f407xx.o(.text)
    TIM5_IRQHandler                          0x08000343   Thumb Code     0  startup_stm32f407xx.o(.text)
    TIM6_DAC_IRQHandler                      0x08000343   Thumb Code     0  startup_stm32f407xx.o(.text)
    TIM7_IRQHandler                          0x08000343   Thumb Code     0  startup_stm32f407xx.o(.text)
    TIM8_BRK_TIM12_IRQHandler                0x08000343   Thumb Code     0  startup_stm32f407xx.o(.text)
    TIM8_CC_IRQHandler                       0x08000343   Thumb Code     0  startup_stm32f407xx.o(.text)
    TIM8_UP_TIM13_IRQHandler                 0x08000343   Thumb Code     0  startup_stm32f407xx.o(.text)
    UART4_IRQHandler                         0x08000343   Thumb Code     0  startup_stm32f407xx.o(.text)
    UART5_IRQHandler                         0x08000343   Thumb Code     0  startup_stm32f407xx.o(.text)
    USART1_IRQHandler                        0x08000343   Thumb Code     0  startup_stm32f407xx.o(.text)
    USART2_IRQHandler                        0x08000343   Thumb Code     0  startup_stm32f407xx.o(.text)
    USART3_IRQHandler                        0x08000343   Thumb Code     0  startup_stm32f407xx.o(.text)
    USART6_IRQHandler                        0x08000343   Thumb Code     0  startup_stm32f407xx.o(.text)
    WWDG_IRQHandler                          0x08000343   Thumb Code     0  startup_stm32f407xx.o(.text)
    __user_initial_stackheap                 0x08000345   Thumb Code     0  startup_stm32f407xx.o(.text)
    __aeabi_uldivmod                         0x08000369   Thumb Code     0  lludivv7m.o(.text)
    _ll_udiv                                 0x08000369   Thumb Code   238  lludivv7m.o(.text)
    __aeabi_memcpy                           0x08000457   Thumb Code     0  rt_memcpy_v6.o(.text)
    __rt_memcpy                              0x08000457   Thumb Code   138  rt_memcpy_v6.o(.text)
    _memcpy_lastbytes                        0x080004bd   Thumb Code     0  rt_memcpy_v6.o(.text)
    __aeabi_memset                           0x080004e1   Thumb Code    16  aeabi_memset.o(.text)
    __aeabi_memclr                           0x080004f1   Thumb Code     0  rt_memclr.o(.text)
    __rt_memclr                              0x080004f1   Thumb Code    68  rt_memclr.o(.text)
    _memset                                  0x080004f5   Thumb Code     0  rt_memclr.o(.text)
    __aeabi_memclr4                          0x08000535   Thumb Code     0  rt_memclr_w.o(.text)
    __aeabi_memclr8                          0x08000535   Thumb Code     0  rt_memclr_w.o(.text)
    __rt_memclr_w                            0x08000535   Thumb Code    78  rt_memclr_w.o(.text)
    _memset_w                                0x08000539   Thumb Code     0  rt_memclr_w.o(.text)
    __use_two_region_memory                  0x08000583   Thumb Code     2  heapauxi.o(.text)
    __rt_heap_escrow$2region                 0x08000585   Thumb Code     2  heapauxi.o(.text)
    __rt_heap_expand$2region                 0x08000587   Thumb Code     2  heapauxi.o(.text)
    __aeabi_memcpy4                          0x08000589   Thumb Code     0  rt_memcpy_w.o(.text)
    __aeabi_memcpy8                          0x08000589   Thumb Code     0  rt_memcpy_w.o(.text)
    __rt_memcpy_w                            0x08000589   Thumb Code   100  rt_memcpy_w.o(.text)
    _memcpy_lastbytes_aligned                0x080005d1   Thumb Code     0  rt_memcpy_w.o(.text)
    __user_setup_stackheap                   0x080005ed   Thumb Code    74  sys_stackheap_outer.o(.text)
    exit                                     0x08000637   Thumb Code    18  exit.o(.text)
    __user_libspace                          0x08000649   Thumb Code     8  libspace.o(.text)
    __user_perproc_libspace                  0x08000649   Thumb Code     0  libspace.o(.text)
    __user_perthread_libspace                0x08000649   Thumb Code     0  libspace.o(.text)
    _sys_exit                                0x08000651   Thumb Code     8  sys_exit.o(.text)
    __I$use$semihosting                      0x0800065d   Thumb Code     0  use_no_semi.o(.text)
    __use_no_semihosting_swi                 0x0800065d   Thumb Code     2  use_no_semi.o(.text)
    ADC_BUF_TO_F32                           0x0800065f   Thumb Code    18  usercode.o(i.ADC_BUF_TO_F32)
    __semihosting_library_function           0x0800065f   Thumb Code     0  indicate_semi.o(.text)
    ADC_BUF_TO_F32_1                         0x08000671   Thumb Code    76  usercode.o(i.ADC_BUF_TO_F32_1)
    ADC_BUF_TO_F32_2                         0x080006dd   Thumb Code    76  usercode.o(i.ADC_BUF_TO_F32_2)
    ADC_BUF_TO_F32_3                         0x08000749   Thumb Code   158  usercode.o(i.ADC_BUF_TO_F32_3)
    AR1_AC1                                  0x080009d5   Thumb Code    18  button.o(i.AR1_AC1)
    AR1_AC2                                  0x080009ed   Thumb Code    20  button.o(i.AR1_AC2)
    AR1_AC3                                  0x08000a05   Thumb Code   196  button.o(i.AR1_AC3)
    AR1_AC4                                  0x08000ad5   Thumb Code    14  button.o(i.AR1_AC4)
    AR2_AC1                                  0x08000ae9   Thumb Code    18  button.o(i.AR2_AC1)
    AR2_AC2                                  0x08000b01   Thumb Code    20  button.o(i.AR2_AC2)
    AR2_AC3                                  0x08000b19   Thumb Code   196  button.o(i.AR2_AC3)
    AR2_AC4                                  0x08000be9   Thumb Code    14  button.o(i.AR2_AC4)
    AR3_AC1                                  0x08000bfd   Thumb Code    14  button.o(i.AR3_AC1)
    AR3_AC2                                  0x08000c11   Thumb Code    14  button.o(i.AR3_AC2)
    AR3_AC3                                  0x08000c25   Thumb Code    24  button.o(i.AR3_AC3)
    AR3_AC4                                  0x08000c41   Thumb Code    14  button.o(i.AR3_AC4)
    AR4_AC1                                  0x08000c55   Thumb Code    14  button.o(i.AR4_AC1)
    AR4_AC2                                  0x08000c69   Thumb Code    14  button.o(i.AR4_AC2)
    AR4_AC3                                  0x08000c7d   Thumb Code    24  button.o(i.AR4_AC3)
    AR4_AC4                                  0x08000c99   Thumb Code    14  button.o(i.AR4_AC4)
    BR1_BC1                                  0x08000cad   Thumb Code    24  button.o(i.BR1_BC1)
    BR1_BC2                                  0x08000cc9   Thumb Code    14  button.o(i.BR1_BC2)
    BR1_BC3                                  0x08000cdd   Thumb Code    14  button.o(i.BR1_BC3)
    BR1_BC4                                  0x08000cf1   Thumb Code    12  button.o(i.BR1_BC4)
    BR2_BC1                                  0x08000d05   Thumb Code    24  button.o(i.BR2_BC1)
    BR2_BC2                                  0x08000d21   Thumb Code    14  button.o(i.BR2_BC2)
    BR2_BC3                                  0x08000d35   Thumb Code    14  button.o(i.BR2_BC3)
    BR2_BC4                                  0x08000d49   Thumb Code    12  button.o(i.BR2_BC4)
    BR3_BC1                                  0x08000d5d   Thumb Code    12  button.o(i.BR3_BC1)
    BR3_BC2                                  0x08000d71   Thumb Code    12  button.o(i.BR3_BC2)
    BR3_BC3                                  0x08000d85   Thumb Code    12  button.o(i.BR3_BC3)
    BR3_BC4                                  0x08000d99   Thumb Code    12  button.o(i.BR3_BC4)
    BR4_BC1                                  0x08000dad   Thumb Code    12  button.o(i.BR4_BC1)
    BR4_BC2                                  0x08000dc1   Thumb Code    12  button.o(i.BR4_BC2)
    BR4_BC3                                  0x08000dd5   Thumb Code    12  button.o(i.BR4_BC3)
    BR4_BC4                                  0x08000de9   Thumb Code    12  button.o(i.BR4_BC4)
    BusFault_Handler                         0x08000dfd   Thumb Code     2  stm32f4xx_it.o(i.BusFault_Handler)
    COUNT_CURRENT_PID                        0x08000e01   Thumb Code   640  current.o(i.COUNT_CURRENT_PID)
    COUNT_CURRENT_VOTAGE_PID                 0x080010b1   Thumb Code   304  current_votage.o(i.COUNT_CURRENT_VOTAGE_PID)
    COUNT_VOTAGE_PID                         0x0800120d   Thumb Code   230  votage.o(i.COUNT_VOTAGE_PID)
    CURRENT_PID_INIT                         0x0800131d   Thumb Code    86  current.o(i.CURRENT_PID_INIT)
    CURRENT_TO_OLED                          0x08001389   Thumb Code    94  customoled.o(i.CURRENT_TO_OLED)
    CURRENT_VOTAGE_PID_INIT                  0x080013e9   Thumb Code    68  current_votage.o(i.CURRENT_VOTAGE_PID_INIT)
    DISPLAY_PID                              0x08001439   Thumb Code   530  button_display.o(i.DISPLAY_PID)
    DISPLAY_PID_SYMBLE                       0x0800167d   Thumb Code   362  button_display.o(i.DISPLAY_PID_SYMBLE)
    DMA2_Stream0_IRQHandler                  0x080017e9   Thumb Code     6  stm32f4xx_it.o(i.DMA2_Stream0_IRQHandler)
    DMA2_Stream1_IRQHandler                  0x080017f5   Thumb Code     6  stm32f4xx_it.o(i.DMA2_Stream1_IRQHandler)
    DebugMon_Handler                         0x080018a5   Thumb Code     2  stm32f4xx_it.o(i.DebugMon_Handler)
    Error_Handler                            0x080018a7   Thumb Code     4  main.o(i.Error_Handler)
    HAL_ADC_ConfigChannel                    0x080018ad   Thumb Code   316  stm32f4xx_hal_adc.o(i.HAL_ADC_ConfigChannel)
    HAL_ADC_ConvCpltCallback                 0x080019f9   Thumb Code   122  usercode.o(i.HAL_ADC_ConvCpltCallback)
    HAL_ADC_ConvHalfCpltCallback             0x08001a85   Thumb Code     2  stm32f4xx_hal_adc.o(i.HAL_ADC_ConvHalfCpltCallback)
    HAL_ADC_ErrorCallback                    0x08001a87   Thumb Code     2  stm32f4xx_hal_adc.o(i.HAL_ADC_ErrorCallback)
    HAL_ADC_Init                             0x08001a89   Thumb Code    84  stm32f4xx_hal_adc.o(i.HAL_ADC_Init)
    HAL_ADC_MspInit                          0x08001add   Thumb Code   302  adc.o(i.HAL_ADC_MspInit)
    HAL_ADC_Start_DMA                        0x08001c29   Thumb Code   302  stm32f4xx_hal_adc.o(i.HAL_ADC_Start_DMA)
    HAL_DMA_IRQHandler                       0x08001d7d   Thumb Code   412  stm32f4xx_hal_dma.o(i.HAL_DMA_IRQHandler)
    HAL_DMA_Init                             0x08001f1d   Thumb Code   206  stm32f4xx_hal_dma.o(i.HAL_DMA_Init)
    HAL_DMA_Start_IT                         0x08001ff1   Thumb Code   110  stm32f4xx_hal_dma.o(i.HAL_DMA_Start_IT)
    HAL_Delay                                0x08002061   Thumb Code    32  stm32f4xx_hal.o(i.HAL_Delay)
    HAL_GPIO_Init                            0x08002085   Thumb Code   450  stm32f4xx_hal_gpio.o(i.HAL_GPIO_Init)
    HAL_GPIO_ReadPin                         0x08002275   Thumb Code    10  stm32f4xx_hal_gpio.o(i.HAL_GPIO_ReadPin)
    HAL_GPIO_WritePin                        0x0800227f   Thumb Code    10  stm32f4xx_hal_gpio.o(i.HAL_GPIO_WritePin)
    HAL_GetTick                              0x08002289   Thumb Code     6  stm32f4xx_hal.o(i.HAL_GetTick)
    HAL_IncTick                              0x08002295   Thumb Code    12  stm32f4xx_hal.o(i.HAL_IncTick)
    HAL_Init                                 0x080022a5   Thumb Code    48  stm32f4xx_hal.o(i.HAL_Init)
    HAL_InitTick                             0x080022d9   Thumb Code   132  stm32f4xx_hal_timebase_tim.o(i.HAL_InitTick)
    HAL_MspInit                              0x08002371   Thumb Code    52  stm32f4xx_hal_msp.o(i.HAL_MspInit)
    HAL_NVIC_EnableIRQ                       0x080023a9   Thumb Code    26  stm32f4xx_hal_cortex.o(i.HAL_NVIC_EnableIRQ)
    HAL_NVIC_SetPriority                     0x080023c5   Thumb Code    60  stm32f4xx_hal_cortex.o(i.HAL_NVIC_SetPriority)
    HAL_NVIC_SetPriorityGrouping             0x08002405   Thumb Code    26  stm32f4xx_hal_cortex.o(i.HAL_NVIC_SetPriorityGrouping)
    HAL_RCC_ClockConfig                      0x08002429   Thumb Code   288  stm32f4xx_hal_rcc.o(i.HAL_RCC_ClockConfig)
    HAL_RCC_GetClockConfig                   0x0800255d   Thumb Code    54  stm32f4xx_hal_rcc.o(i.HAL_RCC_GetClockConfig)
    HAL_RCC_GetPCLK1Freq                     0x0800259d   Thumb Code    20  stm32f4xx_hal_rcc.o(i.HAL_RCC_GetPCLK1Freq)
    HAL_RCC_GetSysClockFreq                  0x080025bd   Thumb Code    88  stm32f4xx_hal_rcc.o(i.HAL_RCC_GetSysClockFreq)
    HAL_RCC_OscConfig                        0x08002621   Thumb Code   856  stm32f4xx_hal_rcc.o(i.HAL_RCC_OscConfig)
    HAL_TIMEx_BreakCallback                  0x0800298d   Thumb Code     2  stm32f4xx_hal_tim_ex.o(i.HAL_TIMEx_BreakCallback)
    HAL_TIMEx_CommutCallback                 0x0800298f   Thumb Code     2  stm32f4xx_hal_tim_ex.o(i.HAL_TIMEx_CommutCallback)
    HAL_TIMEx_ConfigBreakDeadTime            0x08002991   Thumb Code    84  stm32f4xx_hal_tim_ex.o(i.HAL_TIMEx_ConfigBreakDeadTime)
    HAL_TIMEx_MasterConfigSynchronization    0x080029e5   Thumb Code   116  stm32f4xx_hal_tim_ex.o(i.HAL_TIMEx_MasterConfigSynchronization)
    HAL_TIMEx_PWMN_Start                     0x08002a75   Thumb Code   164  stm32f4xx_hal_tim_ex.o(i.HAL_TIMEx_PWMN_Start)
    HAL_TIM_Base_Init                        0x08002b35   Thumb Code    90  stm32f4xx_hal_tim.o(i.HAL_TIM_Base_Init)
    HAL_TIM_Base_MspInit                     0x08002b91   Thumb Code    76  tim.o(i.HAL_TIM_Base_MspInit)
    HAL_TIM_Base_Start                       0x08002be5   Thumb Code    90  stm32f4xx_hal_tim.o(i.HAL_TIM_Base_Start)
    HAL_TIM_Base_Start_IT                    0x08002c5d   Thumb Code   100  stm32f4xx_hal_tim.o(i.HAL_TIM_Base_Start_IT)
    HAL_TIM_ConfigClockSource                0x08002cdd   Thumb Code   220  stm32f4xx_hal_tim.o(i.HAL_TIM_ConfigClockSource)
    HAL_TIM_IC_CaptureCallback               0x08002db9   Thumb Code     2  stm32f4xx_hal_tim.o(i.HAL_TIM_IC_CaptureCallback)
    HAL_TIM_IRQHandler                       0x08002dbb   Thumb Code   358  stm32f4xx_hal_tim.o(i.HAL_TIM_IRQHandler)
    HAL_TIM_MspPostInit                      0x08002f21   Thumb Code   106  tim.o(i.HAL_TIM_MspPostInit)
    HAL_TIM_OC_DelayElapsedCallback          0x08002f9d   Thumb Code     2  stm32f4xx_hal_tim.o(i.HAL_TIM_OC_DelayElapsedCallback)
    HAL_TIM_PWM_ConfigChannel                0x08002f9f   Thumb Code   204  stm32f4xx_hal_tim.o(i.HAL_TIM_PWM_ConfigChannel)
    HAL_TIM_PWM_Init                         0x0800306b   Thumb Code    90  stm32f4xx_hal_tim.o(i.HAL_TIM_PWM_Init)
    HAL_TIM_PWM_MspInit                      0x080030c5   Thumb Code     2  stm32f4xx_hal_tim.o(i.HAL_TIM_PWM_MspInit)
    HAL_TIM_PWM_PulseFinishedCallback        0x080030c7   Thumb Code     2  stm32f4xx_hal_tim.o(i.HAL_TIM_PWM_PulseFinishedCallback)
    HAL_TIM_PWM_Start                        0x080030c9   Thumb Code   172  stm32f4xx_hal_tim.o(i.HAL_TIM_PWM_Start)
    HAL_TIM_PeriodElapsedCallback            0x08003191   Thumb Code    14  main.o(i.HAL_TIM_PeriodElapsedCallback)
    HAL_TIM_TriggerCallback                  0x080031a5   Thumb Code     2  stm32f4xx_hal_tim.o(i.HAL_TIM_TriggerCallback)
    HardFault_Handler                        0x080031a7   Thumb Code     2  stm32f4xx_it.o(i.HardFault_Handler)
    MX_ADC1_Init                             0x080031a9   Thumb Code   150  adc.o(i.MX_ADC1_Init)
    MX_ADC3_Init                             0x08003249   Thumb Code   152  adc.o(i.MX_ADC3_Init)
    MX_DMA_Init                              0x080032e9   Thumb Code    56  dma.o(i.MX_DMA_Init)
    MX_FREERTOS_Init                         0x08003325   Thumb Code    18  freertos.o(i.MX_FREERTOS_Init)
    MX_GPIO_Init                             0x08003345   Thumb Code   304  gpio.o(i.MX_GPIO_Init)
    MX_TIM1_Init                             0x0800348d   Thumb Code   216  tim.o(i.MX_TIM1_Init)
    MX_TIM2_Init                             0x0800356d   Thumb Code   144  tim.o(i.MX_TIM2_Init)
    MemManage_Handler                        0x08003601   Thumb Code     2  stm32f4xx_it.o(i.MemManage_Handler)
    NMI_Handler                              0x08003603   Thumb Code     2  stm32f4xx_it.o(i.NMI_Handler)
    OLED_Clear                               0x08003605   Thumb Code    40  oled.o(i.OLED_Clear)
    OLED_DrawPoint                           0x08003631   Thumb Code    54  oled.o(i.OLED_DrawPoint)
    OLED_Init                                0x0800366d   Thumb Code   256  oled.o(i.OLED_Init)
    OLED_Refresh_Gram                        0x08003775   Thumb Code    70  oled.o(i.OLED_Refresh_Gram)
    OLED_ShowChar                            0x080037c1   Thumb Code   168  oled.o(i.OLED_ShowChar)
    OLED_ShowNum                             0x08003875   Thumb Code   120  oled.o(i.OLED_ShowNum)
    OLED_ShowString                          0x080038ed   Thumb Code    86  oled.o(i.OLED_ShowString)
    OLED_WR_Byte                             0x08003945   Thumb Code    64  oled.o(i.OLED_WR_Byte)
    PID_TO_OLED                              0x0800398d   Thumb Code   248  customoled.o(i.PID_TO_OLED)
    PROTECT_GUARD                            0x08003a85   Thumb Code    38  protect.o(i.PROTECT_GUARD)
    RATO_TO_OLED                             0x08003ab5   Thumb Code    66  customoled.o(i.RATO_TO_OLED)
    READ_BUTTON_A                            0x08003af7   Thumb Code    22  button.o(i.READ_BUTTON_A)
    READ_BUTTON_A_R1                         0x08003b0d   Thumb Code   144  button.o(i.READ_BUTTON_A_R1)
    READ_BUTTON_A_R2                         0x08003bad   Thumb Code   144  button.o(i.READ_BUTTON_A_R2)
    READ_BUTTON_A_R3                         0x08003c4d   Thumb Code   144  button.o(i.READ_BUTTON_A_R3)
    READ_BUTTON_A_R4                         0x08003ced   Thumb Code   144  button.o(i.READ_BUTTON_A_R4)
    READ_BUTTON_B                            0x08003d8d   Thumb Code    22  button.o(i.READ_BUTTON_B)
    READ_BUTTON_B_R1                         0x08003da5   Thumb Code   156  button.o(i.READ_BUTTON_B_R1)
    READ_BUTTON_B_R2                         0x08003e51   Thumb Code   152  button.o(i.READ_BUTTON_B_R2)
    READ_BUTTON_B_R3                         0x08003ef9   Thumb Code   148  button.o(i.READ_BUTTON_B_R3)
    READ_BUTTON_B_R4                         0x08003f99   Thumb Code   158  button.o(i.READ_BUTTON_B_R4)
    SPLL_1PH_SOGI_coeff_calc                 0x08004045   Thumb Code   142  sogi.o(i.SPLL_1PH_SOGI_coeff_calc)
    SPLL_1PH_SOGI_config                     0x080040d9   Thumb Code    50  sogi.o(i.SPLL_1PH_SOGI_config)
    SPLL_1PH_SOGI_reset                      0x0800410d   Thumb Code    82  sogi.o(i.SPLL_1PH_SOGI_reset)
    SPLL_1PH_SOGI_run                        0x08004165   Thumb Code   274  sogi.o(i.SPLL_1PH_SOGI_run)
    StartDefaultTask                         0x08004281   Thumb Code    44  usercode.o(i.StartDefaultTask)
    SysTick_Handler                          0x080042ad   Thumb Code    26  cmsis_os2.o(i.SysTick_Handler)
    SystemClock_Config                       0x080042c9   Thumb Code   142  main.o(i.SystemClock_Config)
    SystemInit                               0x08004361   Thumb Code    12  system_stm32f4xx.o(i.SystemInit)
    TIM2_IRQHandler                          0x08004371   Thumb Code     6  stm32f4xx_it.o(i.TIM2_IRQHandler)
    TIM8_TRG_COM_TIM14_IRQHandler            0x0800437d   Thumb Code     6  stm32f4xx_it.o(i.TIM8_TRG_COM_TIM14_IRQHandler)
    TIM_Base_SetConfig                       0x08004389   Thumb Code   156  stm32f4xx_hal_tim.o(i.TIM_Base_SetConfig)
    TIM_CCxChannelCmd                        0x08004451   Thumb Code    26  stm32f4xx_hal_tim.o(i.TIM_CCxChannelCmd)
    TIM_ETR_SetConfig                        0x08004485   Thumb Code    20  stm32f4xx_hal_tim.o(i.TIM_ETR_SetConfig)
    TIM_OC2_SetConfig                        0x08004509   Thumb Code    98  stm32f4xx_hal_tim.o(i.TIM_OC2_SetConfig)
    UPDATE_CURRENT_NUM                       0x08004675   Thumb Code   154  current.o(i.UPDATE_CURRENT_NUM)
    UPDATE_CURRENT_PID                       0x08004715   Thumb Code   480  current.o(i.UPDATE_CURRENT_PID)
    UPDATE_CURRENT_VOOTAGE_PID               0x08004921   Thumb Code   912  current_votage.o(i.UPDATE_CURRENT_VOOTAGE_PID)
    UPDATE_CURRENT_VOTAGE_NUM                0x08004ce1   Thumb Code   298  current_votage.o(i.UPDATE_CURRENT_VOTAGE_NUM)
    UPDATE_IREF_RATO_NUM                     0x08004e15   Thumb Code   158  current.o(i.UPDATE_IREF_RATO_NUM)
    UPDATE_IREF_RATO_PID                     0x08004ebd   Thumb Code   294  current.o(i.UPDATE_IREF_RATO_PID)
    UPDATE_PHASE                             0x08005011   Thumb Code    12  current.o(i.UPDATE_PHASE)
    UPDATE_VOTAGE_NUM                        0x08005025   Thumb Code   154  votage.o(i.UPDATE_VOTAGE_NUM)
    UPDATE_VOTAGE_PID                        0x080050c5   Thumb Code   470  votage.o(i.UPDATE_VOTAGE_PID)
    USER_INIT                                0x080052c9   Thumb Code   126  usercode.o(i.USER_INIT)
    UsageFault_Handler                       0x0800535d   Thumb Code     2  stm32f4xx_it.o(i.UsageFault_Handler)
    VOTAGE_PID_INIT                          0x08005361   Thumb Code    28  votage.o(i.VOTAGE_PID_INIT)
    arm_cos_f32                              0x080053a5   Thumb Code   108  arm_cos_f32.o(i.arm_cos_f32)
    arm_pid_init_f32                         0x0800541d   Thumb Code    54  arm_pid_init_f32.o(i.arm_pid_init_f32)
    arm_sin_f32                              0x08005455   Thumb Code   124  arm_sin_f32.o(i.arm_sin_f32)
    main                                     0x080054e1   Thumb Code    76  main.o(i.main)
    mypow                                    0x0800552d   Thumb Code    16  oled.o(i.mypow)
    osKernelInitialize                       0x0800553d   Thumb Code    34  cmsis_os2.o(i.osKernelInitialize)
    osKernelStart                            0x08005565   Thumb Code    48  cmsis_os2.o(i.osKernelStart)
    osThreadNew                              0x0800559d   Thumb Code   188  cmsis_os2.o(i.osThreadNew)
    pvPortMalloc                             0x08005e99   Thumb Code   224  heap_4.o(i.pvPortMalloc)
    pxPortInitialiseStack                    0x08005f81   Thumb Code    38  port.o(i.pxPortInitialiseStack)
    uxListRemove                             0x08005fad   Thumb Code    38  list.o(i.uxListRemove)
    vApplicationGetIdleTaskMemory            0x08005fd5   Thumb Code    16  cmsis_os2.o(i.vApplicationGetIdleTaskMemory)
    vApplicationGetTimerTaskMemory           0x08005fe9   Thumb Code    18  cmsis_os2.o(i.vApplicationGetTimerTaskMemory)
    vListInitialise                          0x08006001   Thumb Code    22  list.o(i.vListInitialise)
    vListInitialiseItem                      0x08006017   Thumb Code     6  list.o(i.vListInitialiseItem)
    vListInsert                              0x0800601d   Thumb Code    54  list.o(i.vListInsert)
    vListInsertEnd                           0x08006053   Thumb Code    24  list.o(i.vListInsertEnd)
    vPortEnterCritical                       0x0800606d   Thumb Code    54  port.o(i.vPortEnterCritical)
    vPortExitCritical                        0x080060ad   Thumb Code    38  port.o(i.vPortExitCritical)
    vPortFree                                0x080060d9   Thumb Code    94  heap_4.o(i.vPortFree)
    vPortSetupTimerInterrupt                 0x0800613d   Thumb Code    32  port.o(i.vPortSetupTimerInterrupt)
    vPortValidateInterruptPriority           0x08006161   Thumb Code    74  port.o(i.vPortValidateInterruptPriority)
    vQueueAddToRegistry                      0x080061b5   Thumb Code    34  queue.o(i.vQueueAddToRegistry)
    vQueueWaitForMessageRestricted           0x080061dd   Thumb Code    74  queue.o(i.vQueueWaitForMessageRestricted)
    vTaskInternalSetTimeOutState             0x08006229   Thumb Code    12  tasks.o(i.vTaskInternalSetTimeOutState)
    vTaskMissedYield                         0x08006239   Thumb Code     8  tasks.o(i.vTaskMissedYield)
    vTaskPlaceOnEventList                    0x08006245   Thumb Code    48  tasks.o(i.vTaskPlaceOnEventList)
    vTaskPlaceOnEventListRestricted          0x08006279   Thumb Code    54  tasks.o(i.vTaskPlaceOnEventListRestricted)
    vTaskStartScheduler                      0x080062b5   Thumb Code   128  tasks.o(i.vTaskStartScheduler)
    vTaskSuspendAll                          0x08006345   Thumb Code    10  tasks.o(i.vTaskSuspendAll)
    vTaskSwitchContext                       0x08006355   Thumb Code   100  tasks.o(i.vTaskSwitchContext)
    xPortStartScheduler                      0x080063c1   Thumb Code   232  port.o(i.xPortStartScheduler)
    xPortSysTickHandler                      0x080064c5   Thumb Code    38  port.o(i.xPortSysTickHandler)
    xQueueGenericCreateStatic                0x080064f1   Thumb Code   112  queue.o(i.xQueueGenericCreateStatic)
    xQueueGenericReset                       0x08006561   Thumb Code   138  queue.o(i.xQueueGenericReset)
    xQueueGenericSend                        0x080065f1   Thumb Code   362  queue.o(i.xQueueGenericSend)
    xQueueGenericSendFromISR                 0x08006761   Thumb Code   190  queue.o(i.xQueueGenericSendFromISR)
    xQueueReceive                            0x08006821   Thumb Code   322  queue.o(i.xQueueReceive)
    xTaskCheckForTimeOut                     0x08006969   Thumb Code   122  tasks.o(i.xTaskCheckForTimeOut)
    xTaskCreate                              0x080069e9   Thumb Code   108  tasks.o(i.xTaskCreate)
    xTaskCreateStatic                        0x08006a55   Thumb Code    96  tasks.o(i.xTaskCreateStatic)
    xTaskGetSchedulerState                   0x08006ab5   Thumb Code    24  tasks.o(i.xTaskGetSchedulerState)
    xTaskGetTickCount                        0x08006ad1   Thumb Code     6  tasks.o(i.xTaskGetTickCount)
    xTaskIncrementTick                       0x08006add   Thumb Code   196  tasks.o(i.xTaskIncrementTick)
    xTaskPriorityDisinherit                  0x08006ba9   Thumb Code   118  tasks.o(i.xTaskPriorityDisinherit)
    xTaskRemoveFromEventList                 0x08006c29   Thumb Code   106  tasks.o(i.xTaskRemoveFromEventList)
    xTaskResumeAll                           0x08006ca1   Thumb Code   190  tasks.o(i.xTaskResumeAll)
    xTimerCreateTimerTask                    0x08006d6d   Thumb Code    86  timers.o(i.xTimerCreateTimerTask)
    xTimerGenericCommand                     0x08006dd5   Thumb Code   112  timers.o(i.xTimerGenericCommand)
    __aeabi_d2f                              0x08006e49   Thumb Code     0  d2f.o(x$fpl$d2f)
    _d2f                                     0x08006e49   Thumb Code    98  d2f.o(x$fpl$d2f)
    __aeabi_dadd                             0x08006ead   Thumb Code     0  daddsub_clz.o(x$fpl$dadd)
    _dadd                                    0x08006ead   Thumb Code   332  daddsub_clz.o(x$fpl$dadd)
    __aeabi_ui2d                             0x08006ffd   Thumb Code     0  dflt_clz.o(x$fpl$dfltu)
    _dfltu                                   0x08006ffd   Thumb Code    38  dflt_clz.o(x$fpl$dfltu)
    __aeabi_dmul                             0x08007025   Thumb Code     0  dmul.o(x$fpl$dmul)
    _dmul                                    0x08007025   Thumb Code   332  dmul.o(x$fpl$dmul)
    __fpl_dnaninf                            0x08007179   Thumb Code   156  dnaninf.o(x$fpl$dnaninf)
    __fpl_dretinf                            0x08007215   Thumb Code    12  dretinf.o(x$fpl$dretinf)
    __aeabi_dsub                             0x08007221   Thumb Code     0  daddsub_clz.o(x$fpl$dsub)
    _dsub                                    0x08007221   Thumb Code   464  daddsub_clz.o(x$fpl$dsub)
    __aeabi_f2d                              0x080073f5   Thumb Code     0  f2d.o(x$fpl$f2d)
    _f2d                                     0x080073f5   Thumb Code    86  f2d.o(x$fpl$f2d)
    __fpl_fnaninf                            0x0800744b   Thumb Code   140  fnaninf.o(x$fpl$fnaninf)
    _fp_init                                 0x080074d7   Thumb Code    10  fpinit.o(x$fpl$fpinit)
    __fplib_config_fpu_vfp                   0x080074df   Thumb Code     0  fpinit.o(x$fpl$fpinit)
    __fplib_config_pureend_doubles           0x080074df   Thumb Code     0  fpinit.o(x$fpl$fpinit)
    __fpl_fretinf                            0x080074e1   Thumb Code    10  fretinf.o(x$fpl$fretinf)
    __I$use$fp                               0x080074ea   Number         0  usenofp.o(x$fpl$usenofp)
    defaultTask_attributes                   0x080074ec   Data          36  freertos.o(.constdata)
    AHBPrescTable                            0x08007518   Data          16  system_stm32f4xx.o(.constdata)
    APBPrescTable                            0x08007528   Data           8  system_stm32f4xx.o(.constdata)
    asc2_1206                                0x08007530   Data        1140  oled.o(.constdata)
    asc2_1608                                0x080079a4   Data        1520  oled.o(.constdata)
    asc2_2412                                0x08007f94   Data        3420  oled.o(.constdata)
    sinTable_f32                             0x08008cf0   Data        2052  arm_common_tables.o(.constdata)
    Region$$Table$$Base                      0x08009500   Number         0  anon$$obj.o(Region$$Table)
    Region$$Table$$Limit                     0x08009520   Number         0  anon$$obj.o(Region$$Table)
    defaultTaskHandle                        0x20000000   Data           4  freertos.o(.data)
    uwTickFreq                               0x20000004   Data           1  stm32f4xx_hal.o(.data)
    uwTickPrio                               0x20000008   Data           4  stm32f4xx_hal.o(.data)
    uwTick                                   0x2000000c   Data           4  stm32f4xx_hal.o(.data)
    SystemCoreClock                          0x20000010   Data           4  system_stm32f4xx.o(.data)
    temp_state                               0x20000014   Data           4  button.o(.data)
    ctrl_pid                                 0x20000018   Data           4  button.o(.data)
    ctrl_num                                 0x2000001c   Data           4  button.o(.data)
    ctrl_display                             0x20000020   Data           4  button.o(.data)
    mode_select                              0x20000024   Data           4  button.o(.data)
    current_num_select                       0x20000028   Data           4  button.o(.data)
    rato_num_select                          0x2000002c   Data           4  button.o(.data)
    chip_select                              0x20000030   Data           4  button.o(.data)
    chip_b_mode                              0x20000034   Data           4  button.o(.data)
    A_state                                  0x20000038   Data          64  button.o(.data)
    B_state                                  0x20000078   Data          64  button.o(.data)
    current_num                              0x200000b8   Data          20  button.o(.data)
    rato_num                                 0x200000cc   Data          12  button.o(.data)
    pxCurrentTCB                             0x200000d8   Data           4  tasks.o(.data)
    count_1_period                           0x20000158   Data           4  usercode.o(.data)
    OK_Flag                                  0x2000015c   Data           4  usercode.o(.data)
    ADC1_Buf                                 0x20000160   Data           8  usercode.o(.data)
    ADC3_Buf                                 0x20000168   Data           8  usercode.o(.data)
    count                                    0x20000170   Data           4  current_votage.o(.data)
    V_ref                                    0x20000174   Data           4  current_votage.o(.data)
    angle                                    0x20000178   Data           4  current_votage.o(.data)
    v_error                                  0x2000017c   Data           4  current_votage.o(.data)
    iref                                     0x20000180   Data           4  current_votage.o(.data)
    i_error                                  0x20000184   Data           4  current_votage.o(.data)
    pwm_compare                              0x20000188   Data           4  current_votage.o(.data)
    count_1                                  0x2000018c   Data           4  current.o(.data)
    angle_1                                  0x20000190   Data           4  current.o(.data)
    I_ref                                    0x20000194   Data           4  current.o(.data)
    rato                                     0x20000198   Data           4  current.o(.data)
    percentage                               0x2000019c   Data           4  current.o(.data)
    real_I_ref                               0x200001a0   Data           4  current.o(.data)
    I_target                                 0x200001a4   Data           4  current.o(.data)
    I_error                                  0x200001a8   Data           4  current.o(.data)
    current_pid_result                       0x200001ac   Data           4  current.o(.data)
    count_3                                  0x200001b0   Data           4  votage.o(.data)
    angle_3                                  0x200001b4   Data           4  votage.o(.data)
    V_ref_3                                  0x200001b8   Data           4  votage.o(.data)
    V_error                                  0x200001bc   Data           4  votage.o(.data)
    PID_output                               0x200001c0   Data           4  votage.o(.data)
    hadc1                                    0x200001c4   Data          72  adc.o(.bss)
    hadc3                                    0x2000020c   Data          72  adc.o(.bss)
    hdma_adc1                                0x20000254   Data          96  adc.o(.bss)
    hdma_adc3                                0x200002b4   Data          96  adc.o(.bss)
    htim1                                    0x20000314   Data          72  tim.o(.bss)
    htim2                                    0x2000035c   Data          72  tim.o(.bss)
    htim14                                   0x200003a4   Data          72  stm32f4xx_hal_timebase_tim.o(.bss)
    pid_1                                    0x200003ec   Data          60  button.o(.bss)
    pid_2                                    0x20000428   Data          60  button.o(.bss)
    pid_3                                    0x20000464   Data          60  button.o(.bss)
    pid_4                                    0x200004a0   Data          60  button.o(.bss)
    pid_5                                    0x200004dc   Data          60  button.o(.bss)
    pid_6                                    0x20000518   Data          60  button.o(.bss)
    OLED_GRAM                                0x20000554   Data        1024  oled.o(.bss)
    xQueueRegistry                           0x20000954   Data          64  queue.o(.bss)
    ADC1_Buf_f32                             0x20005228   Data          16  usercode.o(.bss)
    ADC3_Buf_f32                             0x20005238   Data          16  usercode.o(.bss)
    S_1                                      0x20005248   Data          36  current_votage.o(.bss)
    S_2                                      0x2000526c   Data          36  current_votage.o(.bss)
    S_3                                      0x20005290   Data          36  current.o(.bss)
    sineA                                    0x200052b4   Data         132  current.o(.bss)
    S_4                                      0x20005338   Data          36  votage.o(.bss)
    __libspace_start                         0x2000535c   Data          96  libspace.o(.bss)
    __temporary_stack_top$libspace           0x200053bc   Data           0  libspace.o(.bss)



==============================================================================

Memory Map of the image

  Image Entry point : 0x08000189

  Load Region LR_IROM1 (Base: 0x08000000, Size: 0x000096e4, Max: 0x00080000, ABSOLUTE, COMPRESSED[0x0000953c])

    Execution Region ER_IROM1 (Exec base: 0x08000000, Load base: 0x08000000, Size: 0x00009520, Max: 0x00080000, ABSOLUTE)

    Exec Addr    Load Addr    Size         Type   Attr      Idx    E Section Name        Object

    0x08000000   0x08000000   0x00000188   Data   RO            3    RESET               startup_stm32f407xx.o
    0x08000188   0x08000188   0x00000008   Code   RO        12474  * !!!main             c_w.l(__main.o)
    0x08000190   0x08000190   0x00000034   Code   RO        12692    !!!scatter          c_w.l(__scatter.o)
    0x080001c4   0x080001c4   0x0000005a   Code   RO        12690    !!dczerorl2         c_w.l(__dczerorl2.o)
    0x0800021e   0x0800021e   0x00000002   PAD
    0x08000220   0x08000220   0x0000001c   Code   RO        12694    !!handler_zi        c_w.l(__scatter_zi.o)
    0x0800023c   0x0800023c   0x00000002   Code   RO        12558    .ARM.Collect$$libinit$$00000000  c_w.l(libinit.o)
    0x0800023e   0x0800023e   0x00000004   Code   RO        12570    .ARM.Collect$$libinit$$00000001  c_w.l(libinit2.o)
    0x08000242   0x08000242   0x00000000   Code   RO        12573    .ARM.Collect$$libinit$$00000004  c_w.l(libinit2.o)
    0x08000242   0x08000242   0x00000000   Code   RO        12576    .ARM.Collect$$libinit$$0000000A  c_w.l(libinit2.o)
    0x08000242   0x08000242   0x00000000   Code   RO        12578    .ARM.Collect$$libinit$$0000000C  c_w.l(libinit2.o)
    0x08000242   0x08000242   0x00000000   Code   RO        12580    .ARM.Collect$$libinit$$0000000E  c_w.l(libinit2.o)
    0x08000242   0x08000242   0x00000000   Code   RO        12583    .ARM.Collect$$libinit$$00000011  c_w.l(libinit2.o)
    0x08000242   0x08000242   0x00000000   Code   RO        12585    .ARM.Collect$$libinit$$00000013  c_w.l(libinit2.o)
    0x08000242   0x08000242   0x00000000   Code   RO        12587    .ARM.Collect$$libinit$$00000015  c_w.l(libinit2.o)
    0x08000242   0x08000242   0x00000000   Code   RO        12589    .ARM.Collect$$libinit$$00000017  c_w.l(libinit2.o)
    0x08000242   0x08000242   0x00000000   Code   RO        12591    .ARM.Collect$$libinit$$00000019  c_w.l(libinit2.o)
    0x08000242   0x08000242   0x00000000   Code   RO        12593    .ARM.Collect$$libinit$$0000001B  c_w.l(libinit2.o)
    0x08000242   0x08000242   0x00000000   Code   RO        12595    .ARM.Collect$$libinit$$0000001D  c_w.l(libinit2.o)
    0x08000242   0x08000242   0x00000000   Code   RO        12597    .ARM.Collect$$libinit$$0000001F  c_w.l(libinit2.o)
    0x08000242   0x08000242   0x00000000   Code   RO        12599    .ARM.Collect$$libinit$$00000021  c_w.l(libinit2.o)
    0x08000242   0x08000242   0x00000000   Code   RO        12601    .ARM.Collect$$libinit$$00000023  c_w.l(libinit2.o)
    0x08000242   0x08000242   0x00000000   Code   RO        12603    .ARM.Collect$$libinit$$00000025  c_w.l(libinit2.o)
    0x08000242   0x08000242   0x00000000   Code   RO        12607    .ARM.Collect$$libinit$$0000002C  c_w.l(libinit2.o)
    0x08000242   0x08000242   0x00000000   Code   RO        12609    .ARM.Collect$$libinit$$0000002E  c_w.l(libinit2.o)
    0x08000242   0x08000242   0x00000000   Code   RO        12611    .ARM.Collect$$libinit$$00000030  c_w.l(libinit2.o)
    0x08000242   0x08000242   0x00000000   Code   RO        12613    .ARM.Collect$$libinit$$00000032  c_w.l(libinit2.o)
    0x08000242   0x08000242   0x00000002   Code   RO        12614    .ARM.Collect$$libinit$$00000033  c_w.l(libinit2.o)
    0x08000244   0x08000244   0x00000002   Code   RO        12645    .ARM.Collect$$libshutdown$$00000000  c_w.l(libshutdown.o)
    0x08000246   0x08000246   0x00000000   Code   RO        12671    .ARM.Collect$$libshutdown$$00000002  c_w.l(libshutdown2.o)
    0x08000246   0x08000246   0x00000000   Code   RO        12673    .ARM.Collect$$libshutdown$$00000004  c_w.l(libshutdown2.o)
    0x08000246   0x08000246   0x00000000   Code   RO        12675    .ARM.Collect$$libshutdown$$00000006  c_w.l(libshutdown2.o)
    0x08000246   0x08000246   0x00000000   Code   RO        12678    .ARM.Collect$$libshutdown$$00000009  c_w.l(libshutdown2.o)
    0x08000246   0x08000246   0x00000000   Code   RO        12681    .ARM.Collect$$libshutdown$$0000000C  c_w.l(libshutdown2.o)
    0x08000246   0x08000246   0x00000000   Code   RO        12683    .ARM.Collect$$libshutdown$$0000000E  c_w.l(libshutdown2.o)
    0x08000246   0x08000246   0x00000000   Code   RO        12686    .ARM.Collect$$libshutdown$$00000011  c_w.l(libshutdown2.o)
    0x08000246   0x08000246   0x00000002   Code   RO        12687    .ARM.Collect$$libshutdown$$00000012  c_w.l(libshutdown2.o)
    0x08000248   0x08000248   0x00000000   Code   RO        12508    .ARM.Collect$$rtentry$$00000000  c_w.l(__rtentry.o)
    0x08000248   0x08000248   0x00000000   Code   RO        12529    .ARM.Collect$$rtentry$$00000002  c_w.l(__rtentry2.o)
    0x08000248   0x08000248   0x00000006   Code   RO        12541    .ARM.Collect$$rtentry$$00000004  c_w.l(__rtentry4.o)
    0x0800024e   0x0800024e   0x00000000   Code   RO        12531    .ARM.Collect$$rtentry$$00000009  c_w.l(__rtentry2.o)
    0x0800024e   0x0800024e   0x00000004   Code   RO        12532    .ARM.Collect$$rtentry$$0000000A  c_w.l(__rtentry2.o)
    0x08000252   0x08000252   0x00000000   Code   RO        12534    .ARM.Collect$$rtentry$$0000000C  c_w.l(__rtentry2.o)
    0x08000252   0x08000252   0x00000008   Code   RO        12535    .ARM.Collect$$rtentry$$0000000D  c_w.l(__rtentry2.o)
    0x0800025a   0x0800025a   0x00000002   Code   RO        12562    .ARM.Collect$$rtexit$$00000000  c_w.l(rtexit.o)
    0x0800025c   0x0800025c   0x00000000   Code   RO        12618    .ARM.Collect$$rtexit$$00000002  c_w.l(rtexit2.o)
    0x0800025c   0x0800025c   0x00000004   Code   RO        12619    .ARM.Collect$$rtexit$$00000003  c_w.l(rtexit2.o)
    0x08000260   0x08000260   0x00000006   Code   RO        12620    .ARM.Collect$$rtexit$$00000004  c_w.l(rtexit2.o)
    0x08000266   0x08000266   0x00000002   PAD
    0x08000268   0x08000268   0x000000be   Code   RO         5146    .emb_text           port.o
    0x08000326   0x08000326   0x00000002   PAD
    0x08000328   0x08000328   0x00000040   Code   RO            4    .text               startup_stm32f407xx.o
    0x08000368   0x08000368   0x000000ee   Code   RO        12454    .text               c_w.l(lludivv7m.o)
    0x08000456   0x08000456   0x0000008a   Code   RO        12462    .text               c_w.l(rt_memcpy_v6.o)
    0x080004e0   0x080004e0   0x00000010   Code   RO        12466    .text               c_w.l(aeabi_memset.o)
    0x080004f0   0x080004f0   0x00000044   Code   RO        12468    .text               c_w.l(rt_memclr.o)
    0x08000534   0x08000534   0x0000004e   Code   RO        12470    .text               c_w.l(rt_memclr_w.o)
    0x08000582   0x08000582   0x00000006   Code   RO        12472    .text               c_w.l(heapauxi.o)
    0x08000588   0x08000588   0x00000064   Code   RO        12513    .text               c_w.l(rt_memcpy_w.o)
    0x080005ec   0x080005ec   0x0000004a   Code   RO        12545    .text               c_w.l(sys_stackheap_outer.o)
    0x08000636   0x08000636   0x00000012   Code   RO        12547    .text               c_w.l(exit.o)
    0x08000648   0x08000648   0x00000008   Code   RO        12559    .text               c_w.l(libspace.o)
    0x08000650   0x08000650   0x0000000c   Code   RO        12615    .text               c_w.l(sys_exit.o)
    0x0800065c   0x0800065c   0x00000002   Code   RO        12634    .text               c_w.l(use_no_semi.o)
    0x0800065e   0x0800065e   0x00000000   Code   RO        12636    .text               c_w.l(indicate_semi.o)
    0x0800065e   0x0800065e   0x00000012   Code   RO         5226    i.ADC_BUF_TO_F32    usercode.o
    0x08000670   0x08000670   0x0000006c   Code   RO         5227    i.ADC_BUF_TO_F32_1  usercode.o
    0x080006dc   0x080006dc   0x0000006c   Code   RO         5228    i.ADC_BUF_TO_F32_2  usercode.o
    0x08000748   0x08000748   0x000000d4   Code   RO         5229    i.ADC_BUF_TO_F32_3  usercode.o
    0x0800081c   0x0800081c   0x0000006e   Code   RO          552    i.ADC_DMAConvCplt   stm32f4xx_hal_adc.o
    0x0800088a   0x0800088a   0x00000016   Code   RO          553    i.ADC_DMAError      stm32f4xx_hal_adc.o
    0x080008a0   0x080008a0   0x0000000a   Code   RO          554    i.ADC_DMAHalfConvCplt  stm32f4xx_hal_adc.o
    0x080008aa   0x080008aa   0x00000002   PAD
    0x080008ac   0x080008ac   0x00000128   Code   RO          555    i.ADC_Init          stm32f4xx_hal_adc.o
    0x080009d4   0x080009d4   0x00000018   Code   RO         2973    i.AR1_AC1           button.o
    0x080009ec   0x080009ec   0x00000018   Code   RO         2974    i.AR1_AC2           button.o
    0x08000a04   0x08000a04   0x000000d0   Code   RO         2975    i.AR1_AC3           button.o
    0x08000ad4   0x08000ad4   0x00000014   Code   RO         2976    i.AR1_AC4           button.o
    0x08000ae8   0x08000ae8   0x00000018   Code   RO         2977    i.AR2_AC1           button.o
    0x08000b00   0x08000b00   0x00000018   Code   RO         2978    i.AR2_AC2           button.o
    0x08000b18   0x08000b18   0x000000d0   Code   RO         2979    i.AR2_AC3           button.o
    0x08000be8   0x08000be8   0x00000014   Code   RO         2980    i.AR2_AC4           button.o
    0x08000bfc   0x08000bfc   0x00000014   Code   RO         2981    i.AR3_AC1           button.o
    0x08000c10   0x08000c10   0x00000014   Code   RO         2982    i.AR3_AC2           button.o
    0x08000c24   0x08000c24   0x0000001c   Code   RO         2983    i.AR3_AC3           button.o
    0x08000c40   0x08000c40   0x00000014   Code   RO         2984    i.AR3_AC4           button.o
    0x08000c54   0x08000c54   0x00000014   Code   RO         2985    i.AR4_AC1           button.o
    0x08000c68   0x08000c68   0x00000014   Code   RO         2986    i.AR4_AC2           button.o
    0x08000c7c   0x08000c7c   0x0000001c   Code   RO         2987    i.AR4_AC3           button.o
    0x08000c98   0x08000c98   0x00000014   Code   RO         2988    i.AR4_AC4           button.o
    0x08000cac   0x08000cac   0x0000001c   Code   RO         2989    i.BR1_BC1           button.o
    0x08000cc8   0x08000cc8   0x00000014   Code   RO         2990    i.BR1_BC2           button.o
    0x08000cdc   0x08000cdc   0x00000014   Code   RO         2991    i.BR1_BC3           button.o
    0x08000cf0   0x08000cf0   0x00000014   Code   RO         2992    i.BR1_BC4           button.o
    0x08000d04   0x08000d04   0x0000001c   Code   RO         2993    i.BR2_BC1           button.o
    0x08000d20   0x08000d20   0x00000014   Code   RO         2994    i.BR2_BC2           button.o
    0x08000d34   0x08000d34   0x00000014   Code   RO         2995    i.BR2_BC3           button.o
    0x08000d48   0x08000d48   0x00000014   Code   RO         2996    i.BR2_BC4           button.o
    0x08000d5c   0x08000d5c   0x00000014   Code   RO         2997    i.BR3_BC1           button.o
    0x08000d70   0x08000d70   0x00000014   Code   RO         2998    i.BR3_BC2           button.o
    0x08000d84   0x08000d84   0x00000014   Code   RO         2999    i.BR3_BC3           button.o
    0x08000d98   0x08000d98   0x00000014   Code   RO         3000    i.BR3_BC4           button.o
    0x08000dac   0x08000dac   0x00000014   Code   RO         3001    i.BR4_BC1           button.o
    0x08000dc0   0x08000dc0   0x00000014   Code   RO         3002    i.BR4_BC2           button.o
    0x08000dd4   0x08000dd4   0x00000014   Code   RO         3003    i.BR4_BC3           button.o
    0x08000de8   0x08000de8   0x00000014   Code   RO         3004    i.BR4_BC4           button.o
    0x08000dfc   0x08000dfc   0x00000002   Code   RO          407    i.BusFault_Handler  stm32f4xx_it.o
    0x08000dfe   0x08000dfe   0x00000002   PAD
    0x08000e00   0x08000e00   0x000002b0   Code   RO        12226    i.COUNT_CURRENT_PID  current.o
    0x080010b0   0x080010b0   0x0000015c   Code   RO        12173    i.COUNT_CURRENT_VOTAGE_PID  current_votage.o
    0x0800120c   0x0800120c   0x00000110   Code   RO        12294    i.COUNT_VOTAGE_PID  votage.o
    0x0800131c   0x0800131c   0x0000006c   Code   RO        12227    i.CURRENT_PID_INIT  current.o
    0x08001388   0x08001388   0x0000005e   Code   RO         3278    i.CURRENT_TO_OLED   customoled.o
    0x080013e6   0x080013e6   0x00000002   PAD
    0x080013e8   0x080013e8   0x00000050   Code   RO        12174    i.CURRENT_VOTAGE_PID_INIT  current_votage.o
    0x08001438   0x08001438   0x00000244   Code   RO         3244    i.DISPLAY_PID       button_display.o
    0x0800167c   0x0800167c   0x0000016a   Code   RO         3245    i.DISPLAY_PID_SYMBLE  button_display.o
    0x080017e6   0x080017e6   0x00000002   PAD
    0x080017e8   0x080017e8   0x0000000c   Code   RO          408    i.DMA2_Stream0_IRQHandler  stm32f4xx_it.o
    0x080017f4   0x080017f4   0x0000000c   Code   RO          409    i.DMA2_Stream1_IRQHandler  stm32f4xx_it.o
    0x08001800   0x08001800   0x00000028   Code   RO         1289    i.DMA_CalcBaseAndBitshift  stm32f4xx_hal_dma.o
    0x08001828   0x08001828   0x00000054   Code   RO         1290    i.DMA_CheckFifoParam  stm32f4xx_hal_dma.o
    0x0800187c   0x0800187c   0x00000028   Code   RO         1291    i.DMA_SetConfig     stm32f4xx_hal_dma.o
    0x080018a4   0x080018a4   0x00000002   Code   RO          410    i.DebugMon_Handler  stm32f4xx_it.o
    0x080018a6   0x080018a6   0x00000004   Code   RO           13    i.Error_Handler     main.o
    0x080018aa   0x080018aa   0x00000002   PAD
    0x080018ac   0x080018ac   0x0000014c   Code   RO          557    i.HAL_ADC_ConfigChannel  stm32f4xx_hal_adc.o
    0x080019f8   0x080019f8   0x0000008c   Code   RO         5230    i.HAL_ADC_ConvCpltCallback  usercode.o
    0x08001a84   0x08001a84   0x00000002   Code   RO          559    i.HAL_ADC_ConvHalfCpltCallback  stm32f4xx_hal_adc.o
    0x08001a86   0x08001a86   0x00000002   Code   RO          561    i.HAL_ADC_ErrorCallback  stm32f4xx_hal_adc.o
    0x08001a88   0x08001a88   0x00000054   Code   RO          566    i.HAL_ADC_Init      stm32f4xx_hal_adc.o
    0x08001adc   0x08001adc   0x0000014c   Code   RO          282    i.HAL_ADC_MspInit   adc.o
    0x08001c28   0x08001c28   0x00000154   Code   RO          573    i.HAL_ADC_Start_DMA  stm32f4xx_hal_adc.o
    0x08001d7c   0x08001d7c   0x000001a0   Code   RO         1297    i.HAL_DMA_IRQHandler  stm32f4xx_hal_dma.o
    0x08001f1c   0x08001f1c   0x000000d4   Code   RO         1298    i.HAL_DMA_Init      stm32f4xx_hal_dma.o
    0x08001ff0   0x08001ff0   0x0000006e   Code   RO         1302    i.HAL_DMA_Start_IT  stm32f4xx_hal_dma.o
    0x0800205e   0x0800205e   0x00000002   PAD
    0x08002060   0x08002060   0x00000024   Code   RO         1711    i.HAL_Delay         stm32f4xx_hal.o
    0x08002084   0x08002084   0x000001f0   Code   RO         1185    i.HAL_GPIO_Init     stm32f4xx_hal_gpio.o
    0x08002274   0x08002274   0x0000000a   Code   RO         1187    i.HAL_GPIO_ReadPin  stm32f4xx_hal_gpio.o
    0x0800227e   0x0800227e   0x0000000a   Code   RO         1189    i.HAL_GPIO_WritePin  stm32f4xx_hal_gpio.o
    0x08002288   0x08002288   0x0000000c   Code   RO         1717    i.HAL_GetTick       stm32f4xx_hal.o
    0x08002294   0x08002294   0x00000010   Code   RO         1723    i.HAL_IncTick       stm32f4xx_hal.o
    0x080022a4   0x080022a4   0x00000034   Code   RO         1724    i.HAL_Init          stm32f4xx_hal.o
    0x080022d8   0x080022d8   0x00000098   Code   RO          513    i.HAL_InitTick      stm32f4xx_hal_timebase_tim.o
    0x08002370   0x08002370   0x00000038   Code   RO          489    i.HAL_MspInit       stm32f4xx_hal_msp.o
    0x080023a8   0x080023a8   0x0000001a   Code   RO         1574    i.HAL_NVIC_EnableIRQ  stm32f4xx_hal_cortex.o
    0x080023c2   0x080023c2   0x00000002   PAD
    0x080023c4   0x080023c4   0x00000040   Code   RO         1580    i.HAL_NVIC_SetPriority  stm32f4xx_hal_cortex.o
    0x08002404   0x08002404   0x00000024   Code   RO         1581    i.HAL_NVIC_SetPriorityGrouping  stm32f4xx_hal_cortex.o
    0x08002428   0x08002428   0x00000134   Code   RO          831    i.HAL_RCC_ClockConfig  stm32f4xx_hal_rcc.o
    0x0800255c   0x0800255c   0x00000040   Code   RO          835    i.HAL_RCC_GetClockConfig  stm32f4xx_hal_rcc.o
    0x0800259c   0x0800259c   0x00000020   Code   RO          838    i.HAL_RCC_GetPCLK1Freq  stm32f4xx_hal_rcc.o
    0x080025bc   0x080025bc   0x00000064   Code   RO          840    i.HAL_RCC_GetSysClockFreq  stm32f4xx_hal_rcc.o
    0x08002620   0x08002620   0x0000036c   Code   RO          843    i.HAL_RCC_OscConfig  stm32f4xx_hal_rcc.o
    0x0800298c   0x0800298c   0x00000002   Code   RO         2668    i.HAL_TIMEx_BreakCallback  stm32f4xx_hal_tim_ex.o
    0x0800298e   0x0800298e   0x00000002   Code   RO         2669    i.HAL_TIMEx_CommutCallback  stm32f4xx_hal_tim_ex.o
    0x08002990   0x08002990   0x00000054   Code   RO         2671    i.HAL_TIMEx_ConfigBreakDeadTime  stm32f4xx_hal_tim_ex.o
    0x080029e4   0x080029e4   0x00000090   Code   RO         2687    i.HAL_TIMEx_MasterConfigSynchronization  stm32f4xx_hal_tim_ex.o
    0x08002a74   0x08002a74   0x000000c0   Code   RO         2698    i.HAL_TIMEx_PWMN_Start  stm32f4xx_hal_tim_ex.o
    0x08002b34   0x08002b34   0x0000005a   Code   RO         1964    i.HAL_TIM_Base_Init  stm32f4xx_hal_tim.o
    0x08002b8e   0x08002b8e   0x00000002   PAD
    0x08002b90   0x08002b90   0x00000054   Code   RO          354    i.HAL_TIM_Base_MspInit  tim.o
    0x08002be4   0x08002be4   0x00000078   Code   RO         1967    i.HAL_TIM_Base_Start  stm32f4xx_hal_tim.o
    0x08002c5c   0x08002c5c   0x00000080   Code   RO         1969    i.HAL_TIM_Base_Start_IT  stm32f4xx_hal_tim.o
    0x08002cdc   0x08002cdc   0x000000dc   Code   RO         1973    i.HAL_TIM_ConfigClockSource  stm32f4xx_hal_tim.o
    0x08002db8   0x08002db8   0x00000002   Code   RO         1998    i.HAL_TIM_IC_CaptureCallback  stm32f4xx_hal_tim.o
    0x08002dba   0x08002dba   0x00000166   Code   RO         2012    i.HAL_TIM_IRQHandler  stm32f4xx_hal_tim.o
    0x08002f20   0x08002f20   0x0000007c   Code   RO          355    i.HAL_TIM_MspPostInit  tim.o
    0x08002f9c   0x08002f9c   0x00000002   Code   RO         2015    i.HAL_TIM_OC_DelayElapsedCallback  stm32f4xx_hal_tim.o
    0x08002f9e   0x08002f9e   0x000000cc   Code   RO         2036    i.HAL_TIM_PWM_ConfigChannel  stm32f4xx_hal_tim.o
    0x0800306a   0x0800306a   0x0000005a   Code   RO         2039    i.HAL_TIM_PWM_Init  stm32f4xx_hal_tim.o
    0x080030c4   0x080030c4   0x00000002   Code   RO         2041    i.HAL_TIM_PWM_MspInit  stm32f4xx_hal_tim.o
    0x080030c6   0x080030c6   0x00000002   Code   RO         2042    i.HAL_TIM_PWM_PulseFinishedCallback  stm32f4xx_hal_tim.o
    0x080030c8   0x080030c8   0x000000c8   Code   RO         2044    i.HAL_TIM_PWM_Start  stm32f4xx_hal_tim.o
    0x08003190   0x08003190   0x00000014   Code   RO           14    i.HAL_TIM_PeriodElapsedCallback  main.o
    0x080031a4   0x080031a4   0x00000002   Code   RO         2055    i.HAL_TIM_TriggerCallback  stm32f4xx_hal_tim.o
    0x080031a6   0x080031a6   0x00000002   Code   RO          411    i.HardFault_Handler  stm32f4xx_it.o
    0x080031a8   0x080031a8   0x000000a0   Code   RO          283    i.MX_ADC1_Init      adc.o
    0x08003248   0x08003248   0x000000a0   Code   RO          284    i.MX_ADC3_Init      adc.o
    0x080032e8   0x080032e8   0x0000003c   Code   RO          329    i.MX_DMA_Init       dma.o
    0x08003324   0x08003324   0x00000020   Code   RO          238    i.MX_FREERTOS_Init  freertos.o
    0x08003344   0x08003344   0x00000148   Code   RO          214    i.MX_GPIO_Init      gpio.o
    0x0800348c   0x0800348c   0x000000e0   Code   RO          356    i.MX_TIM1_Init      tim.o
    0x0800356c   0x0800356c   0x00000094   Code   RO          357    i.MX_TIM2_Init      tim.o
    0x08003600   0x08003600   0x00000002   Code   RO          412    i.MemManage_Handler  stm32f4xx_it.o
    0x08003602   0x08003602   0x00000002   Code   RO          413    i.NMI_Handler       stm32f4xx_it.o
    0x08003604   0x08003604   0x0000002c   Code   RO         3326    i.OLED_Clear        oled.o
    0x08003630   0x08003630   0x0000003c   Code   RO         3329    i.OLED_DrawPoint    oled.o
    0x0800366c   0x0800366c   0x00000108   Code   RO         3331    i.OLED_Init         oled.o
    0x08003774   0x08003774   0x0000004c   Code   RO         3332    i.OLED_Refresh_Gram  oled.o
    0x080037c0   0x080037c0   0x000000b4   Code   RO         3333    i.OLED_ShowChar     oled.o
    0x08003874   0x08003874   0x00000078   Code   RO         3334    i.OLED_ShowNum      oled.o
    0x080038ec   0x080038ec   0x00000056   Code   RO         3335    i.OLED_ShowString   oled.o
    0x08003942   0x08003942   0x00000002   PAD
    0x08003944   0x08003944   0x00000048   Code   RO         3336    i.OLED_WR_Byte      oled.o
    0x0800398c   0x0800398c   0x000000f8   Code   RO         3279    i.PID_TO_OLED       customoled.o
    0x08003a84   0x08003a84   0x00000030   Code   RO        12386    i.PROTECT_GUARD     protect.o
    0x08003ab4   0x08003ab4   0x00000042   Code   RO         3280    i.RATO_TO_OLED      customoled.o
    0x08003af6   0x08003af6   0x00000016   Code   RO         3006    i.READ_BUTTON_A     button.o
    0x08003b0c   0x08003b0c   0x000000a0   Code   RO         3007    i.READ_BUTTON_A_R1  button.o
    0x08003bac   0x08003bac   0x000000a0   Code   RO         3008    i.READ_BUTTON_A_R2  button.o
    0x08003c4c   0x08003c4c   0x000000a0   Code   RO         3009    i.READ_BUTTON_A_R3  button.o
    0x08003cec   0x08003cec   0x000000a0   Code   RO         3010    i.READ_BUTTON_A_R4  button.o
    0x08003d8c   0x08003d8c   0x00000016   Code   RO         3011    i.READ_BUTTON_B     button.o
    0x08003da2   0x08003da2   0x00000002   PAD
    0x08003da4   0x08003da4   0x000000ac   Code   RO         3012    i.READ_BUTTON_B_R1  button.o
    0x08003e50   0x08003e50   0x000000a8   Code   RO         3013    i.READ_BUTTON_B_R2  button.o
    0x08003ef8   0x08003ef8   0x000000a0   Code   RO         3014    i.READ_BUTTON_B_R3  button.o
    0x08003f98   0x08003f98   0x000000ac   Code   RO         3015    i.READ_BUTTON_B_R4  button.o
    0x08004044   0x08004044   0x00000094   Code   RO        12359    i.SPLL_1PH_SOGI_coeff_calc  sogi.o
    0x080040d8   0x080040d8   0x00000032   Code   RO        12365    i.SPLL_1PH_SOGI_config  sogi.o
    0x0800410a   0x0800410a   0x00000002   PAD
    0x0800410c   0x0800410c   0x00000058   Code   RO        12353    i.SPLL_1PH_SOGI_reset  sogi.o
    0x08004164   0x08004164   0x0000011c   Code   RO        12371    i.SPLL_1PH_SOGI_run  sogi.o
    0x08004280   0x08004280   0x0000002c   Code   RO         5231    i.StartDefaultTask  usercode.o
    0x080042ac   0x080042ac   0x0000001a   Code   RO         4566    i.SysTick_Handler   cmsis_os2.o
    0x080042c6   0x080042c6   0x00000002   PAD
    0x080042c8   0x080042c8   0x00000098   Code   RO           15    i.SystemClock_Config  main.o
    0x08004360   0x08004360   0x00000010   Code   RO         2936    i.SystemInit        system_stm32f4xx.o
    0x08004370   0x08004370   0x0000000c   Code   RO          414    i.TIM2_IRQHandler   stm32f4xx_it.o
    0x0800437c   0x0800437c   0x0000000c   Code   RO          415    i.TIM8_TRG_COM_TIM14_IRQHandler  stm32f4xx_it.o
    0x08004388   0x08004388   0x000000c8   Code   RO         2057    i.TIM_Base_SetConfig  stm32f4xx_hal_tim.o
    0x08004450   0x08004450   0x0000001a   Code   RO         2058    i.TIM_CCxChannelCmd  stm32f4xx_hal_tim.o
    0x0800446a   0x0800446a   0x0000001a   Code   RO         2707    i.TIM_CCxNChannelCmd  stm32f4xx_hal_tim_ex.o
    0x08004484   0x08004484   0x00000014   Code   RO         2068    i.TIM_ETR_SetConfig  stm32f4xx_hal_tim.o
    0x08004498   0x08004498   0x00000010   Code   RO         2069    i.TIM_ITRx_SetConfig  stm32f4xx_hal_tim.o
    0x080044a8   0x080044a8   0x00000060   Code   RO         2070    i.TIM_OC1_SetConfig  stm32f4xx_hal_tim.o
    0x08004508   0x08004508   0x0000006c   Code   RO         2071    i.TIM_OC2_SetConfig  stm32f4xx_hal_tim.o
    0x08004574   0x08004574   0x00000068   Code   RO         2072    i.TIM_OC3_SetConfig  stm32f4xx_hal_tim.o
    0x080045dc   0x080045dc   0x00000050   Code   RO         2073    i.TIM_OC4_SetConfig  stm32f4xx_hal_tim.o
    0x0800462c   0x0800462c   0x00000022   Code   RO         2075    i.TIM_TI1_ConfigInputStage  stm32f4xx_hal_tim.o
    0x0800464e   0x0800464e   0x00000024   Code   RO         2077    i.TIM_TI2_ConfigInputStage  stm32f4xx_hal_tim.o
    0x08004672   0x08004672   0x00000002   PAD
    0x08004674   0x08004674   0x000000a0   Code   RO        12228    i.UPDATE_CURRENT_NUM  current.o
    0x08004714   0x08004714   0x0000020c   Code   RO        12229    i.UPDATE_CURRENT_PID  current.o
    0x08004920   0x08004920   0x000003c0   Code   RO        12175    i.UPDATE_CURRENT_VOOTAGE_PID  current_votage.o
    0x08004ce0   0x08004ce0   0x00000134   Code   RO        12176    i.UPDATE_CURRENT_VOTAGE_NUM  current_votage.o
    0x08004e14   0x08004e14   0x000000a8   Code   RO        12230    i.UPDATE_IREF_RATO_NUM  current.o
    0x08004ebc   0x08004ebc   0x00000154   Code   RO        12231    i.UPDATE_IREF_RATO_PID  current.o
    0x08005010   0x08005010   0x00000014   Code   RO        12232    i.UPDATE_PHASE      current.o
    0x08005024   0x08005024   0x000000a0   Code   RO        12295    i.UPDATE_VOTAGE_NUM  votage.o
    0x080050c4   0x080050c4   0x00000204   Code   RO        12296    i.UPDATE_VOTAGE_PID  votage.o
    0x080052c8   0x080052c8   0x00000094   Code   RO         5232    i.USER_INIT         usercode.o
    0x0800535c   0x0800535c   0x00000002   Code   RO          416    i.UsageFault_Handler  stm32f4xx_it.o
    0x0800535e   0x0800535e   0x00000002   PAD
    0x08005360   0x08005360   0x00000024   Code   RO        12297    i.VOTAGE_PID_INIT   votage.o
    0x08005384   0x08005384   0x00000020   Code   RO         1587    i.__NVIC_SetPriority  stm32f4xx_hal_cortex.o
    0x080053a4   0x080053a4   0x00000078   Code   RO         6953    i.arm_cos_f32       arm_cos_f32.o
    0x0800541c   0x0800541c   0x00000036   Code   RO         6757    i.arm_pid_init_f32  arm_pid_init_f32.o
    0x08005452   0x08005452   0x00000002   PAD
    0x08005454   0x08005454   0x0000008c   Code   RO         7025    i.arm_sin_f32       arm_sin_f32.o
    0x080054e0   0x080054e0   0x0000004c   Code   RO           16    i.main              main.o
    0x0800552c   0x0800552c   0x00000010   Code   RO         3337    i.mypow             oled.o
    0x0800553c   0x0800553c   0x00000028   Code   RO         4582    i.osKernelInitialize  cmsis_os2.o
    0x08005564   0x08005564   0x00000038   Code   RO         4585    i.osKernelStart     cmsis_os2.o
    0x0800559c   0x0800559c   0x000000bc   Code   RO         4627    i.osThreadNew       cmsis_os2.o
    0x08005658   0x08005658   0x00000060   Code   RO         4003    i.prvAddCurrentTaskToDelayedList  tasks.o
    0x080056b8   0x080056b8   0x00000088   Code   RO         4004    i.prvAddNewTaskToReadyList  tasks.o
    0x08005740   0x08005740   0x0000005c   Code   RO         4379    i.prvCheckForValidListAndQueue  timers.o
    0x0800579c   0x0800579c   0x00000040   Code   RO         4005    i.prvCheckTasksWaitingTermination  tasks.o
    0x080057dc   0x080057dc   0x00000024   Code   RO         3590    i.prvCopyDataFromQueue  queue.o
    0x08005800   0x08005800   0x0000006e   Code   RO         3591    i.prvCopyDataToQueue  queue.o
    0x0800586e   0x0800586e   0x00000040   Code   RO         4006    i.prvDeleteTCB      tasks.o
    0x080058ae   0x080058ae   0x00000002   PAD
    0x080058b0   0x080058b0   0x00000024   Code   RO         4380    i.prvGetNextExpireTime  timers.o
    0x080058d4   0x080058d4   0x00000050   Code   RO         5091    i.prvHeapInit       heap_4.o
    0x08005924   0x08005924   0x00000028   Code   RO         4007    i.prvIdleTask       tasks.o
    0x0800594c   0x0800594c   0x00000022   Code   RO         3594    i.prvInitialiseNewQueue  queue.o
    0x0800596e   0x0800596e   0x00000094   Code   RO         4008    i.prvInitialiseNewTask  tasks.o
    0x08005a02   0x08005a02   0x00000002   PAD
    0x08005a04   0x08005a04   0x00000060   Code   RO         4009    i.prvInitialiseTaskLists  tasks.o
    0x08005a64   0x08005a64   0x0000005c   Code   RO         5092    i.prvInsertBlockIntoFreeList  heap_4.o
    0x08005ac0   0x08005ac0   0x00000048   Code   RO         4382    i.prvInsertTimerInActiveList  timers.o
    0x08005b08   0x08005b08   0x0000001a   Code   RO         3595    i.prvIsQueueEmpty   queue.o
    0x08005b22   0x08005b22   0x0000001e   Code   RO         3596    i.prvIsQueueFull    queue.o
    0x08005b40   0x08005b40   0x00000068   Code   RO         4383    i.prvProcessExpiredTimer  timers.o
    0x08005ba8   0x08005ba8   0x00000110   Code   RO         4384    i.prvProcessReceivedCommands  timers.o
    0x08005cb8   0x08005cb8   0x0000006c   Code   RO         4385    i.prvProcessTimerOrBlockTask  timers.o
    0x08005d24   0x08005d24   0x00000024   Code   RO         4011    i.prvResetNextTaskUnblockTime  tasks.o
    0x08005d48   0x08005d48   0x0000002c   Code   RO         4386    i.prvSampleTimeNow  timers.o
    0x08005d74   0x08005d74   0x00000078   Code   RO         4387    i.prvSwitchTimerLists  timers.o
    0x08005dec   0x08005dec   0x00000030   Code   RO         5147    i.prvTaskExitError  port.o
    0x08005e1c   0x08005e1c   0x00000014   Code   RO         4388    i.prvTimerTask      timers.o
    0x08005e30   0x08005e30   0x00000068   Code   RO         3597    i.prvUnlockQueue    queue.o
    0x08005e98   0x08005e98   0x000000e8   Code   RO         5093    i.pvPortMalloc      heap_4.o
    0x08005f80   0x08005f80   0x0000002c   Code   RO         5148    i.pxPortInitialiseStack  port.o
    0x08005fac   0x08005fac   0x00000026   Code   RO         3550    i.uxListRemove      list.o
    0x08005fd2   0x08005fd2   0x00000002   PAD
    0x08005fd4   0x08005fd4   0x00000014   Code   RO         4639    i.vApplicationGetIdleTaskMemory  cmsis_os2.o
    0x08005fe8   0x08005fe8   0x00000018   Code   RO         4640    i.vApplicationGetTimerTaskMemory  cmsis_os2.o
    0x08006000   0x08006000   0x00000016   Code   RO         3551    i.vListInitialise   list.o
    0x08006016   0x08006016   0x00000006   Code   RO         3552    i.vListInitialiseItem  list.o
    0x0800601c   0x0800601c   0x00000036   Code   RO         3553    i.vListInsert       list.o
    0x08006052   0x08006052   0x00000018   Code   RO         3554    i.vListInsertEnd    list.o
    0x0800606a   0x0800606a   0x00000002   PAD
    0x0800606c   0x0800606c   0x00000040   Code   RO         5150    i.vPortEnterCritical  port.o
    0x080060ac   0x080060ac   0x0000002c   Code   RO         5151    i.vPortExitCritical  port.o
    0x080060d8   0x080060d8   0x00000064   Code   RO         5094    i.vPortFree         heap_4.o
    0x0800613c   0x0800613c   0x00000024   Code   RO         5152    i.vPortSetupTimerInterrupt  port.o
    0x08006160   0x08006160   0x00000054   Code   RO         5153    i.vPortValidateInterruptPriority  port.o
    0x080061b4   0x080061b4   0x00000028   Code   RO         3603    i.vQueueAddToRegistry  queue.o
    0x080061dc   0x080061dc   0x0000004a   Code   RO         3607    i.vQueueWaitForMessageRestricted  queue.o
    0x08006226   0x08006226   0x00000002   PAD
    0x08006228   0x08006228   0x00000010   Code   RO         4029    i.vTaskInternalSetTimeOutState  tasks.o
    0x08006238   0x08006238   0x0000000c   Code   RO         4030    i.vTaskMissedYield  tasks.o
    0x08006244   0x08006244   0x00000034   Code   RO         4032    i.vTaskPlaceOnEventList  tasks.o
    0x08006278   0x08006278   0x0000003c   Code   RO         4033    i.vTaskPlaceOnEventListRestricted  tasks.o
    0x080062b4   0x080062b4   0x00000090   Code   RO         4041    i.vTaskStartScheduler  tasks.o
    0x08006344   0x08006344   0x00000010   Code   RO         4043    i.vTaskSuspendAll   tasks.o
    0x08006354   0x08006354   0x0000006c   Code   RO         4044    i.vTaskSwitchContext  tasks.o
    0x080063c0   0x080063c0   0x00000104   Code   RO         5154    i.xPortStartScheduler  port.o
    0x080064c4   0x080064c4   0x0000002c   Code   RO         5155    i.xPortSysTickHandler  port.o
    0x080064f0   0x080064f0   0x00000070   Code   RO         3613    i.xQueueGenericCreateStatic  queue.o
    0x08006560   0x08006560   0x00000090   Code   RO         3614    i.xQueueGenericReset  queue.o
    0x080065f0   0x080065f0   0x00000170   Code   RO         3615    i.xQueueGenericSend  queue.o
    0x08006760   0x08006760   0x000000be   Code   RO         3616    i.xQueueGenericSendFromISR  queue.o
    0x0800681e   0x0800681e   0x00000002   PAD
    0x08006820   0x08006820   0x00000148   Code   RO         3625    i.xQueueReceive     queue.o
    0x08006968   0x08006968   0x00000080   Code   RO         4046    i.xTaskCheckForTimeOut  tasks.o
    0x080069e8   0x080069e8   0x0000006c   Code   RO         4047    i.xTaskCreate       tasks.o
    0x08006a54   0x08006a54   0x00000060   Code   RO         4048    i.xTaskCreateStatic  tasks.o
    0x08006ab4   0x08006ab4   0x0000001c   Code   RO         4052    i.xTaskGetSchedulerState  tasks.o
    0x08006ad0   0x08006ad0   0x0000000c   Code   RO         4053    i.xTaskGetTickCount  tasks.o
    0x08006adc   0x08006adc   0x000000cc   Code   RO         4055    i.xTaskIncrementTick  tasks.o
    0x08006ba8   0x08006ba8   0x00000080   Code   RO         4058    i.xTaskPriorityDisinherit  tasks.o
    0x08006c28   0x08006c28   0x00000078   Code   RO         4060    i.xTaskRemoveFromEventList  tasks.o
    0x08006ca0   0x08006ca0   0x000000cc   Code   RO         4061    i.xTaskResumeAll    tasks.o
    0x08006d6c   0x08006d6c   0x00000068   Code   RO         4397    i.xTimerCreateTimerTask  timers.o
    0x08006dd4   0x08006dd4   0x00000074   Code   RO         4398    i.xTimerGenericCommand  timers.o
    0x08006e48   0x08006e48   0x00000062   Code   RO        12478    x$fpl$d2f           fz_wm.l(d2f.o)
    0x08006eaa   0x08006eaa   0x00000002   PAD
    0x08006eac   0x08006eac   0x00000150   Code   RO        12480    x$fpl$dadd          fz_wm.l(daddsub_clz.o)
    0x08006ffc   0x08006ffc   0x00000026   Code   RO        12492    x$fpl$dfltu         fz_wm.l(dflt_clz.o)
    0x08007022   0x08007022   0x00000002   PAD
    0x08007024   0x08007024   0x00000154   Code   RO        12498    x$fpl$dmul          fz_wm.l(dmul.o)
    0x08007178   0x08007178   0x0000009c   Code   RO        12519    x$fpl$dnaninf       fz_wm.l(dnaninf.o)
    0x08007214   0x08007214   0x0000000c   Code   RO        12521    x$fpl$dretinf       fz_wm.l(dretinf.o)
    0x08007220   0x08007220   0x000001d4   Code   RO        12482    x$fpl$dsub          fz_wm.l(daddsub_clz.o)
    0x080073f4   0x080073f4   0x00000056   Code   RO        12502    x$fpl$f2d           fz_wm.l(f2d.o)
    0x0800744a   0x0800744a   0x0000008c   Code   RO        12523    x$fpl$fnaninf       fz_wm.l(fnaninf.o)
    0x080074d6   0x080074d6   0x0000000a   Code   RO        12630    x$fpl$fpinit        fz_wm.l(fpinit.o)
    0x080074e0   0x080074e0   0x0000000a   Code   RO        12525    x$fpl$fretinf       fz_wm.l(fretinf.o)
    0x080074ea   0x080074ea   0x00000000   Code   RO        12527    x$fpl$usenofp       fz_wm.l(usenofp.o)
    0x080074ea   0x080074ea   0x00000002   PAD
    0x080074ec   0x080074ec   0x00000024   Data   RO          240    .constdata          freertos.o
    0x08007510   0x08007510   0x00000008   Data   RO         1304    .constdata          stm32f4xx_hal_dma.o
    0x08007518   0x08007518   0x00000010   Data   RO         2937    .constdata          system_stm32f4xx.o
    0x08007528   0x08007528   0x00000008   Data   RO         2938    .constdata          system_stm32f4xx.o
    0x08007530   0x08007530   0x000017c0   Data   RO         3339    .constdata          oled.o
    0x08008cf0   0x08008cf0   0x00000804   Data   RO         6215    .constdata          arm_common_tables.o
    0x080094f4   0x080094f4   0x0000000c   Data   RO          241    .conststring        freertos.o
    0x08009500   0x08009500   0x00000020   Data   RO        12688    Region$$Table       anon$$obj.o


    Execution Region RW_IRAM1 (Exec base: 0x20000000, Load base: 0x08009520, Size: 0x000059c0, Max: 0x0001c000, ABSOLUTE, COMPRESSED[0x0000001c])

    Exec Addr    Load Addr    Size         Type   Attr      Idx    E Section Name        Object

    0x20000000   COMPRESSED   0x00000004   Data   RW          242    .data               freertos.o
    0x20000004   COMPRESSED   0x0000000c   Data   RW         1731    .data               stm32f4xx_hal.o
    0x20000010   COMPRESSED   0x00000004   Data   RW         2939    .data               system_stm32f4xx.o
    0x20000014   COMPRESSED   0x000000c4   Data   RW         3017    .data               button.o
    0x200000d8   COMPRESSED   0x0000003c   Data   RW         4064    .data               tasks.o
    0x20000114   COMPRESSED   0x00000014   Data   RW         4406    .data               timers.o
    0x20000128   COMPRESSED   0x00000004   Data   RW         4642    .data               cmsis_os2.o
    0x2000012c   COMPRESSED   0x00000020   Data   RW         5100    .data               heap_4.o
    0x2000014c   COMPRESSED   0x0000000c   Data   RW         5156    .data               port.o
    0x20000158   COMPRESSED   0x00000018   Data   RW         5234    .data               usercode.o
    0x20000170   COMPRESSED   0x0000001c   Data   RW        12178    .data               current_votage.o
    0x2000018c   COMPRESSED   0x00000024   Data   RW        12234    .data               current.o
    0x200001b0   COMPRESSED   0x00000014   Data   RW        12299    .data               votage.o
    0x200001c4        -       0x00000150   Zero   RW          285    .bss                adc.o
    0x20000314        -       0x00000090   Zero   RW          358    .bss                tim.o
    0x200003a4        -       0x00000048   Zero   RW          516    .bss                stm32f4xx_hal_timebase_tim.o
    0x200003ec        -       0x00000168   Zero   RW         3016    .bss                button.o
    0x20000554        -       0x00000400   Zero   RW         3338    .bss                oled.o
    0x20000954        -       0x00000040   Zero   RW         3629    .bss                queue.o
    0x20000994        -       0x000004c4   Zero   RW         4063    .bss                tasks.o
    0x20000e58        -       0x00000118   Zero   RW         4405    .bss                timers.o
    0x20000f70        -       0x000006b8   Zero   RW         4641    .bss                cmsis_os2.o
    0x20001628        -       0x00003c00   Zero   RW         5099    .bss                heap_4.o
    0x20005228        -       0x00000020   Zero   RW         5233    .bss                usercode.o
    0x20005248        -       0x00000048   Zero   RW        12177    .bss                current_votage.o
    0x20005290        -       0x000000a8   Zero   RW        12233    .bss                current.o
    0x20005338        -       0x00000024   Zero   RW        12298    .bss                votage.o
    0x2000535c        -       0x00000060   Zero   RW        12560    .bss                c_w.l(libspace.o)
    0x200053bc   COMPRESSED   0x00000004   PAD
    0x200053c0        -       0x00000200   Zero   RW            2    HEAP                startup_stm32f407xx.o
    0x200055c0        -       0x00000400   Zero   RW            1    STACK               startup_stm32f407xx.o


    Execution Region RW_IRAM2 (Exec base: 0x2001c000, Load base: 0x0800953c, Size: 0x00000000, Max: 0x00004000, ABSOLUTE)

    **** No section assigned to this execution region ****


==============================================================================

Image component sizes


      Code (inc. data)   RO Data    RW Data    ZI Data      Debug   Object Name

       652         48          0          0        336       2810   adc.o
         0          0       2052          0          0       4676   arm_common_tables.o
       120         12          0          0          0        742   arm_cos_f32.o
        54          0          0          0          0        627   arm_pid_init_f32.o
       140         16          0          0          0        754   arm_sin_f32.o
      2420        346          0        196        360      23394   button.o
       942         56          0          0          0       1399   button_display.o
       354         24          0          4       1720      64149   cmsis_os2.o
      2008        184          0         36        168       5763   current.o
      1696        114          0         28         72      16651   current_votage.o
       408          0          0          0          0       2023   customoled.o
        60          4          0          0          0        786   dma.o
         0          0          0          0          0      19452   event_groups.o
        32         14         48          4          0       1218   freertos.o
       328         24          0          0          0       1111   gpio.o
       504         32          0         32      15360       5027   heap_4.o
       144          0          0          0          0       3586   list.o
       252         16          0          0          0     709120   main.o
       918         44       6080          0       1024       7242   oled.o
       814         92          0         12          0      11649   port.o
        48         10          0          0          0        504   protect.o
      1596         24          0          0         64      17752   queue.o
       570         22          0          0          0       3796   sogi.o
        64         26        392          0       1536        844   startup_stm32f407xx.o
       116         18          0         12          0       8730   stm32f4xx_hal.o
      1198         66          0          0          0       6906   stm32f4xx_hal_adc.o
       158         14          0          0          0      33162   stm32f4xx_hal_cortex.o
       902         16          8          0          0       5815   stm32f4xx_hal_dma.o
       516         46          0          0          0       2851   stm32f4xx_hal_gpio.o
        56          4          0          0          0        870   stm32f4xx_hal_msp.o
      1380         74          0          0          0       5306   stm32f4xx_hal_rcc.o
      2140        166          0          0          0      17623   stm32f4xx_hal_tim.o
       450         56          0          0          0       4744   stm32f4xx_hal_tim_ex.o
       152         20          0          0         72       1484   stm32f4xx_hal_timebase_tim.o
        60         24          0          0          0       4715   stm32f4xx_it.o
         0          0          0          0          0        392   stream_buffer.o
        16          4         24          4          0       1127   system_stm32f4xx.o
      2116        184          0         60       1220      27073   tasks.o
       580         38          0          0        144       3289   tim.o
      1088         94          0         20        280      33147   timers.o
       778        158          0         24         32      18657   usercode.o
       984        102          0         20         36       2738   votage.o

    ----------------------------------------------------------------------
     26858       2192       8636        452      22424    1083704   Object Totals
         0          0         32          0          0          0   (incl. Generated)
        44          0          0          0          0          0   (incl. Padding)

    ----------------------------------------------------------------------

      Code (inc. data)   RO Data    RW Data    ZI Data      Debug   Library Member Name

        90          0          0          0          0          0   __dczerorl2.o
         8          0          0          0          0         68   __main.o
         0          0          0          0          0          0   __rtentry.o
        12          0          0          0          0          0   __rtentry2.o
         6          0          0          0          0          0   __rtentry4.o
        52          8          0          0          0          0   __scatter.o
        28          0          0          0          0          0   __scatter_zi.o
        16          0          0          0          0         68   aeabi_memset.o
        18          0          0          0          0         80   exit.o
         6          0          0          0          0        152   heapauxi.o
         0          0          0          0          0          0   indicate_semi.o
         2          0          0          0          0          0   libinit.o
         6          0          0          0          0          0   libinit2.o
         2          0          0          0          0          0   libshutdown.o
         2          0          0          0          0          0   libshutdown2.o
         8          4          0          0         96         68   libspace.o
       238          0          0          0          0        100   lludivv7m.o
        68          0          0          0          0         68   rt_memclr.o
        78          0          0          0          0         80   rt_memclr_w.o
       138          0          0          0          0         68   rt_memcpy_v6.o
       100          0          0          0          0         80   rt_memcpy_w.o
         2          0          0          0          0          0   rtexit.o
        10          0          0          0          0          0   rtexit2.o
        12          4          0          0          0         68   sys_exit.o
        74          0          0          0          0         80   sys_stackheap_outer.o
         2          0          0          0          0         68   use_no_semi.o
        98          4          0          0          0        140   d2f.o
       804         16          0          0          0        368   daddsub_clz.o
        38          0          0          0          0        116   dflt_clz.o
       340         12          0          0          0        152   dmul.o
       156          4          0          0          0        140   dnaninf.o
        12          0          0          0          0        116   dretinf.o
        86          4          0          0          0        132   f2d.o
       140          4          0          0          0        132   fnaninf.o
        10          0          0          0          0        116   fpinit.o
        10          0          0          0          0        116   fretinf.o
         0          0          0          0          0          0   usenofp.o

    ----------------------------------------------------------------------
      2682         60          0          0        100       2576   Library Totals
        10          0          0          0          4          0   (incl. Padding)

    ----------------------------------------------------------------------

      Code (inc. data)   RO Data    RW Data    ZI Data      Debug   Library Name

       978         16          0          0         96       1048   c_w.l
      1694         44          0          0          0       1528   fz_wm.l

    ----------------------------------------------------------------------
      2682         60          0          0        100       2576   Library Totals

    ----------------------------------------------------------------------

==============================================================================


      Code (inc. data)   RO Data    RW Data    ZI Data      Debug   

     29540       2252       8636        452      22524    1061312   Grand Totals
     29540       2252       8636         28      22524    1061312   ELF Image Totals (compressed)
     29540       2252       8636         28          0          0   ROM Totals

==============================================================================

    Total RO  Size (Code + RO Data)                38176 (  37.28kB)
    Total RW  Size (RW Data + ZI Data)             22976 (  22.44kB)
    Total ROM Size (Code + RO Data + RW Data)      38204 (  37.31kB)

==============================================================================

