Archive member included to satisfy reference by file (symbol)

/Users/luban/.local/xPacks/arm-none-eabi-gcc/xpack-arm-none-eabi-gcc-13.2.1-1.1/bin/../lib/gcc/arm-none-eabi/13.2.1/../../../../arm-none-eabi/lib/thumb/v7e-m+fp/hard/libc_nano.a(libc_a-atexit.o)
                              /Users/luban/.local/xPacks/arm-none-eabi-gcc/xpack-arm-none-eabi-gcc-13.2.1-1.1/bin/../lib/gcc/arm-none-eabi/13.2.1/../../../../arm-none-eabi/lib/thumb/v7e-m+fp/hard/crt0.o (atexit)
/Users/luban/.local/xPacks/arm-none-eabi-gcc/xpack-arm-none-eabi-gcc-13.2.1-1.1/bin/../lib/gcc/arm-none-eabi/13.2.1/../../../../arm-none-eabi/lib/thumb/v7e-m+fp/hard/libc_nano.a(libc_a-exit.o)
                              /Users/luban/.local/xPacks/arm-none-eabi-gcc/xpack-arm-none-eabi-gcc-13.2.1-1.1/bin/../lib/gcc/arm-none-eabi/13.2.1/../../../../arm-none-eabi/lib/thumb/v7e-m+fp/hard/crt0.o (exit)
/Users/luban/.local/xPacks/arm-none-eabi-gcc/xpack-arm-none-eabi-gcc-13.2.1-1.1/bin/../lib/gcc/arm-none-eabi/13.2.1/../../../../arm-none-eabi/lib/thumb/v7e-m+fp/hard/libc_nano.a(libc_a-findfp.o)
                              /Users/luban/.local/xPacks/arm-none-eabi-gcc/xpack-arm-none-eabi-gcc-13.2.1-1.1/bin/../lib/gcc/arm-none-eabi/13.2.1/../../../../arm-none-eabi/lib/thumb/v7e-m+fp/hard/libc_nano.a(libc_a-exit.o) (__stdio_exit_handler)
/Users/luban/.local/xPacks/arm-none-eabi-gcc/xpack-arm-none-eabi-gcc-13.2.1-1.1/bin/../lib/gcc/arm-none-eabi/13.2.1/../../../../arm-none-eabi/lib/thumb/v7e-m+fp/hard/libc_nano.a(libc_a-fwalk.o)
                              /Users/luban/.local/xPacks/arm-none-eabi-gcc/xpack-arm-none-eabi-gcc-13.2.1-1.1/bin/../lib/gcc/arm-none-eabi/13.2.1/../../../../arm-none-eabi/lib/thumb/v7e-m+fp/hard/libc_nano.a(libc_a-findfp.o) (_fwalk_sglue)
/Users/luban/.local/xPacks/arm-none-eabi-gcc/xpack-arm-none-eabi-gcc-13.2.1-1.1/bin/../lib/gcc/arm-none-eabi/13.2.1/../../../../arm-none-eabi/lib/thumb/v7e-m+fp/hard/libc_nano.a(libc_a-memset.o)
                              /Users/luban/.local/xPacks/arm-none-eabi-gcc/xpack-arm-none-eabi-gcc-13.2.1-1.1/bin/../lib/gcc/arm-none-eabi/13.2.1/../../../../arm-none-eabi/lib/thumb/v7e-m+fp/hard/crt0.o (memset)
/Users/luban/.local/xPacks/arm-none-eabi-gcc/xpack-arm-none-eabi-gcc-13.2.1-1.1/bin/../lib/gcc/arm-none-eabi/13.2.1/../../../../arm-none-eabi/lib/thumb/v7e-m+fp/hard/libc_nano.a(libc_a-impure.o)
                              /Users/luban/.local/xPacks/arm-none-eabi-gcc/xpack-arm-none-eabi-gcc-13.2.1-1.1/bin/../lib/gcc/arm-none-eabi/13.2.1/../../../../arm-none-eabi/lib/thumb/v7e-m+fp/hard/libc_nano.a(libc_a-findfp.o) (_impure_data)
/Users/luban/.local/xPacks/arm-none-eabi-gcc/xpack-arm-none-eabi-gcc-13.2.1-1.1/bin/../lib/gcc/arm-none-eabi/13.2.1/../../../../arm-none-eabi/lib/thumb/v7e-m+fp/hard/libc_nano.a(libc_a-errno.o)
                              build/sysmem.o (__errno)
/Users/luban/.local/xPacks/arm-none-eabi-gcc/xpack-arm-none-eabi-gcc-13.2.1-1.1/bin/../lib/gcc/arm-none-eabi/13.2.1/../../../../arm-none-eabi/lib/thumb/v7e-m+fp/hard/libc_nano.a(libc_a-init.o)
                              /Users/luban/.local/xPacks/arm-none-eabi-gcc/xpack-arm-none-eabi-gcc-13.2.1-1.1/bin/../lib/gcc/arm-none-eabi/13.2.1/../../../../arm-none-eabi/lib/thumb/v7e-m+fp/hard/crt0.o (__libc_init_array)
/Users/luban/.local/xPacks/arm-none-eabi-gcc/xpack-arm-none-eabi-gcc-13.2.1-1.1/bin/../lib/gcc/arm-none-eabi/13.2.1/../../../../arm-none-eabi/lib/thumb/v7e-m+fp/hard/libc_nano.a(libc_a-fini.o)
                              /Users/luban/.local/xPacks/arm-none-eabi-gcc/xpack-arm-none-eabi-gcc-13.2.1-1.1/bin/../lib/gcc/arm-none-eabi/13.2.1/../../../../arm-none-eabi/lib/thumb/v7e-m+fp/hard/crt0.o (__libc_fini_array)
/Users/luban/.local/xPacks/arm-none-eabi-gcc/xpack-arm-none-eabi-gcc-13.2.1-1.1/bin/../lib/gcc/arm-none-eabi/13.2.1/../../../../arm-none-eabi/lib/thumb/v7e-m+fp/hard/libc_nano.a(libc_a-lock.o)
                              /Users/luban/.local/xPacks/arm-none-eabi-gcc/xpack-arm-none-eabi-gcc-13.2.1-1.1/bin/../lib/gcc/arm-none-eabi/13.2.1/../../../../arm-none-eabi/lib/thumb/v7e-m+fp/hard/libc_nano.a(libc_a-findfp.o) (__retarget_lock_init_recursive)
/Users/luban/.local/xPacks/arm-none-eabi-gcc/xpack-arm-none-eabi-gcc-13.2.1-1.1/bin/../lib/gcc/arm-none-eabi/13.2.1/../../../../arm-none-eabi/lib/thumb/v7e-m+fp/hard/libc_nano.a(libc_a-memcpy-stub.o)
                              build/queue.o (memcpy)
/Users/luban/.local/xPacks/arm-none-eabi-gcc/xpack-arm-none-eabi-gcc-13.2.1-1.1/bin/../lib/gcc/arm-none-eabi/13.2.1/../../../../arm-none-eabi/lib/thumb/v7e-m+fp/hard/libc_nano.a(libc_a-__atexit.o)
                              /Users/luban/.local/xPacks/arm-none-eabi-gcc/xpack-arm-none-eabi-gcc-13.2.1-1.1/bin/../lib/gcc/arm-none-eabi/13.2.1/../../../../arm-none-eabi/lib/thumb/v7e-m+fp/hard/libc_nano.a(libc_a-atexit.o) (__register_exitproc)
[...]
Memory Configuration

Name             Origin             Length             Attributes
RAM              0x20000000         0x00020000         xrw
CCMRAM           0x10000000         0x00010000         xrw
FLASH            0x08000000         0x00080000         xr
*default*        0x00000000         0xffffffff

Linker script and memory map

LOAD /Users/luban/.local/xPacks/arm-none-eabi-gcc/xpack-arm-none-eabi-gcc-13.2.1-1.1/bin/../lib/gcc/arm-none-eabi/13.2.1/thumb/v7e-m+fp/hard/crti.o
LOAD /Users/luban/.local/xPacks/arm-none-eabi-gcc/xpack-arm-none-eabi-gcc-13.2.1-1.1/bin/../lib/gcc/arm-none-eabi/13.2.1/thumb/v7e-m+fp/hard/crtbegin.o
LOAD /Users/luban/.local/xPacks/arm-none-eabi-gcc/xpack-arm-none-eabi-gcc-13.2.1-1.1/bin/../lib/gcc/arm-none-eabi/13.2.1/../../../../arm-none-eabi/lib/thumb/v7e-m+fp/hard/crt0.o
LOAD build/main.o
LOAD build/gpio.o
LOAD build/freertos.o
LOAD build/adc.o
LOAD build/dma.o
LOAD build/tim.o
LOAD build/stm32f4xx_it.o
LOAD build/stm32f4xx_hal_msp.o
LOAD build/stm32f4xx_hal_timebase_tim.o
LOAD build/stm32f4xx_hal_adc.o
LOAD build/stm32f4xx_hal_adc_ex.o
LOAD build/stm32f4xx_ll_adc.o
LOAD build/stm32f4xx_hal_rcc.o
LOAD build/stm32f4xx_hal_rcc_ex.o
LOAD build/stm32f4xx_hal_flash.o
LOAD build/stm32f4xx_hal_flash_ex.o
LOAD build/stm32f4xx_hal_flash_ramfunc.o
LOAD build/stm32f4xx_hal_gpio.o
LOAD build/stm32f4xx_hal_dma_ex.o
LOAD build/stm32f4xx_hal_dma.o
LOAD build/stm32f4xx_hal_pwr.o
LOAD build/stm32f4xx_hal_pwr_ex.o
LOAD build/stm32f4xx_hal_cortex.o
LOAD build/stm32f4xx_hal.o
LOAD build/stm32f4xx_hal_exti.o
LOAD build/stm32f4xx_hal_tim.o
LOAD build/stm32f4xx_hal_tim_ex.o
LOAD build/system_stm32f4xx.o
LOAD build/croutine.o
LOAD build/event_groups.o
LOAD build/list.o
LOAD build/queue.o
LOAD build/stream_buffer.o
LOAD build/tasks.o
LOAD build/timers.o
LOAD build/cmsis_os2.o
LOAD build/heap_4.o
LOAD build/port.o
LOAD build/sysmem.o
LOAD build/syscalls.o
LOAD build/button_display.o
LOAD build/button.o
LOAD build/current_votage.o
LOAD build/current.o
LOAD build/votage.o
LOAD build/arm_abs_f32.o
LOAD build/arm_abs_q15.o
LOAD build/arm_abs_q31.o
LOAD build/arm_abs_q7.o
LOAD build/arm_add_f32.o
LOAD build/arm_add_q15.o
LOAD build/arm_add_q31.o
LOAD build/arm_add_q7.o
LOAD build/arm_dot_prod_f32.o
LOAD build/arm_dot_prod_q15.o
LOAD build/arm_dot_prod_q31.o
LOAD build/arm_dot_prod_q7.o
LOAD build/arm_mult_f32.o
LOAD build/arm_mult_q15.o
LOAD build/arm_mult_q31.o
LOAD build/arm_mult_q7.o
LOAD build/arm_negate_f32.o
LOAD build/arm_negate_q15.o
LOAD build/arm_negate_q31.o
LOAD build/arm_negate_q7.o
LOAD build/arm_offset_f32.o
LOAD build/arm_offset_q15.o
LOAD build/arm_offset_q31.o
LOAD build/arm_offset_q7.o
LOAD build/arm_scale_f32.o
LOAD build/arm_scale_q15.o
LOAD build/arm_scale_q31.o
LOAD build/arm_scale_q7.o
LOAD build/arm_shift_q15.o
LOAD build/arm_shift_q31.o
LOAD build/arm_shift_q7.o
LOAD build/arm_sub_f32.o
LOAD build/arm_sub_q15.o
LOAD build/arm_sub_q31.o
LOAD build/arm_sub_q7.o
LOAD build/arm_common_tables.o
LOAD build/arm_const_structs.o
LOAD build/arm_cmplx_conj_f32.o
LOAD build/arm_cmplx_conj_q15.o
LOAD build/arm_cmplx_conj_q31.o
LOAD build/arm_cmplx_dot_prod_f32.o
LOAD build/arm_cmplx_dot_prod_q15.o
LOAD build/arm_cmplx_dot_prod_q31.o
LOAD build/arm_cmplx_mag_f32.o
LOAD build/arm_cmplx_mag_q15.o
LOAD build/arm_cmplx_mag_q31.o
LOAD build/arm_cmplx_mag_squared_f32.o
LOAD build/arm_cmplx_mag_squared_q15.o
LOAD build/arm_cmplx_mag_squared_q31.o
LOAD build/arm_cmplx_mult_cmplx_f32.o
LOAD build/arm_cmplx_mult_cmplx_q15.o
LOAD build/arm_cmplx_mult_cmplx_q31.o
LOAD build/arm_cmplx_mult_real_f32.o
LOAD build/arm_cmplx_mult_real_q15.o
LOAD build/arm_cmplx_mult_real_q31.o
LOAD build/arm_pid_init_f32.o
LOAD build/arm_pid_init_q15.o
LOAD build/arm_pid_init_q31.o
LOAD build/arm_pid_reset_f32.o
LOAD build/arm_pid_reset_q15.o
LOAD build/arm_pid_reset_q31.o
LOAD build/arm_sin_cos_f32.o
LOAD build/arm_sin_cos_q31.o
LOAD build/arm_cos_f32.o
LOAD build/arm_cos_q15.o
LOAD build/arm_cos_q31.o
LOAD build/arm_sin_f32.o
LOAD build/arm_sin_q15.o
LOAD build/arm_sin_q31.o
LOAD build/arm_sqrt_q15.o
LOAD build/arm_sqrt_q31.o
LOAD build/arm_biquad_cascade_df1_32x64_init_q31.o
LOAD build/arm_biquad_cascade_df1_32x64_q31.o
LOAD build/arm_biquad_cascade_df1_f32.o
LOAD build/arm_biquad_cascade_df1_fast_q15.o
LOAD build/arm_biquad_cascade_df1_fast_q31.o
LOAD build/arm_biquad_cascade_df1_init_f32.o
LOAD build/arm_biquad_cascade_df1_init_q15.o
LOAD build/arm_biquad_cascade_df1_init_q31.o
LOAD build/arm_biquad_cascade_df1_q15.o
LOAD build/arm_biquad_cascade_df1_q31.o
LOAD build/arm_biquad_cascade_df2T_f32.o
LOAD build/arm_biquad_cascade_df2T_f64.o
LOAD build/arm_biquad_cascade_df2T_init_f32.o
LOAD build/arm_biquad_cascade_df2T_init_f64.o
LOAD build/arm_biquad_cascade_stereo_df2T_f32.o
LOAD build/arm_biquad_cascade_stereo_df2T_init_f32.o
LOAD build/arm_conv_f32.o
LOAD build/arm_conv_fast_opt_q15.o
LOAD build/arm_conv_fast_q15.o
LOAD build/arm_conv_fast_q31.o
LOAD build/arm_conv_opt_q15.o
LOAD build/arm_conv_opt_q7.o
LOAD build/arm_conv_partial_f32.o
LOAD build/arm_conv_partial_fast_opt_q15.o
LOAD build/arm_conv_partial_fast_q15.o
LOAD build/arm_conv_partial_fast_q31.o
LOAD build/arm_conv_partial_opt_q15.o
LOAD build/arm_conv_partial_opt_q7.o
LOAD build/arm_conv_partial_q15.o
LOAD build/arm_conv_partial_q31.o
LOAD build/arm_conv_partial_q7.o
LOAD build/arm_conv_q15.o
LOAD build/arm_conv_q31.o
LOAD build/arm_conv_q7.o
LOAD build/arm_correlate_f32.o
LOAD build/arm_correlate_fast_opt_q15.o
LOAD build/arm_correlate_fast_q15.o
LOAD build/arm_correlate_fast_q31.o
LOAD build/arm_correlate_opt_q15.o
LOAD build/arm_correlate_opt_q7.o
LOAD build/arm_correlate_q15.o
LOAD build/arm_correlate_q31.o
LOAD build/arm_correlate_q7.o
LOAD build/arm_fir_decimate_f32.o
LOAD build/arm_fir_decimate_fast_q15.o
LOAD build/arm_fir_decimate_fast_q31.o
LOAD build/arm_fir_decimate_init_f32.o
LOAD build/arm_fir_decimate_init_q15.o
LOAD build/arm_fir_decimate_init_q31.o
LOAD build/arm_fir_decimate_q15.o
LOAD build/arm_fir_decimate_q31.o
LOAD build/arm_fir_f32.o
LOAD build/arm_fir_fast_q15.o
LOAD build/arm_fir_fast_q31.o
LOAD build/arm_fir_init_f32.o
LOAD build/arm_fir_init_q15.o
LOAD build/arm_fir_init_q31.o
LOAD build/arm_fir_init_q7.o
LOAD build/arm_fir_interpolate_f32.o
LOAD build/arm_fir_interpolate_init_f32.o
LOAD build/arm_fir_interpolate_init_q15.o
LOAD build/arm_fir_interpolate_init_q31.o
LOAD build/arm_fir_interpolate_q15.o
LOAD build/arm_fir_interpolate_q31.o
LOAD build/arm_fir_lattice_f32.o
LOAD build/arm_fir_lattice_init_f32.o
LOAD build/arm_fir_lattice_init_q15.o
LOAD build/arm_fir_lattice_init_q31.o
LOAD build/arm_fir_lattice_q15.o
LOAD build/arm_fir_lattice_q31.o
LOAD build/arm_fir_q15.o
LOAD build/arm_fir_q31.o
LOAD build/arm_fir_q7.o
LOAD build/arm_fir_sparse_f32.o
LOAD build/arm_fir_sparse_init_f32.o
LOAD build/arm_fir_sparse_init_q15.o
LOAD build/arm_fir_sparse_init_q31.o
LOAD build/arm_fir_sparse_init_q7.o
LOAD build/arm_fir_sparse_q15.o
LOAD build/arm_fir_sparse_q31.o
LOAD build/arm_fir_sparse_q7.o
LOAD build/arm_iir_lattice_f32.o
LOAD build/arm_iir_lattice_init_f32.o
LOAD build/arm_iir_lattice_init_q15.o
LOAD build/arm_iir_lattice_init_q31.o
LOAD build/arm_iir_lattice_q15.o
LOAD build/arm_iir_lattice_q31.o
LOAD build/arm_lms_f32.o
LOAD build/arm_lms_init_f32.o
LOAD build/arm_lms_init_q15.o
LOAD build/arm_lms_init_q31.o
LOAD build/arm_lms_norm_f32.o
LOAD build/arm_lms_norm_init_f32.o
LOAD build/arm_lms_norm_init_q15.o
LOAD build/arm_lms_norm_init_q31.o
LOAD build/arm_lms_norm_q15.o
LOAD build/arm_lms_norm_q31.o
LOAD build/arm_lms_q15.o
LOAD build/arm_lms_q31.o
LOAD build/arm_mat_add_f32.o
LOAD build/arm_mat_add_q15.o
LOAD build/arm_mat_add_q31.o
LOAD build/arm_mat_cmplx_mult_f32.o
LOAD build/arm_mat_cmplx_mult_q15.o
LOAD build/arm_mat_cmplx_mult_q31.o
LOAD build/arm_mat_init_f32.o
LOAD build/arm_mat_init_q15.o
LOAD build/arm_mat_init_q31.o
LOAD build/arm_mat_inverse_f32.o
LOAD build/arm_mat_inverse_f64.o
LOAD build/arm_mat_mult_f32.o
LOAD build/arm_mat_mult_fast_q15.o
LOAD build/arm_mat_mult_fast_q31.o
LOAD build/arm_mat_mult_q15.o
LOAD build/arm_mat_mult_q31.o
LOAD build/arm_mat_scale_f32.o
LOAD build/arm_mat_scale_q15.o
LOAD build/arm_mat_scale_q31.o
LOAD build/arm_mat_sub_f32.o
LOAD build/arm_mat_sub_q15.o
LOAD build/arm_mat_sub_q31.o
LOAD build/arm_mat_trans_f32.o
LOAD build/arm_mat_trans_q15.o
LOAD build/arm_mat_trans_q31.o
LOAD build/arm_max_f32.o
LOAD build/arm_max_q15.o
LOAD build/arm_max_q31.o
LOAD build/arm_max_q7.o
LOAD build/arm_mean_f32.o
LOAD build/arm_mean_q15.o
LOAD build/arm_mean_q31.o
LOAD build/arm_mean_q7.o
LOAD build/arm_min_f32.o
LOAD build/arm_min_q15.o
LOAD build/arm_min_q31.o
LOAD build/arm_min_q7.o
LOAD build/arm_power_f32.o
LOAD build/arm_power_q15.o
LOAD build/arm_power_q31.o
LOAD build/arm_power_q7.o
LOAD build/arm_rms_f32.o
LOAD build/arm_rms_q15.o
LOAD build/arm_rms_q31.o
LOAD build/arm_std_f32.o
LOAD build/arm_std_q15.o
LOAD build/arm_std_q31.o
LOAD build/arm_var_f32.o
LOAD build/arm_var_q15.o
LOAD build/arm_var_q31.o
LOAD build/arm_copy_f32.o
LOAD build/arm_copy_q15.o
LOAD build/arm_copy_q31.o
LOAD build/arm_copy_q7.o
LOAD build/arm_fill_f32.o
LOAD build/arm_fill_q15.o
LOAD build/arm_fill_q31.o
LOAD build/arm_fill_q7.o
LOAD build/arm_float_to_q15.o
LOAD build/arm_float_to_q31.o
LOAD build/arm_float_to_q7.o
LOAD build/arm_q15_to_float.o
LOAD build/arm_q15_to_q31.o
LOAD build/arm_q15_to_q7.o
LOAD build/arm_q31_to_float.o
LOAD build/arm_q31_to_q15.o
LOAD build/arm_q31_to_q7.o
LOAD build/arm_q7_to_float.o
LOAD build/arm_q7_to_q15.o
LOAD build/arm_q7_to_q31.o
LOAD build/arm_bitreversal.o
LOAD build/arm_cfft_f32.o
LOAD build/arm_cfft_q15.o
LOAD build/arm_cfft_q31.o
LOAD build/arm_cfft_radix2_f32.o
LOAD build/arm_cfft_radix2_init_f32.o
LOAD build/arm_cfft_radix2_init_q15.o
LOAD build/arm_cfft_radix2_init_q31.o
LOAD build/arm_cfft_radix2_q15.o
LOAD build/arm_cfft_radix2_q31.o
LOAD build/arm_cfft_radix4_f32.o
LOAD build/arm_cfft_radix4_init_f32.o
LOAD build/arm_cfft_radix4_init_q15.o
LOAD build/arm_cfft_radix4_init_q31.o
LOAD build/arm_cfft_radix4_q15.o
LOAD build/arm_cfft_radix4_q31.o
LOAD build/arm_cfft_radix8_f32.o
LOAD build/arm_dct4_f32.o
LOAD build/arm_dct4_init_f32.o
LOAD build/arm_dct4_init_q15.o
LOAD build/arm_dct4_init_q31.o
LOAD build/arm_dct4_q15.o
LOAD build/arm_dct4_q31.o
LOAD build/arm_rfft_f32.o
LOAD build/arm_rfft_fast_f32.o
LOAD build/arm_rfft_fast_init_f32.o
LOAD build/arm_rfft_init_f32.o
LOAD build/arm_rfft_init_q15.o
LOAD build/arm_rfft_init_q31.o
LOAD build/arm_rfft_q15.o
LOAD build/arm_rfft_q31.o
LOAD build/customoled.o
LOAD build/oled.o
LOAD build/pr.o
LOAD build/protect.o
LOAD build/sogi.o
LOAD build/usercode.o
LOAD build/startup_stm32f407xx.o
LOAD build/arm_bitreversal2.o
LOAD /Users/luban/.local/xPacks/arm-none-eabi-gcc/xpack-arm-none-eabi-gcc-13.2.1-1.1/bin/../lib/gcc/arm-none-eabi/13.2.1/../../../../arm-none-eabi/lib/thumb/v7e-m+fp/hard/libc_nano.a
LOAD /Users/luban/.local/xPacks/arm-none-eabi-gcc/xpack-arm-none-eabi-gcc-13.2.1-1.1/bin/../lib/gcc/arm-none-eabi/13.2.1/../../../../arm-none-eabi/lib/thumb/v7e-m+fp/hard/libm.a
LOAD /Users/luban/.local/xPacks/arm-none-eabi-gcc/xpack-arm-none-eabi-gcc-13.2.1-1.1/bin/../lib/gcc/arm-none-eabi/13.2.1/../../../../arm-none-eabi/lib/thumb/v7e-m+fp/hard/libnosys.a
START GROUP
LOAD /Users/luban/.local/xPacks/arm-none-eabi-gcc/xpack-arm-none-eabi-gcc-13.2.1-1.1/bin/../lib/gcc/arm-none-eabi/13.2.1/thumb/v7e-m+fp/hard/libgcc.a
LOAD /Users/luban/.local/xPacks/arm-none-eabi-gcc/xpack-arm-none-eabi-gcc-13.2.1-1.1/bin/../lib/gcc/arm-none-eabi/13.2.1/../../../../arm-none-eabi/lib/thumb/v7e-m+fp/hard/libc_nano.a
END GROUP
START GROUP
LOAD /Users/luban/.local/xPacks/arm-none-eabi-gcc/xpack-arm-none-eabi-gcc-13.2.1-1.1/bin/../lib/gcc/arm-none-eabi/13.2.1/thumb/v7e-m+fp/hard/libgcc.a
LOAD /Users/luban/.local/xPacks/arm-none-eabi-gcc/xpack-arm-none-eabi-gcc-13.2.1-1.1/bin/../lib/gcc/arm-none-eabi/13.2.1/../../../../arm-none-eabi/lib/thumb/v7e-m+fp/hard/libc_nano.a
END GROUP
LOAD /Users/luban/.local/xPacks/arm-none-eabi-gcc/xpack-arm-none-eabi-gcc-13.2.1-1.1/bin/../lib/gcc/arm-none-eabi/13.2.1/thumb/v7e-m+fp/hard/crtend.o
LOAD /Users/luban/.local/xPacks/arm-none-eabi-gcc/xpack-arm-none-eabi-gcc-13.2.1-1.1/bin/../lib/gcc/arm-none-eabi/13.2.1/thumb/v7e-m+fp/hard/crtn.o
                0x20020000                        _estack = (ORIGIN (RAM) + LENGTH (RAM))
                0x00000200                        _Min_Heap_Size = 0x200
                0x00000400                        _Min_Stack_Size = 0x400

.isr_vector     0x08000000      0x188
                0x08000000                        . = ALIGN (0x4)
 *(.isr_vector)
 .isr_vector    0x08000000      0x188 build/startup_stm32f407xx.o
                0x08000000                g_pfnVectors
                0x08000188                        . = ALIGN (0x4)

.text           0x08000190     0x867c
                0x08000190                        . = ALIGN (0x4)
 *(.text)
 .text          0x08000190      0x378 /Users/luban/.local/xPacks/arm-none-eabi-gcc/xpack-arm-none-eabi-gcc-13.2.1-1.1/bin/../lib/gcc/arm-none-eabi/13.2.1/thumb/v7e-m+fp/hard/libgcc.a(_arm_addsubdf3.o)
                0x08000190                __aeabi_drsub
                0x08000198                __subdf3
                0x08000198                __aeabi_dsub
                0x0800019c                __aeabi_dadd
                0x0800019c                __adddf3
                0x08000414                __aeabi_ui2d
                0x08000414                __floatunsidf
                0x08000434                __floatsidf
                0x08000434                __aeabi_i2d
                0x08000458                __extendsfdf2
                0x08000458                __aeabi_f2d
                0x0800049c                __aeabi_ul2d
                0x0800049c                __floatundidf
                0x080004ac                __aeabi_l2d
                0x080004ac                __floatdidf
 .text          0x08000508      0x424 /Users/luban/.local/xPacks/arm-none-eabi-gcc/xpack-arm-none-eabi-gcc-13.2.1-1.1/bin/../lib/gcc/arm-none-eabi/13.2.1/thumb/v7e-m+fp/hard/libgcc.a(_arm_muldivdf3.o)
                0x08000508                __aeabi_dmul
                0x08000508                __muldf3
                0x0800075c                __aeabi_ddiv
                0x0800075c                __divdf3
 .text          0x0800092c      0x110 /Users/luban/.local/xPacks/arm-none-eabi-gcc/xpack-arm-none-eabi-gcc-13.2.1-1.1/bin/../lib/gcc/arm-none-eabi/13.2.1/thumb/v7e-m+fp/hard/libgcc.a(_arm_cmpdf2.o)
                0x0800092c                __gedf2
                0x0800092c                __gtdf2
                0x08000934                __ledf2
                0x08000934                __ltdf2
                0x0800093c                __cmpdf2
                0x0800093c                __eqdf2
                0x0800093c                __nedf2
                0x080009b8                __aeabi_cdrcmple
                0x080009c8                __aeabi_cdcmple
                0x080009c8                __aeabi_cdcmpeq
                0x080009d8                __aeabi_dcmpeq
                0x080009ec                __aeabi_dcmplt
                0x08000a00                __aeabi_dcmple
                0x08000a14                __aeabi_dcmpge
                0x08000a28                __aeabi_dcmpgt
 .text          0x08000a3c       0x40 /Users/luban/.local/xPacks/arm-none-eabi-gcc/xpack-arm-none-eabi-gcc-13.2.1-1.1/bin/../lib/gcc/arm-none-eabi/13.2.1/thumb/v7e-m+fp/hard/libgcc.a(_arm_fixunsdfsi.o)
                0x08000a3c                __fixunsdfsi
                0x08000a3c                __aeabi_d2uiz
 .text          0x08000a7c       0xa0 /Users/luban/.local/xPacks/arm-none-eabi-gcc/xpack-arm-none-eabi-gcc-13.2.1-1.1/bin/../lib/gcc/arm-none-eabi/13.2.1/thumb/v7e-m+fp/hard/libgcc.a(_arm_truncdfsf2.o)
                0x08000a7c                __aeabi_d2f
                0x08000a7c                __truncdfsf2
 .text          0x08000b1c       0x30 /Users/luban/.local/xPacks/arm-none-eabi-gcc/xpack-arm-none-eabi-gcc-13.2.1-1.1/bin/../lib/gcc/arm-none-eabi/13.2.1/thumb/v7e-m+fp/hard/libgcc.a(_aeabi_uldivmod.o)
                0x08000b1c                __aeabi_uldivmod
 .text          0x08000b4c        0x4 /Users/luban/.local/xPacks/arm-none-eabi-gcc/xpack-arm-none-eabi-gcc-13.2.1-1.1/bin/../lib/gcc/arm-none-eabi/13.2.1/thumb/v7e-m+fp/hard/libgcc.a(_dvmd_tls.o)
                0x08000b4c                __aeabi_ldiv0
                0x08000b4c                __aeabi_idiv0
 *(.text*)
 .text.__do_global_dtors_aux
                0x08000b50       0x24 /Users/luban/.local/xPacks/arm-none-eabi-gcc/xpack-arm-none-eabi-gcc-13.2.1-1.1/bin/../lib/gcc/arm-none-eabi/13.2.1/thumb/v7e-m+fp/hard/crtbegin.o
 .text.frame_dummy
                0x08000b74       0x1c /Users/luban/.local/xPacks/arm-none-eabi-gcc/xpack-arm-none-eabi-gcc-13.2.1-1.1/bin/../lib/gcc/arm-none-eabi/13.2.1/thumb/v7e-m+fp/hard/crtbegin.o
 .text.HAL_TIM_PeriodElapsedCallback
                0x08000b90       0x18 build/main.o
                0x08000b90                HAL_TIM_PeriodElapsedCallback
 .text.Error_Handler
                0x08000ba8        0x4 build/main.o
                0x08000ba8                Error_Handler
 .text.SystemClock_Config
                0x08000bac       0xac build/main.o
                0x08000bac                SystemClock_Config
 .text.main     0x08000c58       0x4e build/main.o
                0x08000c58                main
 *fill*         0x08000ca6        0x2 
 .text.MX_GPIO_Init
                0x08000ca8      0x16c build/gpio.o
                0x08000ca8                MX_GPIO_Init
 .text.MX_FREERTOS_Init
                0x08000e14       0x20 build/freertos.o
                0x08000e14                MX_FREERTOS_Init
 .text.MX_ADC1_Init
                0x08000e34       0xb8 build/adc.o
                0x08000e34                MX_ADC1_Init
 .text.MX_ADC3_Init
                0x08000eec       0xb8 build/adc.o
                0x08000eec                MX_ADC3_Init
 .text.HAL_ADC_MspInit
                0x08000fa4      0x184 build/adc.o
                0x08000fa4                HAL_ADC_MspInit
 .text.MX_DMA_Init
                0x08001128       0x44 build/dma.o
                0x08001128                MX_DMA_Init
 .text.MX_TIM2_Init
                0x0800116c       0xa8 build/tim.o
                0x0800116c                MX_TIM2_Init
 .text.HAL_TIM_Base_MspInit
                0x08001214       0x64 build/tim.o
                0x08001214                HAL_TIM_Base_MspInit
 .text.HAL_TIM_MspPostInit
                0x08001278       0xac build/tim.o
                0x08001278                HAL_TIM_MspPostInit
 .text.MX_TIM1_Init
                0x08001324      0x11c build/tim.o
                0x08001324                MX_TIM1_Init
 .text.NMI_Handler
                0x08001440        0x2 build/stm32f4xx_it.o
                0x08001440                NMI_Handler
 .text.HardFault_Handler
                0x08001442        0x2 build/stm32f4xx_it.o
                0x08001442                HardFault_Handler
 .text.MemManage_Handler
                0x08001444        0x2 build/stm32f4xx_it.o
                0x08001444                MemManage_Handler
 .text.BusFault_Handler
                0x08001446        0x2 build/stm32f4xx_it.o
                0x08001446                BusFault_Handler
 .text.UsageFault_Handler
                0x08001448        0x2 build/stm32f4xx_it.o
                0x08001448                UsageFault_Handler
 .text.DebugMon_Handler
                0x0800144a        0x2 build/stm32f4xx_it.o
                0x0800144a                DebugMon_Handler
 .text.TIM2_IRQHandler
                0x0800144c       0x10 build/stm32f4xx_it.o
                0x0800144c                TIM2_IRQHandler
 .text.TIM8_TRG_COM_TIM14_IRQHandler
                0x0800145c       0x10 build/stm32f4xx_it.o
                0x0800145c                TIM8_TRG_COM_TIM14_IRQHandler
 .text.DMA2_Stream0_IRQHandler
                0x0800146c       0x10 build/stm32f4xx_it.o
                0x0800146c                DMA2_Stream0_IRQHandler
 .text.DMA2_Stream1_IRQHandler
                0x0800147c       0x10 build/stm32f4xx_it.o
                0x0800147c                DMA2_Stream1_IRQHandler
 .text.HAL_MspInit
                0x0800148c       0x44 build/stm32f4xx_hal_msp.o
                0x0800148c                HAL_MspInit
 .text.HAL_InitTick
                0x080014d0       0xa4 build/stm32f4xx_hal_timebase_tim.o
                0x080014d0                HAL_InitTick
 .text.ADC_Init
                0x08001574      0x134 build/stm32f4xx_hal_adc.o
 .text.HAL_ADC_Init
                0x080016a8       0x56 build/stm32f4xx_hal_adc.o
                0x080016a8                HAL_ADC_Init
 *fill*         0x080016fe        0x2 
 .text.HAL_ADC_Start_DMA
                0x08001700      0x19c build/stm32f4xx_hal_adc.o
                0x08001700                HAL_ADC_Start_DMA
 .text.HAL_ADC_ConvHalfCpltCallback
                0x0800189c        0x2 build/stm32f4xx_hal_adc.o
                0x0800189c                HAL_ADC_ConvHalfCpltCallback
 .text.ADC_DMAHalfConvCplt
                0x0800189e        0xa build/stm32f4xx_hal_adc.o
 .text.HAL_ADC_ErrorCallback
                0x080018a8        0x2 build/stm32f4xx_hal_adc.o
                0x080018a8                HAL_ADC_ErrorCallback
 .text.ADC_DMAError
                0x080018aa       0x16 build/stm32f4xx_hal_adc.o
 .text.ADC_DMAConvCplt
                0x080018c0       0x72 build/stm32f4xx_hal_adc.o
 *fill*         0x08001932        0x2 
 .text.HAL_ADC_ConfigChannel
                0x08001934      0x194 build/stm32f4xx_hal_adc.o
                0x08001934                HAL_ADC_ConfigChannel
 .text.HAL_RCC_OscConfig
                0x08001ac8      0x3f8 build/stm32f4xx_hal_rcc.o
                0x08001ac8                HAL_RCC_OscConfig
 .text.HAL_RCC_GetSysClockFreq
                0x08001ec0       0xa8 build/stm32f4xx_hal_rcc.o
                0x08001ec0                HAL_RCC_GetSysClockFreq
 .text.HAL_RCC_ClockConfig
                0x08001f68      0x160 build/stm32f4xx_hal_rcc.o
                0x08001f68                HAL_RCC_ClockConfig
 .text.HAL_RCC_GetHCLKFreq
                0x080020c8        0xc build/stm32f4xx_hal_rcc.o
                0x080020c8                HAL_RCC_GetHCLKFreq
 .text.HAL_RCC_GetPCLK1Freq
                0x080020d4       0x20 build/stm32f4xx_hal_rcc.o
                0x080020d4                HAL_RCC_GetPCLK1Freq
 .text.HAL_RCC_GetClockConfig
                0x080020f4       0x3c build/stm32f4xx_hal_rcc.o
                0x080020f4                HAL_RCC_GetClockConfig
 .text.HAL_GPIO_Init
                0x08002130      0x1ec build/stm32f4xx_hal_gpio.o
                0x08002130                HAL_GPIO_Init
 .text.HAL_GPIO_ReadPin
                0x0800231c        0xe build/stm32f4xx_hal_gpio.o
                0x0800231c                HAL_GPIO_ReadPin
 .text.HAL_GPIO_WritePin
                0x0800232a        0xc build/stm32f4xx_hal_gpio.o
                0x0800232a                HAL_GPIO_WritePin
 .text.DMA_SetConfig
                0x08002336       0x2c build/stm32f4xx_hal_dma.o
 *fill*         0x08002362        0x2 
 .text.DMA_CalcBaseAndBitshift
                0x08002364       0x3c build/stm32f4xx_hal_dma.o
 .text.DMA_CheckFifoParam
                0x080023a0       0x8e build/stm32f4xx_hal_dma.o
 *fill*         0x0800242e        0x2 
 .text.HAL_DMA_Init
                0x08002430       0xcc build/stm32f4xx_hal_dma.o
                0x08002430                HAL_DMA_Init
 .text.HAL_DMA_Start_IT
                0x080024fc       0x6a build/stm32f4xx_hal_dma.o
                0x080024fc                HAL_DMA_Start_IT
 *fill*         0x08002566        0x2 
 .text.HAL_DMA_IRQHandler
                0x08002568      0x1dc build/stm32f4xx_hal_dma.o
                0x08002568                HAL_DMA_IRQHandler
 .text.__NVIC_EnableIRQ
                0x08002744       0x1c build/stm32f4xx_hal_cortex.o
 .text.__NVIC_SetPriority
                0x08002760       0x28 build/stm32f4xx_hal_cortex.o
 .text.NVIC_EncodePriority
                0x08002788       0x3e build/stm32f4xx_hal_cortex.o
 *fill*         0x080027c6        0x2 
 .text.HAL_NVIC_SetPriorityGrouping
                0x080027c8       0x24 build/stm32f4xx_hal_cortex.o
                0x080027c8                HAL_NVIC_SetPriorityGrouping
 .text.HAL_NVIC_SetPriority
                0x080027ec       0x20 build/stm32f4xx_hal_cortex.o
                0x080027ec                HAL_NVIC_SetPriority
 .text.HAL_NVIC_EnableIRQ
                0x0800280c        0x8 build/stm32f4xx_hal_cortex.o
                0x0800280c                HAL_NVIC_EnableIRQ
 .text.HAL_Init
                0x08002814       0x34 build/stm32f4xx_hal.o
                0x08002814                HAL_Init
 .text.HAL_IncTick
                0x08002848       0x18 build/stm32f4xx_hal.o
                0x08002848                HAL_IncTick
 .text.HAL_GetTick
                0x08002860        0xc build/stm32f4xx_hal.o
                0x08002860                HAL_GetTick
 .text.HAL_Delay
                0x0800286c       0x28 build/stm32f4xx_hal.o
                0x0800286c                HAL_Delay
 .text.TIM_OC1_SetConfig
                0x08002894       0x70 build/stm32f4xx_hal_tim.o
 .text.TIM_OC3_SetConfig
                0x08002904       0x70 build/stm32f4xx_hal_tim.o
 .text.TIM_OC4_SetConfig
                0x08002974       0x50 build/stm32f4xx_hal_tim.o
 .text.TIM_TI1_ConfigInputStage
                0x080029c4       0x26 build/stm32f4xx_hal_tim.o
 .text.TIM_TI2_ConfigInputStage
                0x080029ea       0x28 build/stm32f4xx_hal_tim.o
 .text.TIM_ITRx_SetConfig
                0x08002a12       0x10 build/stm32f4xx_hal_tim.o
 *fill*         0x08002a22        0x2 
 .text.HAL_TIM_Base_Start
                0x08002a24       0x7c build/stm32f4xx_hal_tim.o
                0x08002a24                HAL_TIM_Base_Start
 .text.HAL_TIM_Base_Start_IT
                0x08002aa0       0x88 build/stm32f4xx_hal_tim.o
                0x08002aa0                HAL_TIM_Base_Start_IT
 .text.HAL_TIM_PWM_MspInit
                0x08002b28        0x2 build/stm32f4xx_hal_tim.o
                0x08002b28                HAL_TIM_PWM_MspInit
 .text.HAL_TIM_OC_DelayElapsedCallback
                0x08002b2a        0x2 build/stm32f4xx_hal_tim.o
                0x08002b2a                HAL_TIM_OC_DelayElapsedCallback
 .text.HAL_TIM_IC_CaptureCallback
                0x08002b2c        0x2 build/stm32f4xx_hal_tim.o
                0x08002b2c                HAL_TIM_IC_CaptureCallback
 .text.HAL_TIM_PWM_PulseFinishedCallback
                0x08002b2e        0x2 build/stm32f4xx_hal_tim.o
                0x08002b2e                HAL_TIM_PWM_PulseFinishedCallback
 .text.HAL_TIM_TriggerCallback
                0x08002b30        0x2 build/stm32f4xx_hal_tim.o
                0x08002b30                HAL_TIM_TriggerCallback
 .text.HAL_TIM_IRQHandler
                0x08002b32      0x15e build/stm32f4xx_hal_tim.o
                0x08002b32                HAL_TIM_IRQHandler
 .text.TIM_Base_SetConfig
                0x08002c90       0xd8 build/stm32f4xx_hal_tim.o
                0x08002c90                TIM_Base_SetConfig
 .text.HAL_TIM_Base_Init
                0x08002d68       0x58 build/stm32f4xx_hal_tim.o
                0x08002d68                HAL_TIM_Base_Init
 .text.HAL_TIM_PWM_Init
                0x08002dc0       0x58 build/stm32f4xx_hal_tim.o
                0x08002dc0                HAL_TIM_PWM_Init
 .text.TIM_OC2_SetConfig
                0x08002e18       0x70 build/stm32f4xx_hal_tim.o
                0x08002e18                TIM_OC2_SetConfig
 .text.HAL_TIM_PWM_ConfigChannel
                0x08002e88       0xdc build/stm32f4xx_hal_tim.o
                0x08002e88                HAL_TIM_PWM_ConfigChannel
 .text.TIM_ETR_SetConfig
                0x08002f64       0x1a build/stm32f4xx_hal_tim.o
                0x08002f64                TIM_ETR_SetConfig
 .text.HAL_TIM_ConfigClockSource
                0x08002f7e       0xfe build/stm32f4xx_hal_tim.o
                0x08002f7e                HAL_TIM_ConfigClockSource
 .text.TIM_CCxChannelCmd
                0x0800307c       0x1e build/stm32f4xx_hal_tim.o
                0x0800307c                TIM_CCxChannelCmd
 *fill*         0x0800309a        0x2 
 .text.HAL_TIM_PWM_Start
                0x0800309c      0x104 build/stm32f4xx_hal_tim.o
                0x0800309c                HAL_TIM_PWM_Start
 .text.TIM_CCxNChannelCmd
                0x080031a0       0x1e build/stm32f4xx_hal_tim_ex.o
 *fill*         0x080031be        0x2 
 .text.HAL_TIMEx_PWMN_Start
                0x080031c0       0xf8 build/stm32f4xx_hal_tim_ex.o
                0x080031c0                HAL_TIMEx_PWMN_Start
 .text.HAL_TIMEx_MasterConfigSynchronization
                0x080032b8       0x8c build/stm32f4xx_hal_tim_ex.o
                0x080032b8                HAL_TIMEx_MasterConfigSynchronization
 .text.HAL_TIMEx_ConfigBreakDeadTime
                0x08003344       0x52 build/stm32f4xx_hal_tim_ex.o
                0x08003344                HAL_TIMEx_ConfigBreakDeadTime
 .text.HAL_TIMEx_CommutCallback
                0x08003396        0x2 build/stm32f4xx_hal_tim_ex.o
                0x08003396                HAL_TIMEx_CommutCallback
 .text.HAL_TIMEx_BreakCallback
                0x08003398        0x2 build/stm32f4xx_hal_tim_ex.o
                0x08003398                HAL_TIMEx_BreakCallback
 *fill*         0x0800339a        0x2 
 .text.SystemInit
                0x0800339c       0x14 build/system_stm32f4xx.o
                0x0800339c                SystemInit
 .text.vListInitialise
                0x080033b0       0x16 build/list.o
                0x080033b0                vListInitialise
 .text.vListInitialiseItem
                0x080033c6        0x6 build/list.o
                0x080033c6                vListInitialiseItem
 .text.vListInsertEnd
                0x080033cc       0x16 build/list.o
                0x080033cc                vListInsertEnd
 .text.vListInsert
                0x080033e2       0x32 build/list.o
                0x080033e2                vListInsert
 .text.uxListRemove
                0x08003414       0x26 build/list.o
                0x08003414                uxListRemove
 .text.prvIsQueueFull
                0x0800343a       0x1e build/queue.o
 .text.prvIsQueueEmpty
                0x08003458       0x1a build/queue.o
 .text.prvCopyDataToQueue
                0x08003472       0x76 build/queue.o
 .text.prvCopyDataFromQueue
                0x080034e8       0x24 build/queue.o
 .text.prvUnlockQueue
                0x0800350c       0x6e build/queue.o
 .text.xQueueGenericReset
                0x0800357a       0x84 build/queue.o
                0x0800357a                xQueueGenericReset
 .text.prvInitialiseNewQueue
                0x080035fe       0x22 build/queue.o
 .text.xQueueGenericCreateStatic
                0x08003620       0x94 build/queue.o
                0x08003620                xQueueGenericCreateStatic
 .text.xQueueGenericSend
                0x080036b4      0x188 build/queue.o
                0x080036b4                xQueueGenericSend
 .text.xQueueGenericSendFromISR
                0x0800383c       0xce build/queue.o
                0x0800383c                xQueueGenericSendFromISR
 .text.xQueueReceive
                0x0800390a      0x15e build/queue.o
                0x0800390a                xQueueReceive
 .text.vQueueAddToRegistry
                0x08003a68       0x28 build/queue.o
                0x08003a68                vQueueAddToRegistry
 .text.vQueueWaitForMessageRestricted
                0x08003a90       0x52 build/queue.o
                0x08003a90                vQueueWaitForMessageRestricted
 *fill*         0x08003ae2        0x2 
 .text.prvResetNextTaskUnblockTime
                0x08003ae4       0x2c build/tasks.o
 .text.prvInitialiseNewTask
                0x08003b10       0xa2 build/tasks.o
 *fill*         0x08003bb2        0x2 
 .text.prvInitialiseTaskLists
                0x08003bb4       0x68 build/tasks.o
 .text.prvAddNewTaskToReadyList
                0x08003c1c       0xac build/tasks.o
 .text.prvDeleteTCB
                0x08003cc8       0x38 build/tasks.o
 .text.prvCheckTasksWaitingTermination
                0x08003d00       0x4c build/tasks.o
 .text.prvIdleTask
                0x08003d4c       0x28 build/tasks.o
 .text.prvAddCurrentTaskToDelayedList
                0x08003d74       0x7c build/tasks.o
 .text.xTaskCreateStatic
                0x08003df0       0x76 build/tasks.o
                0x08003df0                xTaskCreateStatic
 .text.xTaskCreate
                0x08003e66       0x64 build/tasks.o
                0x08003e66                xTaskCreate
 *fill*         0x08003eca        0x2 
 .text.vTaskStartScheduler
                0x08003ecc       0x98 build/tasks.o
                0x08003ecc                vTaskStartScheduler
 .text.vTaskSuspendAll
                0x08003f64       0x10 build/tasks.o
                0x08003f64                vTaskSuspendAll
 .text.xTaskGetTickCount
                0x08003f74        0xc build/tasks.o
                0x08003f74                xTaskGetTickCount
 .text.xTaskIncrementTick
                0x08003f80      0x118 build/tasks.o
                0x08003f80                xTaskIncrementTick
 .text.xTaskResumeAll
                0x08004098       0xf8 build/tasks.o
                0x08004098                xTaskResumeAll
 .text.vTaskSwitchContext
                0x08004190       0x98 build/tasks.o
                0x08004190                vTaskSwitchContext
 .text.vTaskPlaceOnEventList
                0x08004228       0x30 build/tasks.o
                0x08004228                vTaskPlaceOnEventList
 .text.vTaskPlaceOnEventListRestricted
                0x08004258       0x38 build/tasks.o
                0x08004258                vTaskPlaceOnEventListRestricted
 .text.xTaskRemoveFromEventList
                0x08004290       0x8c build/tasks.o
                0x08004290                xTaskRemoveFromEventList
 .text.vTaskInternalSetTimeOutState
                0x0800431c       0x18 build/tasks.o
                0x0800431c                vTaskInternalSetTimeOutState
 .text.xTaskCheckForTimeOut
                0x08004334       0x84 build/tasks.o
                0x08004334                xTaskCheckForTimeOut
 .text.vTaskMissedYield
                0x080043b8        0xc build/tasks.o
                0x080043b8                vTaskMissedYield
 .text.xTaskGetSchedulerState
                0x080043c4       0x20 build/tasks.o
                0x080043c4                xTaskGetSchedulerState
 .text.xTaskPriorityDisinherit
                0x080043e4       0x90 build/tasks.o
                0x080043e4                xTaskPriorityDisinherit
 .text.prvGetNextExpireTime
                0x08004474       0x20 build/timers.o
 .text.prvInsertTimerInActiveList
                0x08004494       0x48 build/timers.o
 .text.prvCheckForValidListAndQueue
                0x080044dc       0x70 build/timers.o
 .text.xTimerCreateTimerTask
                0x0800454c       0x64 build/timers.o
                0x0800454c                xTimerCreateTimerTask
 .text.xTimerGenericCommand
                0x080045b0       0x6c build/timers.o
                0x080045b0                xTimerGenericCommand
 .text.prvSwitchTimerLists
                0x0800461c       0x7c build/timers.o
 .text.prvSampleTimeNow
                0x08004698       0x2c build/timers.o
 .text.prvProcessExpiredTimer
                0x080046c4       0x6c build/timers.o
 .text.prvProcessTimerOrBlockTask
                0x08004730       0x74 build/timers.o
 .text.prvProcessReceivedCommands
                0x080047a4      0x10c build/timers.o
 .text.prvTimerTask
                0x080048b0       0x16 build/timers.o
 .text.SysTick_Handler
                0x080048c6       0x18 build/cmsis_os2.o
                0x080048c6                SysTick_Handler
 *fill*         0x080048de        0x2 
 .text.osKernelInitialize
                0x080048e0       0x24 build/cmsis_os2.o
                0x080048e0                osKernelInitialize
 .text.osKernelStart
                0x08004904       0x38 build/cmsis_os2.o
                0x08004904                osKernelStart
 .text.osThreadNew
                0x0800493c       0xbc build/cmsis_os2.o
                0x0800493c                osThreadNew
 .text.vApplicationGetIdleTaskMemory
                0x080049f8       0x18 build/cmsis_os2.o
                0x080049f8                vApplicationGetIdleTaskMemory
 .text.vApplicationGetTimerTaskMemory
                0x08004a10       0x18 build/cmsis_os2.o
                0x08004a10                vApplicationGetTimerTaskMemory
 .text.prvHeapInit
                0x08004a28       0x64 build/heap_4.o
 .text.prvInsertBlockIntoFreeList
                0x08004a8c       0x64 build/heap_4.o
 .text.pvPortMalloc
                0x08004af0      0x104 build/heap_4.o
                0x08004af0                pvPortMalloc
 .text.vPortFree
                0x08004bf4       0x7c build/heap_4.o
                0x08004bf4                vPortFree
 .text.prvTaskExitError
                0x08004c70       0x40 build/port.o
 .text.prvPortStartFirstTask
                0x08004cb0       0x28 build/port.o
 .text.vPortEnableVFP
                0x08004cd8       0x14 build/port.o
 .text.pxPortInitialiseStack
                0x08004cec       0x2c build/port.o
                0x08004cec                pxPortInitialiseStack
 *fill*         0x08004d18        0x8 
 .text.SVC_Handler
                0x08004d20       0x24 build/port.o
                0x08004d20                SVC_Handler
 .text.vPortEnterCritical
                0x08004d44       0x44 build/port.o
                0x08004d44                vPortEnterCritical
 .text.vPortExitCritical
                0x08004d88       0x2c build/port.o
                0x08004d88                vPortExitCritical
 *fill*         0x08004db4        0xc 
 .text.PendSV_Handler
                0x08004dc0       0x64 build/port.o
                0x08004dc0                PendSV_Handler
 .text.xPortSysTickHandler
                0x08004e24       0x2c build/port.o
                0x08004e24                xPortSysTickHandler
 .text.vPortSetupTimerInterrupt
                0x08004e50       0x28 build/port.o
                0x08004e50                vPortSetupTimerInterrupt
 .text.xPortStartScheduler
                0x08004e78      0x118 build/port.o
                0x08004e78                xPortStartScheduler
 .text.vPortValidateInterruptPriority
                0x08004f90       0x5c build/port.o
                0x08004f90                vPortValidateInterruptPriority
 .text.DISPLAY_PID_SYMBLE
                0x08004fec      0x16c build/button_display.o
                0x08004fec                DISPLAY_PID_SYMBLE
 .text.DISPLAY_PID
                0x08005158      0x294 build/button_display.o
                0x08005158                DISPLAY_PID
 .text.AR1_AC1  0x080053ec       0x1c build/button.o
                0x080053ec                AR1_AC1
 .text.AR1_AC2  0x08005408       0x1c build/button.o
                0x08005408                AR1_AC2
 .text.AR1_AC3  0x08005424      0x11c build/button.o
                0x08005424                AR1_AC3
 .text.AR1_AC4  0x08005540       0x14 build/button.o
                0x08005540                AR1_AC4
 .text.AR2_AC1  0x08005554       0x1c build/button.o
                0x08005554                AR2_AC1
 .text.AR2_AC2  0x08005570       0x1c build/button.o
                0x08005570                AR2_AC2
 .text.AR2_AC3  0x0800558c      0x114 build/button.o
                0x0800558c                AR2_AC3
 .text.AR2_AC4  0x080056a0       0x14 build/button.o
                0x080056a0                AR2_AC4
 .text.AR3_AC1  0x080056b4       0x14 build/button.o
                0x080056b4                AR3_AC1
 .text.AR3_AC2  0x080056c8       0x14 build/button.o
                0x080056c8                AR3_AC2
 .text.AR3_AC3  0x080056dc       0x20 build/button.o
                0x080056dc                AR3_AC3
 .text.AR3_AC4  0x080056fc       0x14 build/button.o
                0x080056fc                AR3_AC4
 .text.AR4_AC1  0x08005710       0x14 build/button.o
                0x08005710                AR4_AC1
 .text.AR4_AC2  0x08005724       0x14 build/button.o
                0x08005724                AR4_AC2
 .text.AR4_AC3  0x08005738       0x20 build/button.o
                0x08005738                AR4_AC3
 .text.AR4_AC4  0x08005758       0x14 build/button.o
                0x08005758                AR4_AC4
 .text.READ_BUTTON_A_R1
                0x0800576c       0xb0 build/button.o
                0x0800576c                READ_BUTTON_A_R1
 .text.READ_BUTTON_A_R2
                0x0800581c       0xb0 build/button.o
                0x0800581c                READ_BUTTON_A_R2
 .text.READ_BUTTON_A_R3
                0x080058cc       0xb0 build/button.o
                0x080058cc                READ_BUTTON_A_R3
 .text.READ_BUTTON_A_R4
                0x0800597c       0xb0 build/button.o
                0x0800597c                READ_BUTTON_A_R4
 .text.READ_BUTTON_A
                0x08005a2c       0x14 build/button.o
                0x08005a2c                READ_BUTTON_A
 .text.BR1_BC1  0x08005a40       0x20 build/button.o
                0x08005a40                BR1_BC1
 .text.BR1_BC2  0x08005a60       0x14 build/button.o
                0x08005a60                BR1_BC2
 .text.BR1_BC3  0x08005a74       0x14 build/button.o
                0x08005a74                BR1_BC3
 .text.BR1_BC4  0x08005a88       0x14 build/button.o
                0x08005a88                BR1_BC4
 .text.BR2_BC1  0x08005a9c       0x20 build/button.o
                0x08005a9c                BR2_BC1
 .text.BR2_BC2  0x08005abc       0x14 build/button.o
                0x08005abc                BR2_BC2
 .text.BR2_BC3  0x08005ad0       0x14 build/button.o
                0x08005ad0                BR2_BC3
 .text.BR2_BC4  0x08005ae4       0x14 build/button.o
                0x08005ae4                BR2_BC4
 .text.BR3_BC1  0x08005af8       0x14 build/button.o
                0x08005af8                BR3_BC1
 .text.BR3_BC2  0x08005b0c       0x14 build/button.o
                0x08005b0c                BR3_BC2
 .text.BR3_BC3  0x08005b20       0x14 build/button.o
                0x08005b20                BR3_BC3
 .text.BR3_BC4  0x08005b34       0x14 build/button.o
                0x08005b34                BR3_BC4
 .text.BR4_BC1  0x08005b48       0x14 build/button.o
                0x08005b48                BR4_BC1
 .text.BR4_BC2  0x08005b5c       0x14 build/button.o
                0x08005b5c                BR4_BC2
 .text.BR4_BC3  0x08005b70       0x14 build/button.o
                0x08005b70                BR4_BC3
 .text.BR4_BC4  0x08005b84       0x14 build/button.o
                0x08005b84                BR4_BC4
 .text.READ_BUTTON_B_R1
                0x08005b98       0xb8 build/button.o
                0x08005b98                READ_BUTTON_B_R1
 .text.READ_BUTTON_B_R2
                0x08005c50       0xb8 build/button.o
                0x08005c50                READ_BUTTON_B_R2
 .text.READ_BUTTON_B_R3
                0x08005d08       0xb0 build/button.o
                0x08005d08                READ_BUTTON_B_R3
 .text.READ_BUTTON_B_R4
                0x08005db8       0xb4 build/button.o
                0x08005db8                READ_BUTTON_B_R4
 .text.READ_BUTTON_B
                0x08005e6c       0x14 build/button.o
                0x08005e6c                READ_BUTTON_B
 .text.CURRENT_VOTAGE_PID_INIT
                0x08005e80       0x34 build/current_votage.o
                0x08005e80                CURRENT_VOTAGE_PID_INIT
 .text.UPDATE_CURRENT_VOTAGE_NUM
                0x08005eb4      0x158 build/current_votage.o
                0x08005eb4                UPDATE_CURRENT_VOTAGE_NUM
 *fill*         0x0800600c        0x4 
 .text.UPDATE_CURRENT_VOOTAGE_PID
                0x08006010      0x448 build/current_votage.o
                0x08006010                UPDATE_CURRENT_VOOTAGE_PID
 .text.COUNT_CURRENT_VOTAGE_PID
                0x08006458      0x1a4 build/current_votage.o
                0x08006458                COUNT_CURRENT_VOTAGE_PID
 .text.CURRENT_PID_INIT
                0x080065fc       0xac build/current.o
                0x080065fc                CURRENT_PID_INIT
 .text.UPDATE_CURRENT_NUM
                0x080066a8       0xbc build/current.o
                0x080066a8                UPDATE_CURRENT_NUM
 .text.UPDATE_IREF_RATO_NUM
                0x08006764       0x24 build/current.o
                0x08006764                UPDATE_IREF_RATO_NUM
 .text.UPDATE_PHASE_NUM
                0x08006788       0xc0 build/current.o
                0x08006788                UPDATE_PHASE_NUM
 .text.UPDATE_IREF_RATO_PID
                0x08006848      0x168 build/current.o
                0x08006848                UPDATE_IREF_RATO_PID
 .text.UPDATE_CURRENT_PID
                0x080069b0      0x23c build/current.o
                0x080069b0                UPDATE_CURRENT_PID
 *fill*         0x08006bec        0x4 
 .text.UPDATE_PHASE_PID
                0x08006bf0      0x23c build/current.o
                0x08006bf0                UPDATE_PHASE_PID
 *fill*         0x08006e2c        0x4 
 .text.COUNT_CURRENT_PID
                0x08006e30      0x508 build/current.o
                0x08006e30                COUNT_CURRENT_PID
 .text.VOTAGE_PID_INIT
                0x08007338       0x24 build/votage.o
                0x08007338                VOTAGE_PID_INIT
 .text.UPDATE_VOTAGE_NUM
                0x0800735c       0xc0 build/votage.o
                0x0800735c                UPDATE_VOTAGE_NUM
 *fill*         0x0800741c        0x4 
 .text.UPDATE_VOTAGE_PID
                0x08007420      0x244 build/votage.o
                0x08007420                UPDATE_VOTAGE_PID
 *fill*         0x08007664        0x4 
 .text.COUNT_VOTAGE_PID
                0x08007668      0x238 build/votage.o
                0x08007668                COUNT_VOTAGE_PID
 .text.arm_pid_init_f32
                0x080078a0       0x3a build/arm_pid_init_f32.o
                0x080078a0                arm_pid_init_f32
 *fill*         0x080078da        0x2 
 .text.arm_cos_f32
                0x080078dc       0x88 build/arm_cos_f32.o
                0x080078dc                arm_cos_f32
 .text.arm_sin_f32
                0x08007964       0xa0 build/arm_sin_f32.o
                0x08007964                arm_sin_f32
 .text.PID_TO_OLED
                0x08007a04       0xfc build/customoled.o
                0x08007a04                PID_TO_OLED
 .text.OLED_WR_Byte
                0x08007b00       0x5c build/oled.o
                0x08007b00                OLED_WR_Byte
 .text.OLED_Refresh_Gram
                0x08007b5c       0x4c build/oled.o
                0x08007b5c                OLED_Refresh_Gram
 .text.OLED_Clear
                0x08007ba8       0x30 build/oled.o
                0x08007ba8                OLED_Clear
 .text.OLED_DrawPoint
                0x08007bd8       0x50 build/oled.o
                0x08007bd8                OLED_DrawPoint
 .text.OLED_ShowChar
                0x08007c28       0xdc build/oled.o
                0x08007c28                OLED_ShowChar
 .text.mypow    0x08007d04       0x16 build/oled.o
                0x08007d04                mypow
 *fill*         0x08007d1a        0x2 
 .text.OLED_ShowNum
                0x08007d1c       0x9c build/oled.o
                0x08007d1c                OLED_ShowNum
 .text.OLED_ShowString
                0x08007db8       0x62 build/oled.o
                0x08007db8                OLED_ShowString
 *fill*         0x08007e1a        0x2 
 .text.OLED_Init
                0x08007e1c      0x104 build/oled.o
                0x08007e1c                OLED_Init
 .text.SPLL_1PH_SOGI_reset
                0x08007f20       0x2a build/sogi.o
                0x08007f20                SPLL_1PH_SOGI_reset
 *fill*         0x08007f4a        0x2 
 .text.SPLL_1PH_SOGI_coeff_calc
                0x08007f4c       0x90 build/sogi.o
                0x08007f4c                SPLL_1PH_SOGI_coeff_calc
 .text.SPLL_1PH_SOGI_config
                0x08007fdc       0x28 build/sogi.o
                0x08007fdc                SPLL_1PH_SOGI_config
 .text.SPLL_1PH_SOGI_run
                0x08008004      0x140 build/sogi.o
                0x08008004                SPLL_1PH_SOGI_run
 .text.USER_INIT
                0x08008144       0xa8 build/usercode.o
                0x08008144                USER_INIT
 .text.StartDefaultTask
                0x080081ec       0x80 build/usercode.o
                0x080081ec                StartDefaultTask
 *fill*         0x0800826c        0x4 
 .text.ADC_BUF_TO_F32_1
                0x08008270       0x70 build/usercode.o
                0x08008270                ADC_BUF_TO_F32_1
 .text.ADC_BUF_TO_F32_2
                0x080082e0       0x70 build/usercode.o
                0x080082e0                ADC_BUF_TO_F32_2
 .text.ADC_BUF_TO_F32_3
                0x08008350       0xd4 build/usercode.o
                0x08008350                ADC_BUF_TO_F32_3
 .text.ADC_BUF_TO_F32
                0x08008424       0x10 build/usercode.o
                0x08008424                ADC_BUF_TO_F32
 .text.HAL_ADC_ConvCpltCallback
                0x08008434       0x3c build/usercode.o
                0x08008434                HAL_ADC_ConvCpltCallback
 .text.Reset_Handler
                0x08008470       0x50 build/startup_stm32f407xx.o
                0x08008470                Reset_Handler
 .text.Default_Handler
                0x080084c0        0x2 build/startup_stm32f407xx.o
                0x080084c0                DMA1_Stream3_IRQHandler
                0x080084c0                HASH_RNG_IRQHandler
                0x080084c0                EXTI2_IRQHandler
                0x080084c0                TIM8_CC_IRQHandler
                0x080084c0                TIM1_CC_IRQHandler
                0x080084c0                DMA2_Stream5_IRQHandler
                0x080084c0                DMA1_Stream5_IRQHandler
                0x080084c0                PVD_IRQHandler
                0x080084c0                SDIO_IRQHandler
                0x080084c0                TAMP_STAMP_IRQHandler
                0x080084c0                CAN2_RX1_IRQHandler
                0x080084c0                EXTI3_IRQHandler
                0x080084c0                TIM1_UP_TIM10_IRQHandler
                0x080084c0                TIM8_UP_TIM13_IRQHandler
                0x080084c0                I2C3_ER_IRQHandler
                0x080084c0                EXTI0_IRQHandler
                0x080084c0                I2C2_EV_IRQHandler
                0x080084c0                DMA1_Stream2_IRQHandler
                0x080084c0                CAN1_RX0_IRQHandler
                0x080084c0                FPU_IRQHandler
                0x080084c0                OTG_HS_WKUP_IRQHandler
                0x080084c0                CAN2_SCE_IRQHandler
                0x080084c0                DMA2_Stream2_IRQHandler
                0x080084c0                SPI1_IRQHandler
                0x080084c0                TIM6_DAC_IRQHandler
                0x080084c0                TIM1_BRK_TIM9_IRQHandler
                0x080084c0                DCMI_IRQHandler
                0x080084c0                CAN2_RX0_IRQHandler
                0x080084c0                DMA2_Stream3_IRQHandler
                0x080084c0                USART6_IRQHandler
                0x080084c0                USART3_IRQHandler
                0x080084c0                CAN1_RX1_IRQHandler
                0x080084c0                UART5_IRQHandler
                0x080084c0                TIM4_IRQHandler
                0x080084c0                I2C1_EV_IRQHandler
                0x080084c0                DMA1_Stream6_IRQHandler
                0x080084c0                DMA1_Stream1_IRQHandler
                0x080084c0                UART4_IRQHandler
                0x080084c0                TIM3_IRQHandler
                0x080084c0                RCC_IRQHandler
                0x080084c0                TIM8_BRK_TIM12_IRQHandler
                0x080084c0                Default_Handler
                0x080084c0                EXTI15_10_IRQHandler
                0x080084c0                ADC_IRQHandler
                0x080084c0                DMA1_Stream7_IRQHandler
                0x080084c0                TIM7_IRQHandler
                0x080084c0                CAN2_TX_IRQHandler
                0x080084c0                TIM5_IRQHandler
                0x080084c0                DMA2_Stream7_IRQHandler
                0x080084c0                I2C3_EV_IRQHandler
                0x080084c0                EXTI9_5_IRQHandler
                0x080084c0                RTC_WKUP_IRQHandler
                0x080084c0                ETH_WKUP_IRQHandler
                0x080084c0                SPI2_IRQHandler
                0x080084c0                OTG_HS_EP1_IN_IRQHandler
                0x080084c0                DMA1_Stream0_IRQHandler
                0x080084c0                CAN1_TX_IRQHandler
                0x080084c0                EXTI4_IRQHandler
                0x080084c0                FSMC_IRQHandler
                0x080084c0                ETH_IRQHandler
                0x080084c0                OTG_HS_EP1_OUT_IRQHandler
                0x080084c0                WWDG_IRQHandler
                0x080084c0                OTG_FS_WKUP_IRQHandler
                0x080084c0                TIM1_TRG_COM_TIM11_IRQHandler
                0x080084c0                OTG_HS_IRQHandler
                0x080084c0                EXTI1_IRQHandler
                0x080084c0                USART2_IRQHandler
                0x080084c0                I2C2_ER_IRQHandler
                0x080084c0                CAN1_SCE_IRQHandler
                0x080084c0                FLASH_IRQHandler
                0x080084c0                DMA2_Stream4_IRQHandler
                0x080084c0                USART1_IRQHandler
                0x080084c0                OTG_FS_IRQHandler
                0x080084c0                SPI3_IRQHandler
                0x080084c0                DMA1_Stream4_IRQHandler
                0x080084c0                I2C1_ER_IRQHandler
                0x080084c0                DMA2_Stream6_IRQHandler
                0x080084c0                RTC_Alarm_IRQHandler
 .text.memset   0x080084c2       0x10 /Users/luban/.local/xPacks/arm-none-eabi-gcc/xpack-arm-none-eabi-gcc-13.2.1-1.1/bin/../lib/gcc/arm-none-eabi/13.2.1/../../../../arm-none-eabi/lib/thumb/v7e-m+fp/hard/libc_nano.a(libc_a-memset.o)
                0x080084c2                memset
 *fill*         0x080084d2        0x2 
 .text.__libc_init_array
                0x080084d4       0x48 /Users/luban/.local/xPacks/arm-none-eabi-gcc/xpack-arm-none-eabi-gcc-13.2.1-1.1/bin/../lib/gcc/arm-none-eabi/13.2.1/../../../../arm-none-eabi/lib/thumb/v7e-m+fp/hard/libc_nano.a(libc_a-init.o)
                0x080084d4                __libc_init_array
 .text.memcpy   0x0800851c       0x1c /Users/luban/.local/xPacks/arm-none-eabi-gcc/xpack-arm-none-eabi-gcc-13.2.1-1.1/bin/../lib/gcc/arm-none-eabi/13.2.1/../../../../arm-none-eabi/lib/thumb/v7e-m+fp/hard/libc_nano.a(libc_a-memcpy-stub.o)
                0x0800851c                memcpy
 .text.__udivmoddi4
                0x08008538      0x2bc /Users/luban/.local/xPacks/arm-none-eabi-gcc/xpack-arm-none-eabi-gcc-13.2.1-1.1/bin/../lib/gcc/arm-none-eabi/13.2.1/thumb/v7e-m+fp/hard/libgcc.a(_udivmoddi4.o)
                0x08008538                __udivmoddi4
 *(.glue_7)
 .glue_7        0x080087f4        0x0 linker stubs
 *(.glue_7t)
 .glue_7t       0x080087f4        0x0 linker stubs
 *(.eh_frame)
 .eh_frame      0x080087f4        0x0 /Users/luban/.local/xPacks/arm-none-eabi-gcc/xpack-arm-none-eabi-gcc-13.2.1-1.1/bin/../lib/gcc/arm-none-eabi/13.2.1/thumb/v7e-m+fp/hard/crtbegin.o
 *(.init)
 .init          0x080087f4        0x4 /Users/luban/.local/xPacks/arm-none-eabi-gcc/xpack-arm-none-eabi-gcc-13.2.1-1.1/bin/../lib/gcc/arm-none-eabi/13.2.1/thumb/v7e-m+fp/hard/crti.o
                0x080087f4                _init
 .init          0x080087f8        0x8 /Users/luban/.local/xPacks/arm-none-eabi-gcc/xpack-arm-none-eabi-gcc-13.2.1-1.1/bin/../lib/gcc/arm-none-eabi/13.2.1/thumb/v7e-m+fp/hard/crtn.o
 *(.fini)
 .fini          0x08008800        0x4 /Users/luban/.local/xPacks/arm-none-eabi-gcc/xpack-arm-none-eabi-gcc-13.2.1-1.1/bin/../lib/gcc/arm-none-eabi/13.2.1/thumb/v7e-m+fp/hard/crti.o
                0x08008800                _fini
 .fini          0x08008804        0x8 /Users/luban/.local/xPacks/arm-none-eabi-gcc/xpack-arm-none-eabi-gcc-13.2.1-1.1/bin/../lib/gcc/arm-none-eabi/13.2.1/thumb/v7e-m+fp/hard/crtn.o
                0x0800880c                        . = ALIGN (0x4)
                0x0800880c                        _etext = .

.vfp11_veneer   0x0800880c        0x0
 .vfp11_veneer  0x0800880c        0x0 linker stubs

.v4_bx          0x0800880c        0x0
 .v4_bx         0x0800880c        0x0 linker stubs

.iplt           0x0800880c        0x0
 .iplt          0x0800880c        0x0 /Users/luban/.local/xPacks/arm-none-eabi-gcc/xpack-arm-none-eabi-gcc-13.2.1-1.1/bin/../lib/gcc/arm-none-eabi/13.2.1/thumb/v7e-m+fp/hard/crtbegin.o

.rodata         0x0800880c     0x207c
                0x0800880c                        . = ALIGN (0x4)
 *(.rodata)
 *(.rodata*)
 .rodata.str1.4
                0x0800880c       0x74 build/freertos.o
                                  0xc (size before relaxing)
 .rodata.defaultTask_attributes
                0x08008880       0x24 build/freertos.o
                0x08008880                defaultTask_attributes
 .rodata.flagBitshiftOffset.0
                0x080088a4        0x8 build/stm32f4xx_hal_dma.o
 .rodata.APBPrescTable
                0x080088ac        0x8 build/system_stm32f4xx.o
                0x080088ac                APBPrescTable
 .rodata.AHBPrescTable
                0x080088b4       0x10 build/system_stm32f4xx.o
                0x080088b4                AHBPrescTable
 .rodata.vTaskStartScheduler.str1.4
                0x080088c4        0x5 build/tasks.o
 .rodata.prvCheckForValidListAndQueue.str1.4
                0x080088c4        0x5 build/timers.o
 .rodata.xTimerCreateTimerTask.str1.4
                0x080088c4        0x8 build/timers.o
 .rodata.BR1_BC4.str1.4
                0x080088c4        0x8 build/button.o
 .rodata.BR2_BC4.str1.4
                0x080088c4        0x8 build/button.o
 .rodata.BR3_BC1.str1.4
                0x080088c4        0x8 build/button.o
 .rodata.BR3_BC2.str1.4
                0x080088c4        0x8 build/button.o
 .rodata.BR3_BC3.str1.4
                0x080088c4        0x8 build/button.o
 .rodata.BR3_BC4.str1.4
                0x080088c4        0x8 build/button.o
 .rodata.BR4_BC1.str1.4
                0x080088c4        0x8 build/button.o
 .rodata.BR4_BC2.str1.4
                0x080088c4        0x8 build/button.o
 .rodata.BR4_BC3.str1.4
                0x080088c4        0x8 build/button.o
 .rodata.BR4_BC4.str1.4
                0x080088c4        0x8 build/button.o
 .rodata.sinTable_f32
                0x080088c4      0x804 build/arm_common_tables.o
                0x080088c4                sinTable_f32
 .rodata.asc2_2412
                0x080090c8      0xd5c build/oled.o
                0x080090c8                asc2_2412
 .rodata.asc2_1608
                0x08009e24      0x5f0 build/oled.o
                0x08009e24                asc2_1608
 .rodata.asc2_1206
                0x0800a414      0x474 build/oled.o
                0x0800a414                asc2_1206
                0x0800a888                        . = ALIGN (0x4)

.ARM.extab
 *(.ARM.extab* .gnu.linkonce.armextab.*)

.ARM            0x0800a888        0x8
                0x0800a888                        __exidx_start = .
 *(.ARM.exidx*)
 .ARM.exidx.text.__udivmoddi4
                0x0800a888        0x8 /Users/luban/.local/xPacks/arm-none-eabi-gcc/xpack-arm-none-eabi-gcc-13.2.1-1.1/bin/../lib/gcc/arm-none-eabi/13.2.1/thumb/v7e-m+fp/hard/libgcc.a(_udivmoddi4.o)
                0x0800a890                        __exidx_end = .

.rel.dyn        0x0800a890        0x0
 .rel.iplt      0x0800a890        0x0 /Users/luban/.local/xPacks/arm-none-eabi-gcc/xpack-arm-none-eabi-gcc-13.2.1-1.1/bin/../lib/gcc/arm-none-eabi/13.2.1/thumb/v7e-m+fp/hard/crtbegin.o

.preinit_array  0x0800a890        0x0
                0x0800a890                        PROVIDE (__preinit_array_start = .)
 *(.preinit_array*)
                0x0800a890                        PROVIDE (__preinit_array_end = .)

.init_array     0x0800a890        0x4
                0x0800a890                        PROVIDE (__init_array_start = .)
 *(SORT_BY_NAME(.init_array.*))
 *(.init_array*)
 .init_array    0x0800a890        0x4 /Users/luban/.local/xPacks/arm-none-eabi-gcc/xpack-arm-none-eabi-gcc-13.2.1-1.1/bin/../lib/gcc/arm-none-eabi/13.2.1/thumb/v7e-m+fp/hard/crtbegin.o
                0x0800a894                        PROVIDE (__init_array_end = .)

.fini_array     0x0800a894        0x4
                0x0800a894                        PROVIDE (__fini_array_start = .)
 *(SORT_BY_NAME(.fini_array.*))
 *(.fini_array*)
 .fini_array    0x0800a894        0x4 /Users/luban/.local/xPacks/arm-none-eabi-gcc/xpack-arm-none-eabi-gcc-13.2.1-1.1/bin/../lib/gcc/arm-none-eabi/13.2.1/thumb/v7e-m+fp/hard/crtbegin.o
                0x0800a898                        PROVIDE (__fini_array_end = .)
                0x0800a898                        _sidata = LOADADDR (.data)

.data           0x20000000      0x6f8 load address 0x0800a898
                0x20000000                        . = ALIGN (0x4)
                0x20000000                        _sdata = .
 *(.data)
 *(.data*)
 .data.uwTickFreq
                0x20000000        0x1 build/stm32f4xx_hal.o
                0x20000000                uwTickFreq
 *fill*         0x20000001        0x3 
 .data.uwTickPrio
                0x20000004        0x4 build/stm32f4xx_hal.o
                0x20000004                uwTickPrio
 .data.SystemCoreClock
                0x20000008        0x4 build/system_stm32f4xx.o
                0x20000008                SystemCoreClock
 .data.uxCriticalNesting
                0x2000000c        0x4 build/port.o
 .data.rato_num
                0x20000010        0xc build/button.o
                0x20000010                rato_num
 .data.current_num
                0x2000001c       0x14 build/button.o
                0x2000001c                current_num
 .data.mode_select
                0x20000030        0x4 build/button.o
                0x20000030                mode_select
 .data.ctrl_display
                0x20000034        0x4 build/button.o
                0x20000034                ctrl_display
 .data.B_state  0x20000038       0x40 build/button.o
                0x20000038                B_state
 .data.A_state  0x20000078       0x40 build/button.o
                0x20000078                A_state
 .data.spwm_group
                0x200000b8      0x640 build/votage.o
                0x200000b8                spwm_group
                0x200006f8                        . = ALIGN (0x4)
                0x200006f8                        _edata = .
                0x0800af90                        _siccmram = LOADADDR (.ccmram)

.igot.plt       0x200006f8        0x0 load address 0x0800af90
 .igot.plt      0x200006f8        0x0 /Users/luban/.local/xPacks/arm-none-eabi-gcc/xpack-arm-none-eabi-gcc-13.2.1-1.1/bin/../lib/gcc/arm-none-eabi/13.2.1/thumb/v7e-m+fp/hard/crtbegin.o

.ccmram         0x10000000        0x0 load address 0x0800af90
                0x10000000                        . = ALIGN (0x4)
                0x10000000                        _sccmram = .
 *(.ccmram)
 *(.ccmram*)
                0x10000000                        . = ALIGN (0x4)
                0x10000000                        _eccmram = .
                0x10000000                        . = ALIGN (0x4)

.bss            0x200006f8     0x5378
                0x200006f8                        _sbss = .
                0x200006f8                        __bss_start__ = _sbss
 *(.bss)
 *(.bss*)
 .bss.completed.1
                0x200006f8        0x1 /Users/luban/.local/xPacks/arm-none-eabi-gcc/xpack-arm-none-eabi-gcc-13.2.1-1.1/bin/../lib/gcc/arm-none-eabi/13.2.1/thumb/v7e-m+fp/hard/crtbegin.o
 *fill*         0x200006f9        0x3 
 .bss.object.0  0x200006fc       0x18 /Users/luban/.local/xPacks/arm-none-eabi-gcc/xpack-arm-none-eabi-gcc-13.2.1-1.1/bin/../lib/gcc/arm-none-eabi/13.2.1/thumb/v7e-m+fp/hard/crtbegin.o
 .bss.defaultTaskHandle
                0x20000714        0x4 build/freertos.o
                0x20000714                defaultTaskHandle
 .bss.hdma_adc3
                0x20000718       0x60 build/adc.o
                0x20000718                hdma_adc3
 .bss.hdma_adc1
                0x20000778       0x60 build/adc.o
                0x20000778                hdma_adc1
 .bss.hadc3     0x200007d8       0x48 build/adc.o
                0x200007d8                hadc3
 .bss.hadc1     0x20000820       0x48 build/adc.o
                0x20000820                hadc1
 .bss.htim2     0x20000868       0x48 build/tim.o
                0x20000868                htim2
 .bss.htim1     0x200008b0       0x48 build/tim.o
                0x200008b0                htim1
 .bss.htim14    0x200008f8       0x48 build/stm32f4xx_hal_timebase_tim.o
                0x200008f8                htim14
 .bss.uwTick    0x20000940        0x4 build/stm32f4xx_hal.o
                0x20000940                uwTick
 .bss.xQueueRegistry
                0x20000944       0x40 build/queue.o
                0x20000944                xQueueRegistry
 .bss.uxSchedulerSuspended
                0x20000984        0x4 build/tasks.o
 .bss.xIdleTaskHandle
                0x20000988        0x4 build/tasks.o
 .bss.xNextTaskUnblockTime
                0x2000098c        0x4 build/tasks.o
 .bss.uxTaskNumber
                0x20000990        0x4 build/tasks.o
 .bss.xNumOfOverflows
                0x20000994        0x4 build/tasks.o
 .bss.xYieldPending
                0x20000998        0x4 build/tasks.o
 .bss.xPendedTicks
                0x2000099c        0x4 build/tasks.o
 .bss.xSchedulerRunning
                0x200009a0        0x4 build/tasks.o
 .bss.uxTopReadyPriority
                0x200009a4        0x4 build/tasks.o
 .bss.xTickCount
                0x200009a8        0x4 build/tasks.o
 .bss.uxCurrentNumberOfTasks
                0x200009ac        0x4 build/tasks.o
 .bss.xSuspendedTaskList
                0x200009b0       0x14 build/tasks.o
 .bss.uxDeletedTasksWaitingCleanUp
                0x200009c4        0x4 build/tasks.o
 .bss.xTasksWaitingTermination
                0x200009c8       0x14 build/tasks.o
 .bss.xPendingReadyList
                0x200009dc       0x14 build/tasks.o
 .bss.pxOverflowDelayedTaskList
                0x200009f0        0x4 build/tasks.o
 .bss.pxDelayedTaskList
                0x200009f4        0x4 build/tasks.o
 .bss.xDelayedTaskList2
                0x200009f8       0x14 build/tasks.o
 .bss.xDelayedTaskList1
                0x20000a0c       0x14 build/tasks.o
 .bss.pxReadyTasksLists
                0x20000a20      0x460 build/tasks.o
 .bss.pxCurrentTCB
                0x20000e80        0x4 build/tasks.o
                0x20000e80                pxCurrentTCB
 .bss.xStaticTimerQueue.0
                0x20000e84       0x50 build/timers.o
 .bss.ucStaticTimerQueueStorage.1
                0x20000ed4       0xa0 build/timers.o
 .bss.xLastTime.2
                0x20000f74        0x4 build/timers.o
 .bss.xTimerTaskHandle
                0x20000f78        0x4 build/timers.o
 .bss.xTimerQueue
                0x20000f7c        0x4 build/timers.o
 .bss.pxOverflowTimerList
                0x20000f80        0x4 build/timers.o
 .bss.pxCurrentTimerList
                0x20000f84        0x4 build/timers.o
 .bss.xActiveTimerList2
                0x20000f88       0x14 build/timers.o
 .bss.xActiveTimerList1
                0x20000f9c       0x14 build/timers.o
 .bss.Timer_Stack.0
                0x20000fb0      0x400 build/cmsis_os2.o
 .bss.Timer_TCB.1
                0x200013b0       0x5c build/cmsis_os2.o
 .bss.Idle_Stack.2
                0x2000140c      0x200 build/cmsis_os2.o
 .bss.Idle_TCB.3
                0x2000160c       0x5c build/cmsis_os2.o
 .bss.KernelState
                0x20001668        0x4 build/cmsis_os2.o
 .bss.xBlockAllocatedBit
                0x2000166c        0x4 build/heap_4.o
 .bss.xNumberOfSuccessfulFrees
                0x20001670        0x4 build/heap_4.o
 .bss.xNumberOfSuccessfulAllocations
                0x20001674        0x4 build/heap_4.o
 .bss.xMinimumEverFreeBytesRemaining
                0x20001678        0x4 build/heap_4.o
 .bss.xFreeBytesRemaining
                0x2000167c        0x4 build/heap_4.o
 .bss.pxEnd     0x20001680        0x4 build/heap_4.o
 .bss.xStart    0x20001684        0x8 build/heap_4.o
 .bss.ucHeap    0x2000168c     0x3c00 build/heap_4.o
 .bss.ulMaxPRIGROUPValue
                0x2000528c        0x4 build/port.o
 .bss.ucMaxSysCallPriority
                0x20005290        0x1 build/port.o
 *fill*         0x20005291        0x3 
 .bss.chip_b_mode
                0x20005294        0x4 build/button.o
                0x20005294                chip_b_mode
 .bss.chip_select
                0x20005298        0x4 build/button.o
                0x20005298                chip_select
 .bss.rato_num_select
                0x2000529c        0x4 build/button.o
                0x2000529c                rato_num_select
 .bss.current_num_select
                0x200052a0        0x4 build/button.o
                0x200052a0                current_num_select
 .bss.ctrl_num  0x200052a4        0x6 build/button.o
                0x200052a4                ctrl_num
 *fill*         0x200052aa        0x2 
 .bss.ctrl_pid  0x200052ac        0x6 build/button.o
                0x200052ac                ctrl_pid
 *fill*         0x200052b2        0x2 
 .bss.pid_6     0x200052b4       0x3c build/button.o
                0x200052b4                pid_6
 .bss.pid_5     0x200052f0       0x3c build/button.o
                0x200052f0                pid_5
 .bss.pid_4     0x2000532c       0x3c build/button.o
                0x2000532c                pid_4
 .bss.pid_3     0x20005368       0x3c build/button.o
                0x20005368                pid_3
 .bss.pid_2     0x200053a4       0x3c build/button.o
                0x200053a4                pid_2
 .bss.pid_1     0x200053e0       0x3c build/button.o
                0x200053e0                pid_1
 .bss.temp_state
                0x2000541c        0x4 build/button.o
                0x2000541c                temp_state
 .bss.pwm_compare
                0x20005420        0x4 build/current_votage.o
                0x20005420                pwm_compare
 .bss.i_error   0x20005424        0x4 build/current_votage.o
                0x20005424                i_error
 .bss.iref      0x20005428        0x4 build/current_votage.o
                0x20005428                iref
 .bss.v_error   0x2000542c        0x4 build/current_votage.o
                0x2000542c                v_error
 .bss.angle     0x20005430        0x4 build/current_votage.o
                0x20005430                angle
 .bss.V_ref     0x20005434        0x4 build/current_votage.o
                0x20005434                V_ref
 .bss.count     0x20005438        0x4 build/current_votage.o
                0x20005438                count
 .bss.S_2       0x2000543c       0x24 build/current_votage.o
                0x2000543c                S_2
 .bss.S_1       0x20005460       0x24 build/current_votage.o
                0x20005460                S_1
 .bss.phase_pid_output
                0x20005484        0x4 build/current.o
                0x20005484                phase_pid_output
 .bss.angle_error
                0x20005488        0x4 build/current.o
                0x20005488                angle_error
 .bss.sineB     0x2000548c       0x84 build/current.o
                0x2000548c                sineB
 .bss.S_5       0x20005510       0x24 build/current.o
                0x20005510                S_5
 .bss.current_pid_result
                0x20005534        0x4 build/current.o
                0x20005534                current_pid_result
 .bss.I_error   0x20005538        0x4 build/current.o
                0x20005538                I_error
 .bss.I_target  0x2000553c        0x4 build/current.o
                0x2000553c                I_target
 .bss.real_I_ref
                0x20005540        0x4 build/current.o
                0x20005540                real_I_ref
 .bss.percentage
                0x20005544        0x4 build/current.o
                0x20005544                percentage
 .bss.rato      0x20005548        0x4 build/current.o
                0x20005548                rato
 .bss.I_ref     0x2000554c        0x4 build/current.o
                0x2000554c                I_ref
 .bss.angle_1   0x20005550        0x4 build/current.o
                0x20005550                angle_1
 .bss.count_1   0x20005554        0x4 build/current.o
                0x20005554                count_1
 .bss.sineA     0x20005558       0x84 build/current.o
                0x20005558                sineA
 .bss.S_3       0x200055dc       0x24 build/current.o
                0x200055dc                S_3
 .bss.square_buffer
                0x20005600        0x4 build/votage.o
                0x20005600                square_buffer
 .bss.temp_rato
                0x20005604        0x4 build/votage.o
                0x20005604                temp_rato
 .bss.debug_rate
                0x20005608        0x4 build/votage.o
                0x20005608                debug_rate
 .bss.debug_votage
                0x2000560c        0x4 build/votage.o
                0x2000560c                debug_votage
 .bss.PID_output
                0x20005610        0x4 build/votage.o
                0x20005610                PID_output
 .bss.V_error   0x20005614        0x4 build/votage.o
                0x20005614                V_error
 .bss.count_3   0x20005618        0x4 build/votage.o
                0x20005618                count_3
 .bss.S_4       0x2000561c       0x24 build/votage.o
                0x2000561c                S_4
 .bss.OLED_GRAM
                0x20005640      0x400 build/oled.o
                0x20005640                OLED_GRAM
 .bss.ADC3_Buf_f32
                0x20005a40       0x10 build/usercode.o
                0x20005a40                ADC3_Buf_f32
 .bss.ADC1_Buf_f32
                0x20005a50       0x10 build/usercode.o
                0x20005a50                ADC1_Buf_f32
 .bss.ADC3_Buf  0x20005a60        0x8 build/usercode.o
                0x20005a60                ADC3_Buf
 .bss.ADC1_Buf  0x20005a68        0x8 build/usercode.o
                0x20005a68                ADC1_Buf
 *(COMMON)
                0x20005a70                        . = ALIGN (0x4)
                0x20005a70                        _ebss = .
                0x20005a70                        __bss_end__ = _ebss

._user_heap_stack
                0x20005a70      0x600
                0x20005a70                        . = ALIGN (0x8)
                [!provide]                        PROVIDE (end = .)
                0x20005a70                        PROVIDE (_end = .)
                0x20005c70                        . = (. + _Min_Heap_Size)
 *fill*         0x20005a70      0x200 
                0x20006070                        . = (. + _Min_Stack_Size)
 *fill*         0x20005c70      0x400 
                0x20006070                        . = ALIGN (0x8)

/DISCARD/
 libc.a(*)
 libm.a(*)
 libgcc.a(*)

.ARM.attributes
                0x00000000       0x30
 *(.ARM.attributes)
 .ARM.attributes
                0x00000000       0x22 /Users/luban/.local/xPacks/arm-none-eabi-gcc/xpack-arm-none-eabi-gcc-13.2.1-1.1/bin/../lib/gcc/arm-none-eabi/13.2.1/thumb/v7e-m+fp/hard/crti.o
 .ARM.attributes
                0x00000022       0x34 /Users/luban/.local/xPacks/arm-none-eabi-gcc/xpack-arm-none-eabi-gcc-13.2.1-1.1/bin/../lib/gcc/arm-none-eabi/13.2.1/thumb/v7e-m+fp/hard/crtbegin.o
 .ARM.attributes
                0x00000056       0x34 build/main.o
 .ARM.attributes
                0x0000008a       0x34 build/gpio.o
 .ARM.attributes
                0x000000be       0x34 build/freertos.o
 .ARM.attributes
                0x000000f2       0x34 build/adc.o
 .ARM.attributes
                0x00000126       0x34 build/dma.o
 .ARM.attributes
                0x0000015a       0x34 build/tim.o
 .ARM.attributes
                0x0000018e       0x34 build/stm32f4xx_it.o
 .ARM.attributes
                0x000001c2       0x34 build/stm32f4xx_hal_msp.o
 .ARM.attributes
                0x000001f6       0x34 build/stm32f4xx_hal_timebase_tim.o
 .ARM.attributes
                0x0000022a       0x34 build/stm32f4xx_hal_adc.o
 .ARM.attributes
                0x0000025e       0x34 build/stm32f4xx_hal_rcc.o
 .ARM.attributes
                0x00000292       0x34 build/stm32f4xx_hal_gpio.o
 .ARM.attributes
                0x000002c6       0x34 build/stm32f4xx_hal_dma.o
 .ARM.attributes
                0x000002fa       0x34 build/stm32f4xx_hal_cortex.o
 .ARM.attributes
                0x0000032e       0x34 build/stm32f4xx_hal.o
 .ARM.attributes
                0x00000362       0x34 build/stm32f4xx_hal_tim.o
 .ARM.attributes
                0x00000396       0x34 build/stm32f4xx_hal_tim_ex.o
 .ARM.attributes
                0x000003ca       0x34 build/system_stm32f4xx.o
 .ARM.attributes
                0x000003fe       0x34 build/list.o
 .ARM.attributes
                0x00000432       0x34 build/queue.o
 .ARM.attributes
                0x00000466       0x34 build/tasks.o
 .ARM.attributes
                0x0000049a       0x34 build/timers.o
 .ARM.attributes
                0x000004ce       0x34 build/cmsis_os2.o
 .ARM.attributes
                0x00000502       0x34 build/heap_4.o
 .ARM.attributes
                0x00000536       0x34 build/port.o
 .ARM.attributes
                0x0000056a       0x34 build/button_display.o
 .ARM.attributes
                0x0000059e       0x34 build/button.o
 .ARM.attributes
                0x000005d2       0x34 build/current_votage.o
 .ARM.attributes
                0x00000606       0x34 build/current.o
 .ARM.attributes
                0x0000063a       0x34 build/votage.o
 .ARM.attributes
                0x0000066e       0x34 build/arm_common_tables.o
 .ARM.attributes
                0x000006a2       0x34 build/arm_pid_init_f32.o
 .ARM.attributes
                0x000006d6       0x34 build/arm_cos_f32.o
 .ARM.attributes
                0x0000070a       0x34 build/arm_sin_f32.o
 .ARM.attributes
                0x0000073e       0x34 build/customoled.o
 .ARM.attributes
                0x00000772       0x34 build/oled.o
 .ARM.attributes
                0x000007a6       0x34 build/sogi.o
 .ARM.attributes
                0x000007da       0x34 build/usercode.o
 .ARM.attributes
                0x0000080e       0x21 build/startup_stm32f407xx.o
 .ARM.attributes
                0x0000082f       0x34 /Users/luban/.local/xPacks/arm-none-eabi-gcc/xpack-arm-none-eabi-gcc-13.2.1-1.1/bin/../lib/gcc/arm-none-eabi/13.2.1/../../../../arm-none-eabi/lib/thumb/v7e-m+fp/hard/libc_nano.a(libc_a-memset.o)
 .ARM.attributes
                0x00000863       0x34 /Users/luban/.local/xPacks/arm-none-eabi-gcc/xpack-arm-none-eabi-gcc-13.2.1-1.1/bin/../lib/gcc/arm-none-eabi/13.2.1/../../../../arm-none-eabi/lib/thumb/v7e-m+fp/hard/libc_nano.a(libc_a-init.o)
 .ARM.attributes
                0x00000897       0x34 /Users/luban/.local/xPacks/arm-none-eabi-gcc/xpack-arm-none-eabi-gcc-13.2.1-1.1/bin/../lib/gcc/arm-none-eabi/13.2.1/../../../../arm-none-eabi/lib/thumb/v7e-m+fp/hard/libc_nano.a(libc_a-memcpy-stub.o)
 .ARM.attributes
                0x000008cb       0x22 /Users/luban/.local/xPacks/arm-none-eabi-gcc/xpack-arm-none-eabi-gcc-13.2.1-1.1/bin/../lib/gcc/arm-none-eabi/13.2.1/thumb/v7e-m+fp/hard/libgcc.a(_arm_addsubdf3.o)
 .ARM.attributes
                0x000008ed       0x22 /Users/luban/.local/xPacks/arm-none-eabi-gcc/xpack-arm-none-eabi-gcc-13.2.1-1.1/bin/../lib/gcc/arm-none-eabi/13.2.1/thumb/v7e-m+fp/hard/libgcc.a(_arm_muldivdf3.o)
 .ARM.attributes
                0x0000090f       0x22 /Users/luban/.local/xPacks/arm-none-eabi-gcc/xpack-arm-none-eabi-gcc-13.2.1-1.1/bin/../lib/gcc/arm-none-eabi/13.2.1/thumb/v7e-m+fp/hard/libgcc.a(_arm_cmpdf2.o)
 .ARM.attributes
                0x00000931       0x22 /Users/luban/.local/xPacks/arm-none-eabi-gcc/xpack-arm-none-eabi-gcc-13.2.1-1.1/bin/../lib/gcc/arm-none-eabi/13.2.1/thumb/v7e-m+fp/hard/libgcc.a(_arm_fixunsdfsi.o)
 .ARM.attributes
                0x00000953       0x22 /Users/luban/.local/xPacks/arm-none-eabi-gcc/xpack-arm-none-eabi-gcc-13.2.1-1.1/bin/../lib/gcc/arm-none-eabi/13.2.1/thumb/v7e-m+fp/hard/libgcc.a(_arm_truncdfsf2.o)
 .ARM.attributes
                0x00000975       0x22 /Users/luban/.local/xPacks/arm-none-eabi-gcc/xpack-arm-none-eabi-gcc-13.2.1-1.1/bin/../lib/gcc/arm-none-eabi/13.2.1/thumb/v7e-m+fp/hard/libgcc.a(_aeabi_uldivmod.o)
 .ARM.attributes
                0x00000997       0x34 /Users/luban/.local/xPacks/arm-none-eabi-gcc/xpack-arm-none-eabi-gcc-13.2.1-1.1/bin/../lib/gcc/arm-none-eabi/13.2.1/thumb/v7e-m+fp/hard/libgcc.a(_udivmoddi4.o)
 .ARM.attributes
                0x000009cb       0x22 /Users/luban/.local/xPacks/arm-none-eabi-gcc/xpack-arm-none-eabi-gcc-13.2.1-1.1/bin/../lib/gcc/arm-none-eabi/13.2.1/thumb/v7e-m+fp/hard/libgcc.a(_dvmd_tls.o)
 .ARM.attributes
                0x000009ed       0x22 /Users/luban/.local/xPacks/arm-none-eabi-gcc/xpack-arm-none-eabi-gcc-13.2.1-1.1/bin/../lib/gcc/arm-none-eabi/13.2.1/thumb/v7e-m+fp/hard/crtn.o
OUTPUT(build/CHIP_1.elf elf32-littlearm)
LOAD linker stubs
LOAD /Users/luban/.local/xPacks/arm-none-eabi-gcc/xpack-arm-none-eabi-gcc-13.2.1-1.1/bin/../lib/gcc/arm-none-eabi/13.2.1/../../../../arm-none-eabi/lib/thumb/v7e-m+fp/hard/libc.a
LOAD /Users/luban/.local/xPacks/arm-none-eabi-gcc/xpack-arm-none-eabi-gcc-13.2.1-1.1/bin/../lib/gcc/arm-none-eabi/13.2.1/../../../../arm-none-eabi/lib/thumb/v7e-m+fp/hard/libm.a
LOAD /Users/luban/.local/xPacks/arm-none-eabi-gcc/xpack-arm-none-eabi-gcc-13.2.1-1.1/bin/../lib/gcc/arm-none-eabi/13.2.1/thumb/v7e-m+fp/hard/libgcc.a

.comment        0x00000000       0x38
 .comment       0x00000000       0x38 /Users/luban/.local/xPacks/arm-none-eabi-gcc/xpack-arm-none-eabi-gcc-13.2.1-1.1/bin/../lib/gcc/arm-none-eabi/13.2.1/thumb/v7e-m+fp/hard/crtbegin.o
                                 0x39 (size before relaxing)
 .comment       0x00000038       0x39 build/main.o
 .comment       0x00000038       0x39 build/gpio.o
 .comment       0x00000038       0x39 build/freertos.o
 .comment       0x00000038       0x39 build/adc.o
 .comment       0x00000038       0x39 build/dma.o
 .comment       0x00000038       0x39 build/tim.o
 .comment       0x00000038       0x39 build/stm32f4xx_it.o
 .comment       0x00000038       0x39 build/stm32f4xx_hal_msp.o
 .comment       0x00000038       0x39 build/stm32f4xx_hal_timebase_tim.o
 .comment       0x00000038       0x39 build/stm32f4xx_hal_adc.o
 .comment       0x00000038       0x39 build/stm32f4xx_hal_rcc.o
 .comment       0x00000038       0x39 build/stm32f4xx_hal_gpio.o
 .comment       0x00000038       0x39 build/stm32f4xx_hal_dma.o
 .comment       0x00000038       0x39 build/stm32f4xx_hal_cortex.o
 .comment       0x00000038       0x39 build/stm32f4xx_hal.o
 .comment       0x00000038       0x39 build/stm32f4xx_hal_tim.o
 .comment       0x00000038       0x39 build/stm32f4xx_hal_tim_ex.o
 .comment       0x00000038       0x39 build/system_stm32f4xx.o
 .comment       0x00000038       0x39 build/list.o
 .comment       0x00000038       0x39 build/queue.o
 .comment       0x00000038       0x39 build/tasks.o
 .comment       0x00000038       0x39 build/timers.o
 .comment       0x00000038       0x39 build/cmsis_os2.o
 .comment       0x00000038       0x39 build/heap_4.o
 .comment       0x00000038       0x39 build/port.o
 .comment       0x00000038       0x39 build/button_display.o
 .comment       0x00000038       0x39 build/button.o
 .comment       0x00000038       0x39 build/current_votage.o
 .comment       0x00000038       0x39 build/current.o
 .comment       0x00000038       0x39 build/votage.o
 .comment       0x00000038       0x39 build/arm_common_tables.o
 .comment       0x00000038       0x39 build/arm_pid_init_f32.o
 .comment       0x00000038       0x39 build/arm_cos_f32.o
 .comment       0x00000038       0x39 build/arm_sin_f32.o
 .comment       0x00000038       0x39 build/customoled.o
 .comment       0x00000038       0x39 build/oled.o
 .comment       0x00000038       0x39 build/sogi.o
 .comment       0x00000038       0x39 build/usercode.o
 .comment       0x00000038       0x39 /Users/luban/.local/xPacks/arm-none-eabi-gcc/xpack-arm-none-eabi-gcc-13.2.1-1.1/bin/../lib/gcc/arm-none-eabi/13.2.1/../../../../arm-none-eabi/lib/thumb/v7e-m+fp/hard/libc_nano.a(libc_a-memset.o)
 .comment       0x00000038       0x39 /Users/luban/.local/xPacks/arm-none-eabi-gcc/xpack-arm-none-eabi-gcc-13.2.1-1.1/bin/../lib/gcc/arm-none-eabi/13.2.1/../../../../arm-none-eabi/lib/thumb/v7e-m+fp/hard/libc_nano.a(libc_a-init.o)
 .comment       0x00000038       0x39 /Users/luban/.local/xPacks/arm-none-eabi-gcc/xpack-arm-none-eabi-gcc-13.2.1-1.1/bin/../lib/gcc/arm-none-eabi/13.2.1/../../../../arm-none-eabi/lib/thumb/v7e-m+fp/hard/libc_nano.a(libc_a-memcpy-stub.o)
 .comment       0x00000038       0x39 /Users/luban/.local/xPacks/arm-none-eabi-gcc/xpack-arm-none-eabi-gcc-13.2.1-1.1/bin/../lib/gcc/arm-none-eabi/13.2.1/thumb/v7e-m+fp/hard/libgcc.a(_udivmoddi4.o)

.debug_info     0x00000000    0x267b6
 .debug_info    0x00000000      0xe57 build/main.o
 .debug_info    0x00000e57      0x650 build/gpio.o
 .debug_info    0x000014a7      0x407 build/freertos.o
 .debug_info    0x000018ae      0xf06 build/adc.o
 .debug_info    0x000027b4      0x59b build/dma.o
 .debug_info    0x00002d4f     0x1467 build/tim.o
 .debug_info    0x000041b6      0x860 build/stm32f4xx_it.o
 .debug_info    0x00004a16      0x55a build/stm32f4xx_hal_msp.o
 .debug_info    0x00004f70      0xde4 build/stm32f4xx_hal_timebase_tim.o
 .debug_info    0x00005d54     0x1045 build/stm32f4xx_hal_adc.o
 .debug_info    0x00006d99      0xc0a build/stm32f4xx_hal_rcc.o
 .debug_info    0x000079a3      0x848 build/stm32f4xx_hal_gpio.o
 .debug_info    0x000081eb      0xbce build/stm32f4xx_hal_dma.o
 .debug_info    0x00008db9     0x11e0 build/stm32f4xx_hal_cortex.o
 .debug_info    0x00009f99      0xafa build/stm32f4xx_hal.o
 .debug_info    0x0000aa93     0x41a0 build/stm32f4xx_hal_tim.o
 .debug_info    0x0000ec33     0x1da5 build/stm32f4xx_hal_tim_ex.o
 .debug_info    0x000109d8      0x5b3 build/system_stm32f4xx.o
 .debug_info    0x00010f8b      0x30f build/list.o
 .debug_info    0x0001129a     0x2a48 build/queue.o
 .debug_info    0x00013ce2     0x33ae build/tasks.o
 .debug_info    0x00017090     0x1d2b build/timers.o
 .debug_info    0x00018dbb     0x53ab build/cmsis_os2.o
 .debug_info    0x0001e166      0x60c build/heap_4.o
 .debug_info    0x0001e772      0x5c2 build/port.o
 .debug_info    0x0001ed34      0xc0d build/button_display.o
 .debug_info    0x0001f941     0x135f build/button.o
 .debug_info    0x00020ca0      0x8b9 build/current_votage.o
 .debug_info    0x00021559      0xf1e build/current.o
 .debug_info    0x00022477      0x8de build/votage.o
 .debug_info    0x00022d55      0xbce build/arm_common_tables.o
 .debug_info    0x00023923      0x1af build/arm_pid_init_f32.o
 .debug_info    0x00023ad2      0x1b8 build/arm_cos_f32.o
 .debug_info    0x00023c8a      0x1b8 build/arm_sin_f32.o
 .debug_info    0x00023e42      0x7cc build/customoled.o
 .debug_info    0x0002460e      0xaf2 build/oled.o
 .debug_info    0x00025100      0x438 build/sogi.o
 .debug_info    0x00025538     0x124e build/usercode.o
 .debug_info    0x00026786       0x30 build/startup_stm32f407xx.o

.debug_abbrev   0x00000000     0x5195
 .debug_abbrev  0x00000000      0x28e build/main.o
 .debug_abbrev  0x0000028e      0x160 build/gpio.o
 .debug_abbrev  0x000003ee      0x13b build/freertos.o
 .debug_abbrev  0x00000529      0x240 build/adc.o
 .debug_abbrev  0x00000769      0x12f build/dma.o
 .debug_abbrev  0x00000898      0x238 build/tim.o
 .debug_abbrev  0x00000ad0      0x17d build/stm32f4xx_it.o
 .debug_abbrev  0x00000c4d      0x122 build/stm32f4xx_hal_msp.o
 .debug_abbrev  0x00000d6f      0x22d build/stm32f4xx_hal_timebase_tim.o
 .debug_abbrev  0x00000f9c      0x2c7 build/stm32f4xx_hal_adc.o
 .debug_abbrev  0x00001263      0x2de build/stm32f4xx_hal_rcc.o
 .debug_abbrev  0x00001541      0x22b build/stm32f4xx_hal_gpio.o
 .debug_abbrev  0x0000176c      0x2fe build/stm32f4xx_hal_dma.o
 .debug_abbrev  0x00001a6a      0x3ca build/stm32f4xx_hal_cortex.o
 .debug_abbrev  0x00001e34      0x244 build/stm32f4xx_hal.o
 .debug_abbrev  0x00002078      0x2bd build/stm32f4xx_hal_tim.o
 .debug_abbrev  0x00002335      0x2b7 build/stm32f4xx_hal_tim_ex.o
 .debug_abbrev  0x000025ec      0x11b build/system_stm32f4xx.o
 .debug_abbrev  0x00002707      0x124 build/list.o
 .debug_abbrev  0x0000282b      0x431 build/queue.o
 .debug_abbrev  0x00002c5c      0x400 build/tasks.o
 .debug_abbrev  0x0000305c      0x3d4 build/timers.o
 .debug_abbrev  0x00003430      0x5db build/cmsis_os2.o
 .debug_abbrev  0x00003a0b      0x27a build/heap_4.o
 .debug_abbrev  0x00003c85      0x2af build/port.o
 .debug_abbrev  0x00003f34       0xf2 build/button_display.o
 .debug_abbrev  0x00004026      0x1c3 build/button.o
 .debug_abbrev  0x000041e9      0x1fe build/current_votage.o
 .debug_abbrev  0x000043e7      0x269 build/current.o
 .debug_abbrev  0x00004650      0x1d8 build/votage.o
 .debug_abbrev  0x00004828       0xa4 build/arm_common_tables.o
 .debug_abbrev  0x000048cc       0xf9 build/arm_pid_init_f32.o
 .debug_abbrev  0x000049c5       0xce build/arm_cos_f32.o
 .debug_abbrev  0x00004a93       0xce build/arm_sin_f32.o
 .debug_abbrev  0x00004b61      0x108 build/customoled.o
 .debug_abbrev  0x00004c69      0x18c build/oled.o
 .debug_abbrev  0x00004df5      0x175 build/sogi.o
 .debug_abbrev  0x00004f6a      0x20e build/usercode.o
 .debug_abbrev  0x00005178       0x1d build/startup_stm32f407xx.o

.debug_loc      0x00000000    0x1b544
 .debug_loc     0x00000000       0xd4 build/main.o
 .debug_loc     0x000000d4       0x39 build/gpio.o
 .debug_loc     0x0000010d       0x6b build/freertos.o
 .debug_loc     0x00000178      0x19a build/adc.o
 .debug_loc     0x00000312       0x38 build/dma.o
 .debug_loc     0x0000034a      0x21e build/tim.o
 .debug_loc     0x00000568       0x80 build/stm32f4xx_it.o
 .debug_loc     0x000005e8       0x38 build/stm32f4xx_hal_msp.o
 .debug_loc     0x00000620      0x15d build/stm32f4xx_hal_timebase_tim.o
 .debug_loc     0x0000077d      0xfda build/stm32f4xx_hal_adc.o
 .debug_loc     0x00001757      0x720 build/stm32f4xx_hal_rcc.o
 .debug_loc     0x00001e77      0x60b build/stm32f4xx_hal_gpio.o
 .debug_loc     0x00002482      0xe9a build/stm32f4xx_hal_dma.o
 .debug_loc     0x0000331c      0x8ff build/stm32f4xx_hal_cortex.o
 .debug_loc     0x00003c1b      0x1f9 build/stm32f4xx_hal.o
 .debug_loc     0x00003e14     0x6097 build/stm32f4xx_hal_tim.o
 .debug_loc     0x00009eab     0x22d2 build/stm32f4xx_hal_tim_ex.o
 .debug_loc     0x0000c17d      0x181 build/system_stm32f4xx.o
 .debug_loc     0x0000c2fe       0xeb build/list.o
 .debug_loc     0x0000c3e9     0x20d9 build/queue.o
 .debug_loc     0x0000e4c2     0x2bf5 build/tasks.o
 .debug_loc     0x000110b7     0x16fe build/timers.o
 .debug_loc     0x000127b5     0x6694 build/cmsis_os2.o
 .debug_loc     0x00018e49      0x51c build/heap_4.o
 .debug_loc     0x00019365      0x1c6 build/port.o
 .debug_loc     0x0001952b       0x7c build/button_display.o
 .debug_loc     0x000195a7      0x380 build/button.o
 .debug_loc     0x00019927      0x182 build/current_votage.o
 .debug_loc     0x00019aa9      0x30b build/current.o
 .debug_loc     0x00019db4      0x1ab build/votage.o
 .debug_loc     0x00019f5f      0x131 build/arm_cos_f32.o
 .debug_loc     0x0001a090      0x11d build/arm_sin_f32.o
 .debug_loc     0x0001a1ad      0x601 build/customoled.o
 .debug_loc     0x0001a7ae      0xa3a build/oled.o
 .debug_loc     0x0001b1e8      0x1f7 build/sogi.o
 .debug_loc     0x0001b3df      0x165 build/usercode.o

.debug_aranges  0x00000000     0x17c8
 .debug_aranges
                0x00000000       0x38 build/main.o
 .debug_aranges
                0x00000038       0x20 build/gpio.o
 .debug_aranges
                0x00000058       0x28 build/freertos.o
 .debug_aranges
                0x00000080       0x38 build/adc.o
 .debug_aranges
                0x000000b8       0x20 build/dma.o
 .debug_aranges
                0x000000d8       0x40 build/tim.o
 .debug_aranges
                0x00000118       0x68 build/stm32f4xx_it.o
 .debug_aranges
                0x00000180       0x20 build/stm32f4xx_hal_msp.o
 .debug_aranges
                0x000001a0       0x30 build/stm32f4xx_hal_timebase_tim.o
 .debug_aranges
                0x000001d0       0xe8 build/stm32f4xx_hal_adc.o
 .debug_aranges
                0x000002b8       0x88 build/stm32f4xx_hal_rcc.o
 .debug_aranges
                0x00000340       0x58 build/stm32f4xx_hal_gpio.o
 .debug_aranges
                0x00000398       0x90 build/stm32f4xx_hal_dma.o
 .debug_aranges
                0x00000428       0xf8 build/stm32f4xx_hal_cortex.o
 .debug_aranges
                0x00000520       0xf0 build/stm32f4xx_hal.o
 .debug_aranges
                0x00000610      0x3d0 build/stm32f4xx_hal_tim.o
 .debug_aranges
                0x000009e0      0x168 build/stm32f4xx_hal_tim_ex.o
 .debug_aranges
                0x00000b48       0x28 build/system_stm32f4xx.o
 .debug_aranges
                0x00000b70       0x40 build/list.o
 .debug_aranges
                0x00000bb0      0x158 build/queue.o
 .debug_aranges
                0x00000d08      0x208 build/tasks.o
 .debug_aranges
                0x00000f10       0xf0 build/timers.o
 .debug_aranges
                0x00001000      0x2a0 build/cmsis_os2.o
 .debug_aranges
                0x000012a0       0x58 build/heap_4.o
 .debug_aranges
                0x000012f8       0x80 build/port.o
 .debug_aranges
                0x00001378       0x28 build/button_display.o
 .debug_aranges
                0x000013a0      0x170 build/button.o
 .debug_aranges
                0x00001510       0x38 build/current_votage.o
 .debug_aranges